I0405 10:38:24.149733 138309521183360 training.py:316] step: 283000 | loss: 0.000000 | grad_norm_unclipped: 0.000033
I0405 10:41:10.168221 138309521183360 training.py:316] step: 284000 | loss: 0.000054 | grad_norm_unclipped: 0.000562
I0405 10:43:56.879831 138309521183360 training.py:316] step: 285000 | loss: 0.000002 | grad_norm_unclipped: 0.000038
I0405 10:46:42.564432 138309521183360 training.py:316] step: 286000 | loss: 0.000000 | grad_norm_unclipped: 0.000007
I0405 10:49:28.426146 138309521183360 training.py:316] step: 287000 | loss: 0.000000 | grad_norm_unclipped: 0.000006
I0405 10:52:14.563930 138309521183360 training.py:316] step: 288000 | loss: 0.000000 | grad_norm_unclipped: 0.000003
I0405 10:54:55.239908 138309521183360 training.py:316] step: 289000 | loss: 0.000000 | grad_norm_unclipped: 0.000003
I0405 10:57:34.183144 138309521183360 training.py:287] Checkpointing step 290000.
I0405 10:57:34.183425 138309521183360 checkpoint_manager.py:2013] [process=0][thread=MainThread][wait_until_finished] No Save Finalize thread to wait for. Returning.
I0405 10:57:34.184227 138309521183360 checkpoint_manager.py:1518] [process=0] Saving checkpoint at step 290000
I0405 10:57:34.184646 138309521183360 async_checkpointer.py:452] [process=0] Started async saving checkpoint to /content/drive/MyDrive/chess_vae_checkpoints/action_value/290000.
I0405 10:57:34.187031 138309521183360 future.py:363] [process=0][thread=MainThread][operation_id=30] _SignalingThread.join() waiting for signals ([<HandlerAwaitableSignal.STEP_DIRECTORY_CREATION: 'step_directory_creation'>, <HandlerAwaitableSignal.ITEM_DIRECTORY_CREATION: 'item_directory_creation'>]) blocking the main thread will slow down blocking save times. This is likely due to main thread calling result() on a CommitFuture.
I0405 10:57:34.187354 138255491212864 atomicity.py:137] Creating tmp directory /content/drive/MyDrive/chess_vae_checkpoints/action_value/290000.orbax-checkpoint-tmp
I0405 10:57:34.196961 138255558354496 atomicity.py:137] Creating tmp directory /content/drive/MyDrive/chess_vae_checkpoints/action_value/290000.orbax-checkpoint-tmp/data_iter.orbax-checkpoint-tmp
I0405 10:57:34.197254 138255558354496 atomicity.py:137] Creating tmp directory /content/drive/MyDrive/chess_vae_checkpoints/action_value/290000.orbax-checkpoint-tmp/params.orbax-checkpoint-tmp
I0405 10:57:34.197441 138255558354496 atomicity.py:137] Creating tmp directory /content/drive/MyDrive/chess_vae_checkpoints/action_value/290000.orbax-checkpoint-tmp/opt_state.orbax-checkpoint-tmp
I0405 10:57:34.197700 138255558354496 atomicity.py:137] Creating tmp directory /content/drive/MyDrive/chess_vae_checkpoints/action_value/290000.orbax-checkpoint-tmp/params_ema.orbax-checkpoint-tmp
I0405 10:57:34.266615 138309521183360 jax_array_handlers.py:358] Scheduling D2H of 259 prioritized jax.Array.
I0405 10:57:34.266722 138309521183360 replica_slices.py:424] Transferring arrays to host memory with options: use_replica_parallel=True, min_slice_bytes_for_replica_parallel=None, max_replicas_for_replica_parallel=None, enable_pinned_host_transfer=True
I0405 10:57:34.375051 138309521183360 base_pytree_checkpoint_handler.py:153] [process=0][thread=MainThread] Initiated "orbax.checkpoint._src.serialization.jax_array_handlers.ArrayHandler".serialize. Time taken: 0.109076s
I0405 10:57:34.382157 138309521183360 jax_array_handlers.py:358] Scheduling D2H of 129 prioritized jax.Array.
I0405 10:57:34.382268 138309521183360 replica_slices.py:424] Transferring arrays to host memory with options: use_replica_parallel=True, min_slice_bytes_for_replica_parallel=None, max_replicas_for_replica_parallel=None, enable_pinned_host_transfer=True
I0405 10:57:34.428751 138255843706432 array_metadata_store.py:203] [process=0][thread=array_type_handler] Wrote 259 array_metadata.ArrayMetadata to /content/drive/MyDrive/chess_vae_checkpoints/action_value/290000.orbax-checkpoint-tmp/opt_state.orbax-checkpoint-tmp/array_metadatas/process_0
I0405 10:57:34.588576 138309521183360 base_pytree_checkpoint_handler.py:153] [process=0][thread=MainThread] Initiated "orbax.checkpoint._src.serialization.jax_array_handlers.ArrayHandler".serialize. Time taken: 0.213365s
I0405 10:57:34.611736 138309521183360 jax_array_handlers.py:358] Scheduling D2H of 129 prioritized jax.Array.
I0405 10:57:34.613637 138309521183360 replica_slices.py:424] Transferring arrays to host memory with options: use_replica_parallel=True, min_slice_bytes_for_replica_parallel=None, max_replicas_for_replica_parallel=None, enable_pinned_host_transfer=True
I0405 10:57:34.826821 138255591925312 array_metadata_store.py:203] [process=0][thread=array_type_handler] Wrote 129 array_metadata.ArrayMetadata to /content/drive/MyDrive/chess_vae_checkpoints/action_value/290000.orbax-checkpoint-tmp/params.orbax-checkpoint-tmp/array_metadatas/process_0
I0405 10:57:34.988407 138309521183360 base_pytree_checkpoint_handler.py:153] [process=0][thread=MainThread] Initiated "orbax.checkpoint._src.serialization.jax_array_handlers.ArrayHandler".serialize. Time taken: 0.379175s
I0405 10:57:35.004203 138309521183360 base_pytree_checkpoint_handler.py:129] [process=0] /jax/checkpoint/write/blocking_gbytes_per_sec: 112.305 MiB/s (total gbytes: 87.1 MiB) (time elapsed: 0.7757461071014404 s) (per-host)
I0405 10:57:35.004540 138309521183360 base_pytree_checkpoint_handler.py:737] [process=0][thread=MainThread] Initiated Pytree async_save. Time taken: 0.776108s (batch_requests_ready=0.021806s, total_serialization_initiated=0.738340s, others=0.015962s)
I0405 10:57:35.006505 138309521183360 base_pytree_checkpoint_handler.py:129] [process=0] /jax/checkpoint/write/blocking_gbytes_per_sec: 56.813 MiB/s (total gbytes: 43.6 MiB) (time elapsed: 0.7667298316955566 s) (per-host)
I0405 10:57:35.006623 138309521183360 base_pytree_checkpoint_handler.py:737] [process=0][thread=MainThread] Initiated Pytree async_save. Time taken: 0.766865s (batch_requests_ready=0.021447s, total_serialization_initiated=0.743547s, others=0.001872s)
I0405 10:57:35.007335 138309521183360 base_pytree_checkpoint_handler.py:129] [process=0] /jax/checkpoint/write/blocking_gbytes_per_sec: 57.149 MiB/s (total gbytes: 43.6 MiB) (time elapsed: 0.7622132301330566 s) (per-host)
I0405 10:57:35.007432 138309521183360 base_pytree_checkpoint_handler.py:737] [process=0][thread=MainThread] Initiated Pytree async_save. Time taken: 0.762332s (batch_requests_ready=0.344148s, total_serialization_initiated=0.417556s, others=0.000628s)
I0405 10:57:35.007596 138309521183360 composite_checkpoint_handler.py:715] [process=0][thread=MainThread] Initiated CompositeCheckpointHandler.async_save. Time taken: 0.821664s (all_items=0.040762s, per_item={'data_iter': '0.04074454', 'opt_state': '0.00001216', 'params': '0.00000262', 'params_ema': '0.00000262'}, temp_paths=0.780902)
I0405 10:57:35.011078 138255701030464 async_checkpointer.py:79] [process=0][thread=async_save] Background save thread started.
I0405 10:57:35.011561 138309521183360 async_checkpointer.py:561] Finished blocking save. Time taken: 0.827233s. Continuing background save to /content/drive/MyDrive/chess_vae_checkpoints/action_value/290000.
I0405 10:57:35.011826 138309521183360 checkpoint_manager.py:1566] [process=0][thread=MainThread][step=290000] Starting CheckpointManager Save Finalize thread=save_finalize
I0405 10:57:35.012065 138255642281536 async_checkpointer.py:265] [process=0][thread=save_finalize] Waiting for background save thread=async_save.
I0405 10:57:35.012857 138309521183360 standard_logger.py:34] {'step': 290000, 'event_type': 'save', 'directory': '/content/drive/MyDrive/chess_vae_checkpoints/action_value', 'reached_preemption': False, 'preemption_received_at': None, 'synchronous': False, 'wait_for_prev_start_time': 1775386654.1833932, 'wait_for_prev_duration_secs': 8.130073547363281e-05, 'time_between_consecutive_saves_sec': 1646.3309235572815, 'checkpointer_blocking_start_time': 1775386654.184307, 'checkpointer_blocking_duration_secs': 0.8273406028747559, 'get_old_steps_start_time': 1775386655.0116646, 'get_old_steps_duration_secs': 0.00010180473327636719, 'checkpoint_manager_blocking_start_time': 1775386654.1833003, 'checkpoint_manager_blocking_duration_secs': 0.8295078277587891}
I0405 10:57:35.252699 138255558354496 array_metadata_store.py:203] [process=0][thread=array_type_handler] Wrote 129 array_metadata.ArrayMetadata to /content/drive/MyDrive/chess_vae_checkpoints/action_value/290000.orbax-checkpoint-tmp/params_ema.orbax-checkpoint-tmp/array_metadatas/process_0
I0405 10:57:35.355932 138255524783680 base_pytree_checkpoint_handler.py:1232] [process=0][thread=write_metadata_after_commits] Commit + Array metadata written. Time taken: 0.349504s (commit=0.329823s, array_metadata_write=0.019681s)
I0405 10:57:35.359203 138309521183360 training.py:316] step: 290000 | loss: 0.000000 | grad_norm_unclipped: 0.000002
I0405 10:57:35.528281 138255541569088 base_pytree_checkpoint_handler.py:1232] [process=0][thread=write_metadata_after_commits] Commit + Array metadata written. Time taken: 0.522236s (commit=0.351886s, array_metadata_write=0.170351s)
I0405 10:57:35.530755 138255701030464 base_pytree_checkpoint_handler.py:129] [process=0] /jax/checkpoint/write/gbytes_per_sec: 66.897 MiB/s (total gbytes: 87.1 MiB) (time elapsed: 1.3023111820220947 s) (per-host)
I0405 10:57:35.530934 138255701030464 base_pytree_checkpoint_handler.py:129] [process=0] /jax/checkpoint/write/gbytes_per_sec: 33.737 MiB/s (total gbytes: 43.6 MiB) (time elapsed: 1.2911760807037354 s) (per-host)
I0405 10:57:35.853780 138255507998272 base_pytree_checkpoint_handler.py:1232] [process=0][thread=write_metadata_after_commits] Commit + Array metadata written. Time taken: 0.844195s (commit=0.533168s, array_metadata_write=0.311028s)
I0405 10:57:35.855211 138255701030464 base_pytree_checkpoint_handler.py:129] [process=0] /jax/checkpoint/write/gbytes_per_sec: 27.055 MiB/s (total gbytes: 43.6 MiB) (time elapsed: 1.6100764274597168 s) (per-host)
I0405 10:57:35.855328 138255701030464 async_checkpointer.py:90] [process=0][thread=async_save] 5 Handler Commit operations completed. Time taken: 0.844155s.
I0405 10:57:36.004065 138255701030464 array_metadata_store.py:367] [process=0][thread=async_save] Skipped cross-host ArrayMetadata validation because only one process is found: process_index=0.
I0405 10:57:36.156008 138255701030464 base_pytree_checkpoint_handler.py:1356] [process=0][thread=async_save] Pytree save finalize (merge_ocdbt + ArrayMetadata validation) completed. Time taken: 0.296972s. use_zarr3=False, enable_post_merge_validation=True, directory=/content/drive/MyDrive/chess_vae_checkpoints/action_value/290000.orbax-checkpoint-tmp/params.orbax-checkpoint-tmp
I0405 10:57:36.157886 138255701030464 atomicity.py:480] Renaming /content/drive/MyDrive/chess_vae_checkpoints/action_value/290000.orbax-checkpoint-tmp/params.orbax-checkpoint-tmp to /content/drive/MyDrive/chess_vae_checkpoints/action_value/290000.orbax-checkpoint-tmp/params
I0405 10:57:36.165618 138255701030464 array_metadata_store.py:367] [process=0][thread=async_save] Skipped cross-host ArrayMetadata validation because only one process is found: process_index=0.
I0405 10:57:36.404269 138255701030464 base_pytree_checkpoint_handler.py:1356] [process=0][thread=async_save] Pytree save finalize (merge_ocdbt + ArrayMetadata validation) completed. Time taken: 0.243429s. use_zarr3=False, enable_post_merge_validation=True, directory=/content/drive/MyDrive/chess_vae_checkpoints/action_value/290000.orbax-checkpoint-tmp/params_ema.orbax-checkpoint-tmp
I0405 10:57:36.461083 138255701030464 atomicity.py:480] Renaming /content/drive/MyDrive/chess_vae_checkpoints/action_value/290000.orbax-checkpoint-tmp/params_ema.orbax-checkpoint-tmp to /content/drive/MyDrive/chess_vae_checkpoints/action_value/290000.orbax-checkpoint-tmp/params_ema
I0405 10:57:36.471119 138255701030464 array_metadata_store.py:367] [process=0][thread=async_save] Skipped cross-host ArrayMetadata validation because only one process is found: process_index=0.
I0405 10:57:36.572915 138255701030464 base_pytree_checkpoint_handler.py:1356] [process=0][thread=async_save] Pytree save finalize (merge_ocdbt + ArrayMetadata validation) completed. Time taken: 0.108679s. use_zarr3=False, enable_post_merge_validation=True, directory=/content/drive/MyDrive/chess_vae_checkpoints/action_value/290000.orbax-checkpoint-tmp/opt_state.orbax-checkpoint-tmp
I0405 10:57:36.617779 138255701030464 atomicity.py:480] Renaming /content/drive/MyDrive/chess_vae_checkpoints/action_value/290000.orbax-checkpoint-tmp/opt_state.orbax-checkpoint-tmp to /content/drive/MyDrive/chess_vae_checkpoints/action_value/290000.orbax-checkpoint-tmp/opt_state
I0405 10:57:36.620913 138255701030464 atomicity.py:480] Renaming /content/drive/MyDrive/chess_vae_checkpoints/action_value/290000.orbax-checkpoint-tmp/data_iter.orbax-checkpoint-tmp to /content/drive/MyDrive/chess_vae_checkpoints/action_value/290000.orbax-checkpoint-tmp/data_iter
I0405 10:57:36.623767 138255701030464 atomicity.py:480] Renaming /content/drive/MyDrive/chess_vae_checkpoints/action_value/290000.orbax-checkpoint-tmp to /content/drive/MyDrive/chess_vae_checkpoints/action_value/290000
I0405 10:57:36.769637 138255701030464 atomicity.py:790] [process=0][thread=async_save] Finished saving checkpoint (finalized tmp dir) to `/content/drive/MyDrive/chess_vae_checkpoints/action_value/290000`.
I0405 10:57:36.770304 138255701030464 async_checkpointer.py:420] Finished async_save (blocking + background). Time taken: 2.585976s. directory=/content/drive/MyDrive/chess_vae_checkpoints/action_value/290000
I0405 10:57:36.770429 138255701030464 async_checkpointer.py:144] [process=0][thread=async_save] Background save thread done. Time taken: 1.759260s.
I0405 10:57:36.770605 138255642281536 async_checkpointer.py:273] [process=0][thread=save_finalize] Done with waiting for background save thread=async_save.
I0405 10:57:36.770699 138255642281536 async_checkpointer.py:283] [process=0][thread=save_finalize] No errors found in background save thread=async_save.
I0405 10:57:37.537778 138255642281536 deleter.py:273] Deleted step 280000.
I0405 10:57:37.537923 138255642281536 checkpoint_manager.py:2133] [process=0][thread=save_finalize][step=290000] CheckpointManager Save Finalize is syncing with other hosts...
I0405 10:57:37.538003 138255642281536 checkpoint_manager.py:2142] [process=0][thread=save_finalize][step=290000] CheckpointManager Save Finalize is done on all hosts.
I0405 11:00:14.151617 138309521183360 training.py:316] step: 291000 | loss: 0.000000 | grad_norm_unclipped: 0.000001
I0405 11:02:52.070542 138309521183360 training.py:316] step: 292000 | loss: 0.000000 | grad_norm_unclipped: 0.000002
I0405 11:05:31.153153 138309521183360 training.py:316] step: 293000 | loss: 0.000000 | grad_norm_unclipped: 0.000001
I0405 11:08:10.597715 138309521183360 training.py:316] step: 294000 | loss: 0.000000 | grad_norm_unclipped: 0.000003
I0405 11:10:50.193897 138309521183360 training.py:316] step: 295000 | loss: 0.000000 | grad_norm_unclipped: 0.000004
I0405 11:13:28.326910 138309521183360 training.py:316] step: 296000 | loss: 0.000000 | grad_norm_unclipped: 0.000013
I0405 11:16:07.588676 138309521183360 training.py:316] step: 297000 | loss: 0.000000 | grad_norm_unclipped: 0.000022
I0405 11:18:46.664954 138309521183360 training.py:316] step: 298000 | loss: 0.000015 | grad_norm_unclipped: 0.000263
I0405 11:21:25.681467 138309521183360 training.py:316] step: 299000 | loss: 0.000001 | grad_norm_unclipped: 0.000021
I0405 11:24:05.176705 138309521183360 training.py:287] Checkpointing step 300000.
I0405 11:24:05.177016 138309521183360 checkpoint_manager.py:2013] [process=0][thread=MainThread][wait_until_finished] No Save Finalize thread to wait for. Returning.
I0405 11:24:05.177919 138309521183360 checkpoint_manager.py:1518] [process=0] Saving checkpoint at step 300000
I0405 11:24:05.178314 138309521183360 async_checkpointer.py:452] [process=0] Started async saving checkpoint to /content/drive/MyDrive/chess_vae_checkpoints/action_value/300000.
I0405 11:24:05.180963 138309521183360 future.py:363] [process=0][thread=MainThread][operation_id=31] _SignalingThread.join() waiting for signals ([<HandlerAwaitableSignal.STEP_DIRECTORY_CREATION: 'step_directory_creation'>, <HandlerAwaitableSignal.ITEM_DIRECTORY_CREATION: 'item_directory_creation'>]) blocking the main thread will slow down blocking save times. This is likely due to main thread calling result() on a CommitFuture.
I0405 11:24:05.181149 138255659066944 atomicity.py:137] Creating tmp directory /content/drive/MyDrive/chess_vae_checkpoints/action_value/300000.orbax-checkpoint-tmp
I0405 11:24:05.190168 138255625496128 atomicity.py:137] Creating tmp directory /content/drive/MyDrive/chess_vae_checkpoints/action_value/300000.orbax-checkpoint-tmp/data_iter.orbax-checkpoint-tmp
I0405 11:24:05.190440 138255625496128 atomicity.py:137] Creating tmp directory /content/drive/MyDrive/chess_vae_checkpoints/action_value/300000.orbax-checkpoint-tmp/params.orbax-checkpoint-tmp
I0405 11:24:05.190645 138255625496128 atomicity.py:137] Creating tmp directory /content/drive/MyDrive/chess_vae_checkpoints/action_value/300000.orbax-checkpoint-tmp/opt_state.orbax-checkpoint-tmp
I0405 11:24:05.191067 138255625496128 atomicity.py:137] Creating tmp directory /content/drive/MyDrive/chess_vae_checkpoints/action_value/300000.orbax-checkpoint-tmp/params_ema.orbax-checkpoint-tmp
I0405 11:24:05.240649 138309521183360 jax_array_handlers.py:358] Scheduling D2H of 129 prioritized jax.Array.
I0405 11:24:05.240755 138309521183360 replica_slices.py:424] Transferring arrays to host memory with options: use_replica_parallel=True, min_slice_bytes_for_replica_parallel=None, max_replicas_for_replica_parallel=None, enable_pinned_host_transfer=True
I0405 11:24:05.392580 138309521183360 base_pytree_checkpoint_handler.py:153] [process=0][thread=MainThread] Initiated "orbax.checkpoint._src.serialization.jax_array_handlers.ArrayHandler".serialize. Time taken: 0.152561s
I0405 11:24:05.428224 138309521183360 base_pytree_checkpoint_handler.py:129] [process=0] /jax/checkpoint/write/blocking_gbytes_per_sec: 213.927 MiB/s (total gbytes: 43.6 MiB) (time elapsed: 0.20362091064453125 s) (per-host)
I0405 11:24:05.428346 138309521183360 base_pytree_checkpoint_handler.py:737] [process=0][thread=MainThread] Initiated Pytree async_save. Time taken: 0.203772s (batch_requests_ready=0.010423s, total_serialization_initiated=0.192677s, others=0.000672s)
I0405 11:24:05.431988 138309521183360 jax_array_handlers.py:358] Scheduling D2H of 259 prioritized jax.Array.
I0405 11:24:05.432341 138309521183360 replica_slices.py:424] Transferring arrays to host memory with options: use_replica_parallel=True, min_slice_bytes_for_replica_parallel=None, max_replicas_for_replica_parallel=None, enable_pinned_host_transfer=True
I0405 11:24:05.448607 138255885669952 array_metadata_store.py:203] [process=0][thread=array_type_handler] Wrote 129 array_metadata.ArrayMetadata to /content/drive/MyDrive/chess_vae_checkpoints/action_value/300000.orbax-checkpoint-tmp/params.orbax-checkpoint-tmp/array_metadatas/process_0
I0405 11:24:05.623374 138309521183360 base_pytree_checkpoint_handler.py:153] [process=0][thread=MainThread] Initiated "orbax.checkpoint._src.serialization.jax_array_handlers.ArrayHandler".serialize. Time taken: 0.194901s
I0405 11:24:05.654671 138309521183360 jax_array_handlers.py:358] Scheduling D2H of 129 prioritized jax.Array.
I0405 11:24:05.654801 138309521183360 replica_slices.py:424] Transferring arrays to host memory with options: use_replica_parallel=True, min_slice_bytes_for_replica_parallel=None, max_replicas_for_replica_parallel=None, enable_pinned_host_transfer=True
I0405 11:24:05.685125 138255608710720 array_metadata_store.py:203] [process=0][thread=array_type_handler] Wrote 259 array_metadata.ArrayMetadata to /content/drive/MyDrive/chess_vae_checkpoints/action_value/300000.orbax-checkpoint-tmp/opt_state.orbax-checkpoint-tmp/array_metadatas/process_0
I0405 11:24:05.858364 138309521183360 base_pytree_checkpoint_handler.py:153] [process=0][thread=MainThread] Initiated "orbax.checkpoint._src.serialization.jax_array_handlers.ArrayHandler".serialize. Time taken: 0.204440s
I0405 11:24:05.859932 138309521183360 base_pytree_checkpoint_handler.py:129] [process=0] /jax/checkpoint/write/blocking_gbytes_per_sec: 134.277 MiB/s (total gbytes: 87.1 MiB) (time elapsed: 0.6488087177276611 s) (per-host)
I0405 11:24:05.863384 138309521183360 base_pytree_checkpoint_handler.py:737] [process=0][thread=MainThread] Initiated Pytree async_save. Time taken: 0.652265s (batch_requests_ready=0.198051s, total_serialization_initiated=0.449613s, others=0.004601s)
I0405 11:24:05.864373 138309521183360 base_pytree_checkpoint_handler.py:129] [process=0] /jax/checkpoint/write/blocking_gbytes_per_sec: 68.686 MiB/s (total gbytes: 43.6 MiB) (time elapsed: 0.6341867446899414 s) (per-host)
I0405 11:24:05.864503 138309521183360 base_pytree_checkpoint_handler.py:737] [process=0][thread=MainThread] Initiated Pytree async_save. Time taken: 0.634351s (batch_requests_ready=0.192672s, total_serialization_initiated=0.440841s, others=0.000839s)
I0405 11:24:05.864734 138309521183360 composite_checkpoint_handler.py:715] [process=0][thread=MainThread] Initiated CompositeCheckpointHandler.async_save. Time taken: 0.685060s (all_items=0.029200s, per_item={'data_iter': '0.02918053', 'opt_state': '0.00001335', 'params': '0.00000334', 'params_ema': '0.00000262'}, temp_paths=0.655860)
I0405 11:24:05.879474 138255524783680 async_checkpointer.py:79] [process=0][thread=async_save] Background save thread started.
I0405 11:24:05.879815 138309521183360 async_checkpointer.py:561] Finished blocking save. Time taken: 0.701800s. Continuing background save to /content/drive/MyDrive/chess_vae_checkpoints/action_value/300000.
I0405 11:24:05.880172 138309521183360 checkpoint_manager.py:1566] [process=0][thread=MainThread][step=300000] Starting CheckpointManager Save Finalize thread=save_finalize
I0405 11:24:05.880743 138255516390976 async_checkpointer.py:265] [process=0][thread=save_finalize] Waiting for background save thread=async_save.
I0405 11:24:05.881192 138309521183360 standard_logger.py:34] {'step': 300000, 'event_type': 'save', 'directory': '/content/drive/MyDrive/chess_vae_checkpoints/action_value', 'reached_preemption': False, 'preemption_received_at': None, 'synchronous': False, 'wait_for_prev_start_time': 1775388245.1769805, 'wait_for_prev_duration_secs': 9.441375732421875e-05, 'time_between_consecutive_saves_sec': 1587.6389384269714, 'checkpointer_blocking_start_time': 1775388245.1779847, 'checkpointer_blocking_duration_secs': 0.701984167098999, 'get_old_steps_start_time': 1775388245.8799903, 'get_old_steps_duration_secs': 0.0001087188720703125, 'checkpoint_manager_blocking_start_time': 1775388245.1768885, 'checkpoint_manager_blocking_duration_secs': 0.7042691707611084}
I0405 11:24:06.213552 138255558354496 array_metadata_store.py:203] [process=0][thread=array_type_handler] Wrote 129 array_metadata.ArrayMetadata to /content/drive/MyDrive/chess_vae_checkpoints/action_value/300000.orbax-checkpoint-tmp/params_ema.orbax-checkpoint-tmp/array_metadatas/process_0
I0405 11:24:06.323187 138255701030464 base_pytree_checkpoint_handler.py:1232] [process=0][thread=write_metadata_after_commits] Commit + Array metadata written. Time taken: 0.893773s (commit=0.863667s, array_metadata_write=0.030106s)
I0405 11:24:06.394543 138309521183360 training.py:316] step: 300000 | loss: 0.000002 | grad_norm_unclipped: 0.000026
I0405 11:24:06.694288 138255533176384 base_pytree_checkpoint_handler.py:1232] [process=0][thread=write_metadata_after_commits] Commit + Array metadata written. Time taken: 0.824672s (commit=0.706445s, array_metadata_write=0.118227s)
I0405 11:24:06.922341 138255541569088 base_pytree_checkpoint_handler.py:1232] [process=0][thread=write_metadata_after_commits] Commit + Array metadata written. Time taken: 1.063123s (commit=0.890081s, array_metadata_write=0.173042s)
I0405 11:24:06.923641 138255524783680 base_pytree_checkpoint_handler.py:129] [process=0] /jax/checkpoint/write/gbytes_per_sec: 50.873 MiB/s (total gbytes: 87.1 MiB) (time elapsed: 1.7125144004821777 s) (per-host)
I0405 11:24:06.923782 138255524783680 base_pytree_checkpoint_handler.py:129] [process=0] /jax/checkpoint/write/gbytes_per_sec: 25.636 MiB/s (total gbytes: 43.6 MiB) (time elapsed: 1.699202537536621 s) (per-host)
I0405 11:24:06.923898 138255524783680 base_pytree_checkpoint_handler.py:129] [process=0] /jax/checkpoint/write/gbytes_per_sec: 25.718 MiB/s (total gbytes: 43.6 MiB) (time elapsed: 1.693753719329834 s) (per-host)
I0405 11:24:06.923962 138255524783680 async_checkpointer.py:90] [process=0][thread=async_save] 5 Handler Commit operations completed. Time taken: 1.044382s.
I0405 11:24:07.068581 138255524783680 array_metadata_store.py:367] [process=0][thread=async_save] Skipped cross-host ArrayMetadata validation because only one process is found: process_index=0.
I0405 11:24:07.205709 138255524783680 base_pytree_checkpoint_handler.py:1356] [process=0][thread=async_save] Pytree save finalize (merge_ocdbt + ArrayMetadata validation) completed. Time taken: 0.146050s. use_zarr3=False, enable_post_merge_validation=True, directory=/content/drive/MyDrive/chess_vae_checkpoints/action_value/300000.orbax-checkpoint-tmp/params.orbax-checkpoint-tmp
I0405 11:24:07.210279 138255524783680 atomicity.py:480] Renaming /content/drive/MyDrive/chess_vae_checkpoints/action_value/300000.orbax-checkpoint-tmp/params.orbax-checkpoint-tmp to /content/drive/MyDrive/chess_vae_checkpoints/action_value/300000.orbax-checkpoint-tmp/params
I0405 11:24:07.217633 138255524783680 array_metadata_store.py:367] [process=0][thread=async_save] Skipped cross-host ArrayMetadata validation because only one process is found: process_index=0.
I0405 11:24:07.283969 138255524783680 base_pytree_checkpoint_handler.py:1356] [process=0][thread=async_save] Pytree save finalize (merge_ocdbt + ArrayMetadata validation) completed. Time taken: 0.070891s. use_zarr3=False, enable_post_merge_validation=True, directory=/content/drive/MyDrive/chess_vae_checkpoints/action_value/300000.orbax-checkpoint-tmp/params_ema.orbax-checkpoint-tmp
I0405 11:24:07.353821 138255524783680 atomicity.py:480] Renaming /content/drive/MyDrive/chess_vae_checkpoints/action_value/300000.orbax-checkpoint-tmp/params_ema.orbax-checkpoint-tmp to /content/drive/MyDrive/chess_vae_checkpoints/action_value/300000.orbax-checkpoint-tmp/params_ema
I0405 11:24:07.360902 138255524783680 array_metadata_store.py:367] [process=0][thread=async_save] Skipped cross-host ArrayMetadata validation because only one process is found: process_index=0.
I0405 11:24:07.574369 138255524783680 base_pytree_checkpoint_handler.py:1356] [process=0][thread=async_save] Pytree save finalize (merge_ocdbt + ArrayMetadata validation) completed. Time taken: 0.218008s. use_zarr3=False, enable_post_merge_validation=True, directory=/content/drive/MyDrive/chess_vae_checkpoints/action_value/300000.orbax-checkpoint-tmp/opt_state.orbax-checkpoint-tmp
I0405 11:24:07.648576 138255524783680 atomicity.py:480] Renaming /content/drive/MyDrive/chess_vae_checkpoints/action_value/300000.orbax-checkpoint-tmp/opt_state.orbax-checkpoint-tmp to /content/drive/MyDrive/chess_vae_checkpoints/action_value/300000.orbax-checkpoint-tmp/opt_state
I0405 11:24:07.651306 138255524783680 atomicity.py:480] Renaming /content/drive/MyDrive/chess_vae_checkpoints/action_value/300000.orbax-checkpoint-tmp/data_iter.orbax-checkpoint-tmp to /content/drive/MyDrive/chess_vae_checkpoints/action_value/300000.orbax-checkpoint-tmp/data_iter
I0405 11:24:07.653798 138255524783680 atomicity.py:480] Renaming /content/drive/MyDrive/chess_vae_checkpoints/action_value/300000.orbax-checkpoint-tmp to /content/drive/MyDrive/chess_vae_checkpoints/action_value/300000
I0405 11:24:07.791928 138255524783680 atomicity.py:790] [process=0][thread=async_save] Finished saving checkpoint (finalized tmp dir) to `/content/drive/MyDrive/chess_vae_checkpoints/action_value/300000`.
I0405 11:24:07.792551 138255524783680 async_checkpointer.py:420] Finished async_save (blocking + background). Time taken: 2.614546s. directory=/content/drive/MyDrive/chess_vae_checkpoints/action_value/300000
I0405 11:24:07.792677 138255524783680 async_checkpointer.py:144] [process=0][thread=async_save] Background save thread done. Time taken: 1.913100s.
I0405 11:24:07.792860 138255516390976 async_checkpointer.py:273] [process=0][thread=save_finalize] Done with waiting for background save thread=async_save.
I0405 11:24:07.792956 138255516390976 async_checkpointer.py:283] [process=0][thread=save_finalize] No errors found in background save thread=async_save.
I0405 11:24:08.695636 138255516390976 deleter.py:273] Deleted step 290000.
I0405 11:24:08.695766 138255516390976 checkpoint_manager.py:2133] [process=0][thread=save_finalize][step=300000] CheckpointManager Save Finalize is syncing with other hosts...
I0405 11:24:08.695855 138255516390976 checkpoint_manager.py:2142] [process=0][thread=save_finalize][step=300000] CheckpointManager Save Finalize is done on all hosts.
I0405 11:26:45.212151 138309521183360 training.py:316] step: 301000 | loss: 0.000003 | grad_norm_unclipped: 0.000098
I0405 11:29:24.119019 138309521183360 training.py:316] step: 302000 | loss: 0.000006 | grad_norm_unclipped: 0.000050
I0405 11:32:01.787404 138309521183360 training.py:316] step: 303000 | loss: 0.000000 | grad_norm_unclipped: 0.000016
I0405 11:34:40.666409 138309521183360 training.py:316] step: 304000 | loss: 0.000000 | grad_norm_unclipped: 0.000005
I0405 11:37:20.116488 138309521183360 training.py:316] step: 305000 | loss: 0.000000 | grad_norm_unclipped: 0.000003
I0405 11:40:00.050463 138309521183360 training.py:316] step: 306000 | loss: 0.000000 | grad_norm_unclipped: 0.000002
I0405 11:42:37.120600 138309521183360 training.py:316] step: 307000 | loss: 0.000204 | grad_norm_unclipped: 0.002248
I0405 11:45:15.729907 138309521183360 training.py:316] step: 308000 | loss: 0.000002 | grad_norm_unclipped: 0.000028
I0405 11:47:54.658314 138309521183360 training.py:316] step: 309000 | loss: 0.000001 | grad_norm_unclipped: 0.000012
I0405 11:50:32.685569 138309521183360 training.py:287] Checkpointing step 310000.
I0405 11:50:32.685857 138309521183360 checkpoint_manager.py:2013] [process=0][thread=MainThread][wait_until_finished] No Save Finalize thread to wait for. Returning.
I0405 11:50:32.686636 138309521183360 checkpoint_manager.py:1518] [process=0] Saving checkpoint at step 310000
I0405 11:50:32.687064 138309521183360 async_checkpointer.py:452] [process=0] Started async saving checkpoint to /content/drive/MyDrive/chess_vae_checkpoints/action_value/310000.
I0405 11:50:32.689444 138309521183360 future.py:363] [process=0][thread=MainThread][operation_id=32] _SignalingThread.join() waiting for signals ([<HandlerAwaitableSignal.STEP_DIRECTORY_CREATION: 'step_directory_creation'>, <HandlerAwaitableSignal.ITEM_DIRECTORY_CREATION: 'item_directory_creation'>]) blocking the main thread will slow down blocking save times. This is likely due to main thread calling result() on a CommitFuture.
I0405 11:50:32.689670 138255650674240 atomicity.py:137] Creating tmp directory /content/drive/MyDrive/chess_vae_checkpoints/action_value/310000.orbax-checkpoint-tmp
I0405 11:50:32.698684 138255826921024 atomicity.py:137] Creating tmp directory /content/drive/MyDrive/chess_vae_checkpoints/action_value/310000.orbax-checkpoint-tmp/data_iter.orbax-checkpoint-tmp
I0405 11:50:32.699040 138255826921024 atomicity.py:137] Creating tmp directory /content/drive/MyDrive/chess_vae_checkpoints/action_value/310000.orbax-checkpoint-tmp/params.orbax-checkpoint-tmp
I0405 11:50:32.699188 138255826921024 atomicity.py:137] Creating tmp directory /content/drive/MyDrive/chess_vae_checkpoints/action_value/310000.orbax-checkpoint-tmp/params_ema.orbax-checkpoint-tmp
I0405 11:50:32.699274 138255826921024 atomicity.py:137] Creating tmp directory /content/drive/MyDrive/chess_vae_checkpoints/action_value/310000.orbax-checkpoint-tmp/opt_state.orbax-checkpoint-tmp
I0405 11:50:32.747500 138309521183360 jax_array_handlers.py:358] Scheduling D2H of 129 prioritized jax.Array.
I0405 11:50:32.747645 138309521183360 replica_slices.py:424] Transferring arrays to host memory with options: use_replica_parallel=True, min_slice_bytes_for_replica_parallel=None, max_replicas_for_replica_parallel=None, enable_pinned_host_transfer=True
I0405 11:50:32.853679 138309521183360 base_pytree_checkpoint_handler.py:153] [process=0][thread=MainThread] Initiated "orbax.checkpoint._src.serialization.jax_array_handlers.ArrayHandler".serialize. Time taken: 0.106647s
I0405 11:50:32.876337 138309521183360 jax_array_handlers.py:358] Scheduling D2H of 129 prioritized jax.Array.
I0405 11:50:32.876582 138309521183360 replica_slices.py:424] Transferring arrays to host memory with options: use_replica_parallel=True, min_slice_bytes_for_replica_parallel=None, max_replicas_for_replica_parallel=None, enable_pinned_host_transfer=True
I0405 11:50:32.896234 138255826921024 array_metadata_store.py:203] [process=0][thread=array_type_handler] Wrote 129 array_metadata.ArrayMetadata to /content/drive/MyDrive/chess_vae_checkpoints/action_value/310000.orbax-checkpoint-tmp/params.orbax-checkpoint-tmp/array_metadatas/process_0
I0405 11:50:32.964978 138309521183360 base_pytree_checkpoint_handler.py:153] [process=0][thread=MainThread] Initiated "orbax.checkpoint._src.serialization.jax_array_handlers.ArrayHandler".serialize. Time taken: 0.098091s
I0405 11:50:32.988339 138309521183360 base_pytree_checkpoint_handler.py:129] [process=0] /jax/checkpoint/write/blocking_gbytes_per_sec: 169.378 MiB/s (total gbytes: 43.6 MiB) (time elapsed: 0.25717639923095703 s) (per-host)
I0405 11:50:32.988457 138309521183360 base_pytree_checkpoint_handler.py:737] [process=0][thread=MainThread] Initiated Pytree async_save. Time taken: 0.257322s (batch_requests_ready=0.010582s, total_serialization_initiated=0.244603s, others=0.002137s)
I0405 11:50:32.990666 138309521183360 jax_array_handlers.py:358] Scheduling D2H of 259 prioritized jax.Array.
I0405 11:50:32.991917 138309521183360 replica_slices.py:424] Transferring arrays to host memory with options: use_replica_parallel=True, min_slice_bytes_for_replica_parallel=None, max_replicas_for_replica_parallel=None, enable_pinned_host_transfer=True
I0405 11:50:33.029712 138255642281536 array_metadata_store.py:203] [process=0][thread=array_type_handler] Wrote 129 array_metadata.ArrayMetadata to /content/drive/MyDrive/chess_vae_checkpoints/action_value/310000.orbax-checkpoint-tmp/params_ema.orbax-checkpoint-tmp/array_metadatas/process_0
I0405 11:50:33.253935 138309521183360 base_pytree_checkpoint_handler.py:153] [process=0][thread=MainThread] Initiated "orbax.checkpoint._src.serialization.jax_array_handlers.ArrayHandler".serialize. Time taken: 0.264521s
I0405 11:50:33.254776 138309521183360 base_pytree_checkpoint_handler.py:129] [process=0] /jax/checkpoint/write/blocking_gbytes_per_sec: 84.084 MiB/s (total gbytes: 43.6 MiB) (time elapsed: 0.518054723739624 s) (per-host)
I0405 11:50:33.254919 138309521183360 base_pytree_checkpoint_handler.py:737] [process=0][thread=MainThread] Initiated Pytree async_save. Time taken: 0.518217s (batch_requests_ready=0.117152s, total_serialization_initiated=0.400265s, others=0.000799s)
I0405 11:50:33.281548 138309521183360 base_pytree_checkpoint_handler.py:129] [process=0] /jax/checkpoint/write/blocking_gbytes_per_sec: 155.158 MiB/s (total gbytes: 87.1 MiB) (time elapsed: 0.5614924430847168 s) (per-host)
I0405 11:50:33.281672 138309521183360 base_pytree_checkpoint_handler.py:737] [process=0][thread=MainThread] Initiated Pytree async_save. Time taken: 0.561649s (batch_requests_ready=0.245968s, total_serialization_initiated=0.289100s, others=0.026582s)
I0405 11:50:33.281937 138309521183360 composite_checkpoint_handler.py:715] [process=0][thread=MainThread] Initiated CompositeCheckpointHandler.async_save. Time taken: 0.593593s (all_items=0.028732s, per_item={'data_iter': '0.02870774', 'opt_state': '0.00001550', 'params': '0.00000501', 'params_ema': '0.00000381'}, temp_paths=0.564861)
I0405 11:50:33.285098 138255491212864 async_checkpointer.py:79] [process=0][thread=async_save] Background save thread started.
I0405 11:50:33.285266 138309521183360 async_checkpointer.py:561] Finished blocking save. Time taken: 0.598528s. Continuing background save to /content/drive/MyDrive/chess_vae_checkpoints/action_value/310000.
I0405 11:50:33.285835 138309521183360 checkpoint_manager.py:1566] [process=0][thread=MainThread][step=310000] Starting CheckpointManager Save Finalize thread=save_finalize
I0405 11:50:33.286100 138255885669952 async_checkpointer.py:265] [process=0][thread=save_finalize] Waiting for background save thread=async_save.
I0405 11:50:33.286253 138309521183360 standard_logger.py:34] {'step': 310000, 'event_type': 'save', 'directory': '/content/drive/MyDrive/chess_vae_checkpoints/action_value', 'reached_preemption': False, 'preemption_received_at': None, 'synchronous': False, 'wait_for_prev_start_time': 1775389832.6858084, 'wait_for_prev_duration_secs': 0.00010418891906738281, 'time_between_consecutive_saves_sec': 1583.9899048805237, 'checkpointer_blocking_start_time': 1775389832.6867135, 'checkpointer_blocking_duration_secs': 0.5989487171173096, 'get_old_steps_start_time': 1775389833.2856817, 'get_old_steps_duration_secs': 9.512901306152344e-05, 'checkpoint_manager_blocking_start_time': 1775389832.6857197, 'checkpoint_manager_blocking_duration_secs': 0.6004974842071533}
I0405 11:50:33.484416 138255717815872 array_metadata_store.py:203] [process=0][thread=array_type_handler] Wrote 259 array_metadata.ArrayMetadata to /content/drive/MyDrive/chess_vae_checkpoints/action_value/310000.orbax-checkpoint-tmp/opt_state.orbax-checkpoint-tmp/array_metadatas/process_0
I0405 11:50:33.616500 138255566747200 base_pytree_checkpoint_handler.py:1232] [process=0][thread=write_metadata_after_commits] Commit + Array metadata written. Time taken: 0.627851s (commit=0.605144s, array_metadata_write=0.022707s)
I0405 11:50:33.626471 138255524783680 base_pytree_checkpoint_handler.py:1232] [process=0][thread=write_metadata_after_commits] Commit + Array metadata written. Time taken: 0.371896s (commit=0.351461s, array_metadata_write=0.020435s)
I0405 11:50:33.659106 138309521183360 training.py:316] step: 310000 | loss: 0.000000 | grad_norm_unclipped: 0.000008
I0405 11:50:34.463777 138255507998272 base_pytree_checkpoint_handler.py:1232] [process=0][thread=write_metadata_after_commits] Commit + Array metadata written. Time taken: 1.182319s (commit=0.726853s, array_metadata_write=0.455466s)
I0405 11:50:34.466295 138255491212864 base_pytree_checkpoint_handler.py:129] [process=0] /jax/checkpoint/write/gbytes_per_sec: 49.890 MiB/s (total gbytes: 87.1 MiB) (time elapsed: 1.7462451457977295 s) (per-host)
I0405 11:50:34.466423 138255491212864 base_pytree_checkpoint_handler.py:129] [process=0] /jax/checkpoint/write/gbytes_per_sec: 25.102 MiB/s (total gbytes: 43.6 MiB) (time elapsed: 1.7352893352508545 s) (per-host)
I0405 11:50:34.466494 138255491212864 base_pytree_checkpoint_handler.py:129] [process=0] /jax/checkpoint/write/gbytes_per_sec: 25.182 MiB/s (total gbytes: 43.6 MiB) (time elapsed: 1.7297966480255127 s) (per-host)
I0405 11:50:34.466541 138255491212864 async_checkpointer.py:90] [process=0][thread=async_save] 5 Handler Commit operations completed. Time taken: 1.181198s.
I0405 11:50:34.476344 138255491212864 array_metadata_store.py:367] [process=0][thread=async_save] Skipped cross-host ArrayMetadata validation because only one process is found: process_index=0.
I0405 11:50:34.663474 138255491212864 base_pytree_checkpoint_handler.py:1356] [process=0][thread=async_save] Pytree save finalize (merge_ocdbt + ArrayMetadata validation) completed. Time taken: 0.194026s. use_zarr3=False, enable_post_merge_validation=True, directory=/content/drive/MyDrive/chess_vae_checkpoints/action_value/310000.orbax-checkpoint-tmp/params.orbax-checkpoint-tmp
I0405 11:50:34.756467 138255491212864 atomicity.py:480] Renaming /content/drive/MyDrive/chess_vae_checkpoints/action_value/310000.orbax-checkpoint-tmp/params.orbax-checkpoint-tmp to /content/drive/MyDrive/chess_vae_checkpoints/action_value/310000.orbax-checkpoint-tmp/params
I0405 11:50:34.764176 138255491212864 array_metadata_store.py:367] [process=0][thread=async_save] Skipped cross-host ArrayMetadata validation because only one process is found: process_index=0.
I0405 11:50:34.853546 138255491212864 base_pytree_checkpoint_handler.py:1356] [process=0][thread=async_save] Pytree save finalize (merge_ocdbt + ArrayMetadata validation) completed. Time taken: 0.093594s. use_zarr3=False, enable_post_merge_validation=True, directory=/content/drive/MyDrive/chess_vae_checkpoints/action_value/310000.orbax-checkpoint-tmp/params_ema.orbax-checkpoint-tmp
I0405 11:50:34.904175 138255491212864 atomicity.py:480] Renaming /content/drive/MyDrive/chess_vae_checkpoints/action_value/310000.orbax-checkpoint-tmp/params_ema.orbax-checkpoint-tmp to /content/drive/MyDrive/chess_vae_checkpoints/action_value/310000.orbax-checkpoint-tmp/params_ema
I0405 11:50:34.913180 138255491212864 array_metadata_store.py:367] [process=0][thread=async_save] Skipped cross-host ArrayMetadata validation because only one process is found: process_index=0.
I0405 11:50:35.125342 138255491212864 base_pytree_checkpoint_handler.py:1356] [process=0][thread=async_save] Pytree save finalize (merge_ocdbt + ArrayMetadata validation) completed. Time taken: 0.217468s. use_zarr3=False, enable_post_merge_validation=True, directory=/content/drive/MyDrive/chess_vae_checkpoints/action_value/310000.orbax-checkpoint-tmp/opt_state.orbax-checkpoint-tmp
I0405 11:50:35.199926 138255491212864 atomicity.py:480] Renaming /content/drive/MyDrive/chess_vae_checkpoints/action_value/310000.orbax-checkpoint-tmp/opt_state.orbax-checkpoint-tmp to /content/drive/MyDrive/chess_vae_checkpoints/action_value/310000.orbax-checkpoint-tmp/opt_state
I0405 11:50:35.202641 138255491212864 atomicity.py:480] Renaming /content/drive/MyDrive/chess_vae_checkpoints/action_value/310000.orbax-checkpoint-tmp/data_iter.orbax-checkpoint-tmp to /content/drive/MyDrive/chess_vae_checkpoints/action_value/310000.orbax-checkpoint-tmp/data_iter
I0405 11:50:35.205093 138255491212864 atomicity.py:480] Renaming /content/drive/MyDrive/chess_vae_checkpoints/action_value/310000.orbax-checkpoint-tmp to /content/drive/MyDrive/chess_vae_checkpoints/action_value/310000
I0405 11:50:35.341601 138255491212864 atomicity.py:790] [process=0][thread=async_save] Finished saving checkpoint (finalized tmp dir) to `/content/drive/MyDrive/chess_vae_checkpoints/action_value/310000`.
I0405 11:50:35.342252 138255491212864 async_checkpointer.py:420] Finished async_save (blocking + background). Time taken: 2.655520s. directory=/content/drive/MyDrive/chess_vae_checkpoints/action_value/310000
I0405 11:50:35.342372 138255491212864 async_checkpointer.py:144] [process=0][thread=async_save] Background save thread done. Time taken: 2.057027s.
I0405 11:50:35.342548 138255885669952 async_checkpointer.py:273] [process=0][thread=save_finalize] Done with waiting for background save thread=async_save.
I0405 11:50:35.342642 138255885669952 async_checkpointer.py:283] [process=0][thread=save_finalize] No errors found in background save thread=async_save.
I0405 11:50:35.342704 138255885669952 checkpoint_manager.py:2133] [process=0][thread=save_finalize][step=310000] CheckpointManager Save Finalize is syncing with other hosts...
I0405 11:50:35.342760 138255885669952 checkpoint_manager.py:2142] [process=0][thread=save_finalize][step=310000] CheckpointManager Save Finalize is done on all hosts.
I0405 11:53:11.833092 138309521183360 training.py:316] step: 311000 | loss: 0.000000 | grad_norm_unclipped: 0.000005
I0405 11:55:49.842875 138309521183360 training.py:316] step: 312000 | loss: 0.000000 | grad_norm_unclipped: 0.000022
I0405 11:58:28.785768 138309521183360 training.py:316] step: 313000 | loss: 0.000000 | grad_norm_unclipped: 0.000003
I0405 12:01:06.829995 138309521183360 training.py:316] step: 314000 | loss: 0.000000 | grad_norm_unclipped: 0.000004
I0405 12:03:46.817575 138309521183360 training.py:316] step: 315000 | loss: 0.000000 | grad_norm_unclipped: 0.000004
I0405 12:06:25.758227 138309521183360 training.py:316] step: 316000 | loss: 0.000003 | grad_norm_unclipped: 0.000031
I0405 12:09:04.146463 138309521183360 training.py:316] step: 317000 | loss: 0.000906 | grad_norm_unclipped: 0.652630
I0405 12:11:42.800502 138309521183360 training.py:316] step: 318000 | loss: 0.000000 | grad_norm_unclipped: 0.000006
I0405 12:14:21.775283 138309521183360 training.py:316] step: 319000 | loss: 0.000000 | grad_norm_unclipped: 0.000006
I0405 12:17:00.390990 138309521183360 training.py:287] Checkpointing step 320000.
I0405 12:17:00.391271 138309521183360 checkpoint_manager.py:2013] [process=0][thread=MainThread][wait_until_finished] No Save Finalize thread to wait for. Returning.
I0405 12:17:00.392223 138309521183360 checkpoint_manager.py:1518] [process=0] Saving checkpoint at step 320000
I0405 12:17:00.392627 138309521183360 async_checkpointer.py:452] [process=0] Started async saving checkpoint to /content/drive/MyDrive/chess_vae_checkpoints/action_value/320000.
I0405 12:17:00.394871 138309521183360 future.py:363] [process=0][thread=MainThread][operation_id=33] _SignalingThread.join() waiting for signals ([<HandlerAwaitableSignal.STEP_DIRECTORY_CREATION: 'step_directory_creation'>, <HandlerAwaitableSignal.ITEM_DIRECTORY_CREATION: 'item_directory_creation'>]) blocking the main thread will slow down blocking save times. This is likely due to main thread calling result() on a CommitFuture.
I0405 12:17:00.395183 138255533176384 atomicity.py:137] Creating tmp directory /content/drive/MyDrive/chess_vae_checkpoints/action_value/320000.orbax-checkpoint-tmp
I0405 12:17:00.404204 138255675852352 atomicity.py:137] Creating tmp directory /content/drive/MyDrive/chess_vae_checkpoints/action_value/320000.orbax-checkpoint-tmp/opt_state.orbax-checkpoint-tmp
I0405 12:17:00.404729 138255675852352 atomicity.py:137] Creating tmp directory /content/drive/MyDrive/chess_vae_checkpoints/action_value/320000.orbax-checkpoint-tmp/params_ema.orbax-checkpoint-tmp
I0405 12:17:00.404881 138255675852352 atomicity.py:137] Creating tmp directory /content/drive/MyDrive/chess_vae_checkpoints/action_value/320000.orbax-checkpoint-tmp/params.orbax-checkpoint-tmp
I0405 12:17:00.405062 138255675852352 atomicity.py:137] Creating tmp directory /content/drive/MyDrive/chess_vae_checkpoints/action_value/320000.orbax-checkpoint-tmp/data_iter.orbax-checkpoint-tmp
I0405 12:17:00.453348 138309521183360 jax_array_handlers.py:358] Scheduling D2H of 129 prioritized jax.Array.
I0405 12:17:00.453441 138309521183360 replica_slices.py:424] Transferring arrays to host memory with options: use_replica_parallel=True, min_slice_bytes_for_replica_parallel=None, max_replicas_for_replica_parallel=None, enable_pinned_host_transfer=True
I0405 12:17:00.543591 138309521183360 base_pytree_checkpoint_handler.py:153] [process=0][thread=MainThread] Initiated "orbax.checkpoint._src.serialization.jax_array_handlers.ArrayHandler".serialize. Time taken: 0.090775s
I0405 12:17:00.564002 138309521183360 jax_array_handlers.py:358] Scheduling D2H of 259 prioritized jax.Array.
I0405 12:17:00.564127 138309521183360 replica_slices.py:424] Transferring arrays to host memory with options: use_replica_parallel=True, min_slice_bytes_for_replica_parallel=None, max_replicas_for_replica_parallel=None, enable_pinned_host_transfer=True
I0405 12:17:00.599214 138255826921024 array_metadata_store.py:203] [process=0][thread=array_type_handler] Wrote 129 array_metadata.ArrayMetadata to /content/drive/MyDrive/chess_vae_checkpoints/action_value/320000.orbax-checkpoint-tmp/params.orbax-checkpoint-tmp/array_metadatas/process_0
I0405 12:17:00.755936 138309521183360 base_pytree_checkpoint_handler.py:153] [process=0][thread=MainThread] Initiated "orbax.checkpoint._src.serialization.jax_array_handlers.ArrayHandler".serialize. Time taken: 0.202244s
I0405 12:17:00.801725 138309521183360 base_pytree_checkpoint_handler.py:129] [process=0] /jax/checkpoint/write/blocking_gbytes_per_sec: 119.260 MiB/s (total gbytes: 43.6 MiB) (time elapsed: 0.36525392532348633 s) (per-host)
I0405 12:17:00.802052 138309521183360 base_pytree_checkpoint_handler.py:737] [process=0][thread=MainThread] Initiated Pytree async_save. Time taken: 0.365618s (batch_requests_ready=0.010323s, total_serialization_initiated=0.321826s, others=0.033469s)
I0405 12:17:00.803427 138309521183360 jax_array_handlers.py:358] Scheduling D2H of 129 prioritized jax.Array.
I0405 12:17:00.803815 138309521183360 replica_slices.py:424] Transferring arrays to host memory with options: use_replica_parallel=True, min_slice_bytes_for_replica_parallel=None, max_replicas_for_replica_parallel=None, enable_pinned_host_transfer=True
I0405 12:17:00.830796 138255600318016 array_metadata_store.py:203] [process=0][thread=array_type_handler] Wrote 259 array_metadata.ArrayMetadata to /content/drive/MyDrive/chess_vae_checkpoints/action_value/320000.orbax-checkpoint-tmp/opt_state.orbax-checkpoint-tmp/array_metadatas/process_0
I0405 12:17:01.010982 138309521183360 base_pytree_checkpoint_handler.py:153] [process=0][thread=MainThread] Initiated "orbax.checkpoint._src.serialization.jax_array_handlers.ArrayHandler".serialize. Time taken: 0.208745s
I0405 12:17:01.012375 138309521183360 base_pytree_checkpoint_handler.py:129] [process=0] /jax/checkpoint/write/blocking_gbytes_per_sec: 148.358 MiB/s (total gbytes: 87.1 MiB) (time elapsed: 0.5872297286987305 s) (per-host)
