I0405 00:09:52.162764 138309521183360 jax_array_handlers.py:358] Scheduling D2H of 259 prioritized jax.Array.
I0405 00:09:52.162939 138309521183360 replica_slices.py:424] Transferring arrays to host memory with options: use_replica_parallel=True, min_slice_bytes_for_replica_parallel=None, max_replicas_for_replica_parallel=None, enable_pinned_host_transfer=True
I0405 00:09:52.192870 138255902455360 array_metadata_store.py:203] [process=0][thread=array_type_handler] Wrote 129 array_metadata.ArrayMetadata to /content/drive/MyDrive/chess_vae_checkpoints/action_value/50000.orbax-checkpoint-tmp/params.orbax-checkpoint-tmp/array_metadatas/process_0
I0405 00:09:52.348521 138309521183360 base_pytree_checkpoint_handler.py:153] [process=0][thread=MainThread] Initiated "orbax.checkpoint._src.serialization.jax_array_handlers.ArrayHandler".serialize. Time taken: 0.186642s
I0405 00:09:52.349730 138309521183360 jax_array_handlers.py:358] Scheduling D2H of 129 prioritized jax.Array.
I0405 00:09:52.349888 138309521183360 replica_slices.py:424] Transferring arrays to host memory with options: use_replica_parallel=True, min_slice_bytes_for_replica_parallel=None, max_replicas_for_replica_parallel=None, enable_pinned_host_transfer=True
I0405 00:09:52.422779 138255608710720 array_metadata_store.py:203] [process=0][thread=array_type_handler] Wrote 259 array_metadata.ArrayMetadata to /content/drive/MyDrive/chess_vae_checkpoints/action_value/50000.orbax-checkpoint-tmp/opt_state.orbax-checkpoint-tmp/array_metadatas/process_0
I0405 00:09:52.612731 138309521183360 base_pytree_checkpoint_handler.py:153] [process=0][thread=MainThread] Initiated "orbax.checkpoint._src.serialization.jax_array_handlers.ArrayHandler".serialize. Time taken: 0.263988s
I0405 00:09:52.627562 138309521183360 base_pytree_checkpoint_handler.py:129] [process=0] /jax/checkpoint/write/blocking_gbytes_per_sec: 71.719 MiB/s (total gbytes: 43.6 MiB) (time elapsed: 0.607367753982544 s) (per-host)
I0405 00:09:52.627694 138309521183360 base_pytree_checkpoint_handler.py:737] [process=0][thread=MainThread] Initiated Pytree async_save. Time taken: 0.607510s (batch_requests_ready=0.010525s, total_serialization_initiated=0.596406s, others=0.000579s)
I0405 00:09:52.628886 138309521183360 base_pytree_checkpoint_handler.py:129] [process=0] /jax/checkpoint/write/blocking_gbytes_per_sec: 140.490 MiB/s (total gbytes: 87.1 MiB) (time elapsed: 0.6201164722442627 s) (per-host)
I0405 00:09:52.629698 138309521183360 base_pytree_checkpoint_handler.py:737] [process=0][thread=MainThread] Initiated Pytree async_save. Time taken: 0.620962s (batch_requests_ready=0.122385s, total_serialization_initiated=0.496811s, others=0.001767s)
I0405 00:09:52.630989 138309521183360 base_pytree_checkpoint_handler.py:129] [process=0] /jax/checkpoint/write/blocking_gbytes_per_sec: 71.964 MiB/s (total gbytes: 43.6 MiB) (time elapsed: 0.605304479598999 s) (per-host)
I0405 00:09:52.631089 138309521183360 base_pytree_checkpoint_handler.py:737] [process=0][thread=MainThread] Initiated Pytree async_save. Time taken: 0.605420s (batch_requests_ready=0.130244s, total_serialization_initiated=0.474038s, others=0.001137s)
I0405 00:09:52.631261 138309521183360 composite_checkpoint_handler.py:715] [process=0][thread=MainThread] Initiated CompositeCheckpointHandler.async_save. Time taken: 0.656290s (all_items=0.029946s, per_item={'data_iter': '0.02992368', 'opt_state': '0.00001621', 'params': '0.00000310', 'params_ema': '0.00000286'}, temp_paths=0.626344)
I0405 00:09:52.636479 138255692637760 async_checkpointer.py:79] [process=0][thread=async_save] Background save thread started.
I0405 00:09:52.636708 138309521183360 async_checkpointer.py:561] Finished blocking save. Time taken: 0.663465s. Continuing background save to /content/drive/MyDrive/chess_vae_checkpoints/action_value/50000.
I0405 00:09:52.637082 138309521183360 checkpoint_manager.py:1566] [process=0][thread=MainThread][step=50000] Starting CheckpointManager Save Finalize thread=save_finalize
I0405 00:09:52.637325 138255843706432 async_checkpointer.py:265] [process=0][thread=save_finalize] Waiting for background save thread=async_save.
I0405 00:09:52.637532 138309521183360 standard_logger.py:34] {'step': 50000, 'event_type': 'save', 'directory': '/content/drive/MyDrive/chess_vae_checkpoints/action_value', 'reached_preemption': False, 'preemption_received_at': None, 'synchronous': False, 'wait_for_prev_start_time': 1775347791.9722378, 'wait_for_prev_duration_secs': 8.654594421386719e-05, 'time_between_consecutive_saves_sec': 1605.502756357193, 'checkpointer_blocking_start_time': 1775347791.9732182, 'checkpointer_blocking_duration_secs': 0.6636984348297119, 'get_old_steps_start_time': 1775347792.6369352, 'get_old_steps_duration_secs': 8.797645568847656e-05, 'checkpoint_manager_blocking_start_time': 1775347791.972137, 'checkpoint_manager_blocking_duration_secs': 0.6653618812561035}
I0405 00:09:52.901894 138255575139904 array_metadata_store.py:203] [process=0][thread=array_type_handler] Wrote 129 array_metadata.ArrayMetadata to /content/drive/MyDrive/chess_vae_checkpoints/action_value/50000.orbax-checkpoint-tmp/params_ema.orbax-checkpoint-tmp/array_metadatas/process_0
I0405 00:09:52.919128 138255558354496 base_pytree_checkpoint_handler.py:1232] [process=0][thread=write_metadata_after_commits] Commit + Array metadata written. Time taken: 0.290604s (commit=0.254550s, array_metadata_write=0.036053s)
I0405 00:09:52.994080 138309521183360 training.py:316] step: 50000 | loss: 0.000000 | grad_norm_unclipped: 0.000006
I0405 00:09:53.289781 138255541569088 base_pytree_checkpoint_handler.py:1232] [process=0][thread=write_metadata_after_commits] Commit + Array metadata written. Time taken: 0.661057s (commit=0.528518s, array_metadata_write=0.132540s)
I0405 00:09:53.328939 138255692637760 base_pytree_checkpoint_handler.py:129] [process=0] /jax/checkpoint/write/gbytes_per_sec: 65.991 MiB/s (total gbytes: 87.1 MiB) (time elapsed: 1.3201782703399658 s) (per-host)
I0405 00:09:53.329112 138255692637760 base_pytree_checkpoint_handler.py:129] [process=0] /jax/checkpoint/write/gbytes_per_sec: 33.279 MiB/s (total gbytes: 43.6 MiB) (time elapsed: 1.3089232444763184 s) (per-host)
I0405 00:09:53.333734 138255524783680 base_pytree_checkpoint_handler.py:1232] [process=0][thread=write_metadata_after_commits] Commit + Array metadata written. Time taken: 0.699374s (commit=0.543478s, array_metadata_write=0.155896s)
I0405 00:09:53.334771 138255692637760 base_pytree_checkpoint_handler.py:129] [process=0] /jax/checkpoint/write/gbytes_per_sec: 33.275 MiB/s (total gbytes: 43.6 MiB) (time elapsed: 1.3090851306915283 s) (per-host)
I0405 00:09:53.334874 138255692637760 async_checkpointer.py:90] [process=0][thread=async_save] 5 Handler Commit operations completed. Time taken: 0.698209s.
I0405 00:09:53.361638 138255692637760 array_metadata_store.py:367] [process=0][thread=async_save] Skipped cross-host ArrayMetadata validation because only one process is found: process_index=0.
I0405 00:09:53.579407 138255692637760 base_pytree_checkpoint_handler.py:1356] [process=0][thread=async_save] Pytree save finalize (merge_ocdbt + ArrayMetadata validation) completed. Time taken: 0.241132s. use_zarr3=False, enable_post_merge_validation=True, directory=/content/drive/MyDrive/chess_vae_checkpoints/action_value/50000.orbax-checkpoint-tmp/params.orbax-checkpoint-tmp
I0405 00:09:53.644830 138255692637760 atomicity.py:480] Renaming /content/drive/MyDrive/chess_vae_checkpoints/action_value/50000.orbax-checkpoint-tmp/params.orbax-checkpoint-tmp to /content/drive/MyDrive/chess_vae_checkpoints/action_value/50000.orbax-checkpoint-tmp/params
I0405 00:09:53.654812 138255692637760 array_metadata_store.py:367] [process=0][thread=async_save] Skipped cross-host ArrayMetadata validation because only one process is found: process_index=0.
I0405 00:09:53.729534 138255692637760 base_pytree_checkpoint_handler.py:1356] [process=0][thread=async_save] Pytree save finalize (merge_ocdbt + ArrayMetadata validation) completed. Time taken: 0.081294s. use_zarr3=False, enable_post_merge_validation=True, directory=/content/drive/MyDrive/chess_vae_checkpoints/action_value/50000.orbax-checkpoint-tmp/params_ema.orbax-checkpoint-tmp
I0405 00:09:53.985457 138255692637760 atomicity.py:480] Renaming /content/drive/MyDrive/chess_vae_checkpoints/action_value/50000.orbax-checkpoint-tmp/params_ema.orbax-checkpoint-tmp to /content/drive/MyDrive/chess_vae_checkpoints/action_value/50000.orbax-checkpoint-tmp/params_ema
I0405 00:09:53.994038 138255692637760 array_metadata_store.py:367] [process=0][thread=async_save] Skipped cross-host ArrayMetadata validation because only one process is found: process_index=0.
I0405 00:09:54.136253 138255692637760 base_pytree_checkpoint_handler.py:1356] [process=0][thread=async_save] Pytree save finalize (merge_ocdbt + ArrayMetadata validation) completed. Time taken: 0.147842s. use_zarr3=False, enable_post_merge_validation=True, directory=/content/drive/MyDrive/chess_vae_checkpoints/action_value/50000.orbax-checkpoint-tmp/opt_state.orbax-checkpoint-tmp
I0405 00:09:54.137108 138255692637760 atomicity.py:480] Renaming /content/drive/MyDrive/chess_vae_checkpoints/action_value/50000.orbax-checkpoint-tmp/opt_state.orbax-checkpoint-tmp to /content/drive/MyDrive/chess_vae_checkpoints/action_value/50000.orbax-checkpoint-tmp/opt_state
I0405 00:09:54.139646 138255692637760 atomicity.py:480] Renaming /content/drive/MyDrive/chess_vae_checkpoints/action_value/50000.orbax-checkpoint-tmp/data_iter.orbax-checkpoint-tmp to /content/drive/MyDrive/chess_vae_checkpoints/action_value/50000.orbax-checkpoint-tmp/data_iter
I0405 00:09:54.142378 138255692637760 atomicity.py:480] Renaming /content/drive/MyDrive/chess_vae_checkpoints/action_value/50000.orbax-checkpoint-tmp to /content/drive/MyDrive/chess_vae_checkpoints/action_value/50000
I0405 00:09:54.291295 138255692637760 atomicity.py:790] [process=0][thread=async_save] Finished saving checkpoint (finalized tmp dir) to `/content/drive/MyDrive/chess_vae_checkpoints/action_value/50000`.
I0405 00:09:54.292007 138255692637760 async_checkpointer.py:420] Finished async_save (blocking + background). Time taken: 2.318766s. directory=/content/drive/MyDrive/chess_vae_checkpoints/action_value/50000
I0405 00:09:54.292139 138255692637760 async_checkpointer.py:144] [process=0][thread=async_save] Background save thread done. Time taken: 1.655476s.
I0405 00:09:54.292383 138255843706432 async_checkpointer.py:273] [process=0][thread=save_finalize] Done with waiting for background save thread=async_save.
I0405 00:09:54.292477 138255843706432 async_checkpointer.py:283] [process=0][thread=save_finalize] No errors found in background save thread=async_save.
I0405 00:09:55.046388 138255843706432 deleter.py:273] Deleted step 40000.
I0405 00:09:55.046532 138255843706432 checkpoint_manager.py:2133] [process=0][thread=save_finalize][step=50000] CheckpointManager Save Finalize is syncing with other hosts...
I0405 00:09:55.046610 138255843706432 checkpoint_manager.py:2142] [process=0][thread=save_finalize][step=50000] CheckpointManager Save Finalize is done on all hosts.
I0405 00:12:35.516247 138309521183360 training.py:316] step: 51000 | loss: 0.000000 | grad_norm_unclipped: 0.000006
I0405 00:15:17.175099 138309521183360 training.py:316] step: 52000 | loss: 0.000000 | grad_norm_unclipped: 0.000006
I0405 00:17:57.388204 138309521183360 training.py:316] step: 53000 | loss: 0.000000 | grad_norm_unclipped: 0.000006
I0405 00:20:38.322677 138309521183360 training.py:316] step: 54000 | loss: 0.000000 | grad_norm_unclipped: 0.000006
I0405 00:23:18.912404 138309521183360 training.py:316] step: 55000 | loss: 0.000000 | grad_norm_unclipped: 0.000006
I0405 00:25:58.150895 138309521183360 training.py:316] step: 56000 | loss: 0.000000 | grad_norm_unclipped: 0.000007
I0405 00:28:39.561531 138309521183360 training.py:316] step: 57000 | loss: 0.000000 | grad_norm_unclipped: 0.000007
I0405 00:31:19.424643 138309521183360 training.py:316] step: 58000 | loss: 0.000000 | grad_norm_unclipped: 0.000006
I0405 00:33:58.822565 138309521183360 training.py:316] step: 59000 | loss: 0.000000 | grad_norm_unclipped: 0.000005
I0405 00:36:38.901617 138309521183360 training.py:287] Checkpointing step 60000.
I0405 00:36:38.901911 138309521183360 checkpoint_manager.py:2013] [process=0][thread=MainThread][wait_until_finished] No Save Finalize thread to wait for. Returning.
I0405 00:36:38.902818 138309521183360 checkpoint_manager.py:1518] [process=0] Saving checkpoint at step 60000
I0405 00:36:38.903286 138309521183360 async_checkpointer.py:452] [process=0] Started async saving checkpoint to /content/drive/MyDrive/chess_vae_checkpoints/action_value/60000.
I0405 00:36:38.905822 138309521183360 future.py:363] [process=0][thread=MainThread][operation_id=7] _SignalingThread.join() waiting for signals ([<HandlerAwaitableSignal.STEP_DIRECTORY_CREATION: 'step_directory_creation'>, <HandlerAwaitableSignal.ITEM_DIRECTORY_CREATION: 'item_directory_creation'>]) blocking the main thread will slow down blocking save times. This is likely due to main thread calling result() on a CommitFuture.
I0405 00:36:38.906025 138297166784064 atomicity.py:137] Creating tmp directory /content/drive/MyDrive/chess_vae_checkpoints/action_value/60000.orbax-checkpoint-tmp
I0405 00:36:38.914834 138295413544512 atomicity.py:137] Creating tmp directory /content/drive/MyDrive/chess_vae_checkpoints/action_value/60000.orbax-checkpoint-tmp/data_iter.orbax-checkpoint-tmp
I0405 00:36:38.915018 138295413544512 atomicity.py:137] Creating tmp directory /content/drive/MyDrive/chess_vae_checkpoints/action_value/60000.orbax-checkpoint-tmp/params.orbax-checkpoint-tmp
I0405 00:36:38.915162 138295413544512 atomicity.py:137] Creating tmp directory /content/drive/MyDrive/chess_vae_checkpoints/action_value/60000.orbax-checkpoint-tmp/opt_state.orbax-checkpoint-tmp
I0405 00:36:38.915247 138295413544512 atomicity.py:137] Creating tmp directory /content/drive/MyDrive/chess_vae_checkpoints/action_value/60000.orbax-checkpoint-tmp/params_ema.orbax-checkpoint-tmp
I0405 00:36:38.963236 138309521183360 jax_array_handlers.py:358] Scheduling D2H of 129 prioritized jax.Array.
I0405 00:36:38.963342 138309521183360 replica_slices.py:424] Transferring arrays to host memory with options: use_replica_parallel=True, min_slice_bytes_for_replica_parallel=None, max_replicas_for_replica_parallel=None, enable_pinned_host_transfer=True
I0405 00:36:39.077209 138309521183360 base_pytree_checkpoint_handler.py:153] [process=0][thread=MainThread] Initiated "orbax.checkpoint._src.serialization.jax_array_handlers.ArrayHandler".serialize. Time taken: 0.114642s
I0405 00:36:39.110953 138309521183360 base_pytree_checkpoint_handler.py:129] [process=0] /jax/checkpoint/write/blocking_gbytes_per_sec: 264.369 MiB/s (total gbytes: 43.6 MiB) (time elapsed: 0.16476964950561523 s) (per-host)
I0405 00:36:39.111258 138309521183360 base_pytree_checkpoint_handler.py:737] [process=0][thread=MainThread] Initiated Pytree async_save. Time taken: 0.165104s (batch_requests_ready=0.011437s, total_serialization_initiated=0.152921s, others=0.000746s)
I0405 00:36:39.112197 138309521183360 jax_array_handlers.py:358] Scheduling D2H of 259 prioritized jax.Array.
I0405 00:36:39.112888 138309521183360 replica_slices.py:424] Transferring arrays to host memory with options: use_replica_parallel=True, min_slice_bytes_for_replica_parallel=None, max_replicas_for_replica_parallel=None, enable_pinned_host_transfer=True
I0405 00:36:39.136944 138255843706432 array_metadata_store.py:203] [process=0][thread=array_type_handler] Wrote 129 array_metadata.ArrayMetadata to /content/drive/MyDrive/chess_vae_checkpoints/action_value/60000.orbax-checkpoint-tmp/params.orbax-checkpoint-tmp/array_metadatas/process_0
I0405 00:36:39.298290 138309521183360 base_pytree_checkpoint_handler.py:153] [process=0][thread=MainThread] Initiated "orbax.checkpoint._src.serialization.jax_array_handlers.ArrayHandler".serialize. Time taken: 0.186860s
I0405 00:36:39.304671 138309521183360 jax_array_handlers.py:358] Scheduling D2H of 129 prioritized jax.Array.
I0405 00:36:39.506079 138309521183360 replica_slices.py:424] Transferring arrays to host memory with options: use_replica_parallel=True, min_slice_bytes_for_replica_parallel=None, max_replicas_for_replica_parallel=None, enable_pinned_host_transfer=True
I0405 00:36:39.559297 138255600318016 array_metadata_store.py:203] [process=0][thread=array_type_handler] Wrote 259 array_metadata.ArrayMetadata to /content/drive/MyDrive/chess_vae_checkpoints/action_value/60000.orbax-checkpoint-tmp/opt_state.orbax-checkpoint-tmp/array_metadatas/process_0
I0405 00:36:39.737771 138309521183360 base_pytree_checkpoint_handler.py:153] [process=0][thread=MainThread] Initiated "orbax.checkpoint._src.serialization.jax_array_handlers.ArrayHandler".serialize. Time taken: 0.439228s
I0405 00:36:39.755548 138309521183360 base_pytree_checkpoint_handler.py:129] [process=0] /jax/checkpoint/write/blocking_gbytes_per_sec: 106.125 MiB/s (total gbytes: 87.1 MiB) (time elapsed: 0.8209161758422852 s) (per-host)
I0405 00:36:39.756330 138309521183360 base_pytree_checkpoint_handler.py:737] [process=0][thread=MainThread] Initiated Pytree async_save. Time taken: 0.821721s (batch_requests_ready=0.142882s, total_serialization_initiated=0.661029s, others=0.017810s)
I0405 00:36:39.761066 138309521183360 base_pytree_checkpoint_handler.py:129] [process=0] /jax/checkpoint/write/blocking_gbytes_per_sec: 53.816 MiB/s (total gbytes: 43.6 MiB) (time elapsed: 0.8094303607940674 s) (per-host)
I0405 00:36:39.761430 138309521183360 base_pytree_checkpoint_handler.py:737] [process=0][thread=MainThread] Initiated Pytree async_save. Time taken: 0.809810s (batch_requests_ready=0.152376s, total_serialization_initiated=0.653002s, others=0.004432s)
I0405 00:36:39.761692 138309521183360 composite_checkpoint_handler.py:715] [process=0][thread=MainThread] Initiated CompositeCheckpointHandler.async_save. Time taken: 0.856930s (all_items=0.028051s, per_item={'data_iter': '0.02802873', 'opt_state': '0.00001431', 'params': '0.00000477', 'params_ema': '0.00000334'}, temp_paths=0.828879)
I0405 00:36:39.770156 138255843706432 async_checkpointer.py:79] [process=0][thread=async_save] Background save thread started.
I0405 00:36:39.770425 138309521183360 async_checkpointer.py:561] Finished blocking save. Time taken: 0.867471s. Continuing background save to /content/drive/MyDrive/chess_vae_checkpoints/action_value/60000.
I0405 00:36:39.771268 138309521183360 checkpoint_manager.py:1566] [process=0][thread=MainThread][step=60000] Starting CheckpointManager Save Finalize thread=save_finalize
I0405 00:36:39.771547 138255675852352 async_checkpointer.py:265] [process=0][thread=save_finalize] Waiting for background save thread=async_save.
I0405 00:36:39.772571 138309521183360 standard_logger.py:34] {'step': 60000, 'event_type': 'save', 'directory': '/content/drive/MyDrive/chess_vae_checkpoints/action_value', 'reached_preemption': False, 'preemption_received_at': None, 'synchronous': False, 'wait_for_prev_start_time': 1775349398.901877, 'wait_for_prev_duration_secs': 8.893013000488281e-05, 'time_between_consecutive_saves_sec': 1603.8552286624908, 'checkpointer_blocking_start_time': 1775349398.9029229, 'checkpointer_blocking_duration_secs': 0.8681151866912842, 'get_old_steps_start_time': 1775349399.7710617, 'get_old_steps_duration_secs': 0.00011682510375976562, 'checkpoint_manager_blocking_start_time': 1775349398.9017706, 'checkpoint_manager_blocking_duration_secs': 0.8707549571990967}
I0405 00:36:39.858339 138255558354496 array_metadata_store.py:203] [process=0][thread=array_type_handler] Wrote 129 array_metadata.ArrayMetadata to /content/drive/MyDrive/chess_vae_checkpoints/action_value/60000.orbax-checkpoint-tmp/params_ema.orbax-checkpoint-tmp/array_metadatas/process_0
I0405 00:36:39.944328 138255701030464 base_pytree_checkpoint_handler.py:1232] [process=0][thread=write_metadata_after_commits] Commit + Array metadata written. Time taken: 0.831965s (commit=0.652398s, array_metadata_write=0.179567s)
I0405 00:36:40.111685 138309521183360 training.py:316] step: 60000 | loss: 0.000000 | grad_norm_unclipped: 0.000007
I0405 00:36:40.436071 138255516390976 base_pytree_checkpoint_handler.py:1232] [process=0][thread=write_metadata_after_commits] Commit + Array metadata written. Time taken: 0.678592s (commit=0.540085s, array_metadata_write=0.138507s)
I0405 00:36:40.596354 138255549961792 base_pytree_checkpoint_handler.py:1232] [process=0][thread=write_metadata_after_commits] Commit + Array metadata written. Time taken: 0.857419s (commit=0.707015s, array_metadata_write=0.150404s)
I0405 00:36:40.598786 138255843706432 base_pytree_checkpoint_handler.py:129] [process=0] /jax/checkpoint/write/gbytes_per_sec: 52.351 MiB/s (total gbytes: 87.1 MiB) (time elapsed: 1.6641638278961182 s) (per-host)
I0405 00:36:40.598947 138255843706432 base_pytree_checkpoint_handler.py:129] [process=0] /jax/checkpoint/write/gbytes_per_sec: 26.355 MiB/s (total gbytes: 43.6 MiB) (time elapsed: 1.6527905464172363 s) (per-host)
I0405 00:36:40.599029 138255843706432 base_pytree_checkpoint_handler.py:129] [process=0] /jax/checkpoint/write/gbytes_per_sec: 26.441 MiB/s (total gbytes: 43.6 MiB) (time elapsed: 1.6474251747131348 s) (per-host)
I0405 00:36:40.599075 138255843706432 async_checkpointer.py:90] [process=0][thread=async_save] 5 Handler Commit operations completed. Time taken: 0.828835s.
I0405 00:36:40.610918 138255843706432 array_metadata_store.py:367] [process=0][thread=async_save] Skipped cross-host ArrayMetadata validation because only one process is found: process_index=0.
I0405 00:36:40.760853 138255843706432 base_pytree_checkpoint_handler.py:1356] [process=0][thread=async_save] Pytree save finalize (merge_ocdbt + ArrayMetadata validation) completed. Time taken: 0.158463s. use_zarr3=False, enable_post_merge_validation=True, directory=/content/drive/MyDrive/chess_vae_checkpoints/action_value/60000.orbax-checkpoint-tmp/params.orbax-checkpoint-tmp
I0405 00:36:40.764992 138255843706432 atomicity.py:480] Renaming /content/drive/MyDrive/chess_vae_checkpoints/action_value/60000.orbax-checkpoint-tmp/params.orbax-checkpoint-tmp to /content/drive/MyDrive/chess_vae_checkpoints/action_value/60000.orbax-checkpoint-tmp/params
I0405 00:36:40.773826 138255843706432 array_metadata_store.py:367] [process=0][thread=async_save] Skipped cross-host ArrayMetadata validation because only one process is found: process_index=0.
I0405 00:36:40.916555 138255843706432 base_pytree_checkpoint_handler.py:1356] [process=0][thread=async_save] Pytree save finalize (merge_ocdbt + ArrayMetadata validation) completed. Time taken: 0.148414s. use_zarr3=False, enable_post_merge_validation=True, directory=/content/drive/MyDrive/chess_vae_checkpoints/action_value/60000.orbax-checkpoint-tmp/params_ema.orbax-checkpoint-tmp
I0405 00:36:40.919147 138255843706432 atomicity.py:480] Renaming /content/drive/MyDrive/chess_vae_checkpoints/action_value/60000.orbax-checkpoint-tmp/params_ema.orbax-checkpoint-tmp to /content/drive/MyDrive/chess_vae_checkpoints/action_value/60000.orbax-checkpoint-tmp/params_ema
I0405 00:36:40.928235 138255843706432 array_metadata_store.py:367] [process=0][thread=async_save] Skipped cross-host ArrayMetadata validation because only one process is found: process_index=0.
I0405 00:36:41.059984 138255843706432 base_pytree_checkpoint_handler.py:1356] [process=0][thread=async_save] Pytree save finalize (merge_ocdbt + ArrayMetadata validation) completed. Time taken: 0.137918s. use_zarr3=False, enable_post_merge_validation=True, directory=/content/drive/MyDrive/chess_vae_checkpoints/action_value/60000.orbax-checkpoint-tmp/opt_state.orbax-checkpoint-tmp
I0405 00:36:41.076807 138255843706432 atomicity.py:480] Renaming /content/drive/MyDrive/chess_vae_checkpoints/action_value/60000.orbax-checkpoint-tmp/opt_state.orbax-checkpoint-tmp to /content/drive/MyDrive/chess_vae_checkpoints/action_value/60000.orbax-checkpoint-tmp/opt_state
I0405 00:36:41.079674 138255843706432 atomicity.py:480] Renaming /content/drive/MyDrive/chess_vae_checkpoints/action_value/60000.orbax-checkpoint-tmp/data_iter.orbax-checkpoint-tmp to /content/drive/MyDrive/chess_vae_checkpoints/action_value/60000.orbax-checkpoint-tmp/data_iter
I0405 00:36:41.082007 138255843706432 atomicity.py:480] Renaming /content/drive/MyDrive/chess_vae_checkpoints/action_value/60000.orbax-checkpoint-tmp to /content/drive/MyDrive/chess_vae_checkpoints/action_value/60000
I0405 00:36:41.219858 138255843706432 atomicity.py:790] [process=0][thread=async_save] Finished saving checkpoint (finalized tmp dir) to `/content/drive/MyDrive/chess_vae_checkpoints/action_value/60000`.
I0405 00:36:41.220444 138255843706432 async_checkpointer.py:420] Finished async_save (blocking + background). Time taken: 2.317502s. directory=/content/drive/MyDrive/chess_vae_checkpoints/action_value/60000
I0405 00:36:41.220554 138255843706432 async_checkpointer.py:144] [process=0][thread=async_save] Background save thread done. Time taken: 1.450311s.
I0405 00:36:41.220707 138255675852352 async_checkpointer.py:273] [process=0][thread=save_finalize] Done with waiting for background save thread=async_save.
I0405 00:36:41.220815 138255675852352 async_checkpointer.py:283] [process=0][thread=save_finalize] No errors found in background save thread=async_save.
I0405 00:36:41.220900 138255675852352 checkpoint_manager.py:2133] [process=0][thread=save_finalize][step=60000] CheckpointManager Save Finalize is syncing with other hosts...
I0405 00:36:41.220962 138255675852352 checkpoint_manager.py:2142] [process=0][thread=save_finalize][step=60000] CheckpointManager Save Finalize is done on all hosts.
I0405 00:39:20.278768 138309521183360 training.py:316] step: 61000 | loss: 0.000000 | grad_norm_unclipped: 0.000006
I0405 00:42:00.383649 138309521183360 training.py:316] step: 62000 | loss: 0.000000 | grad_norm_unclipped: 0.000006
I0405 00:44:43.369558 138309521183360 training.py:316] step: 63000 | loss: 0.000000 | grad_norm_unclipped: 0.000006
I0405 00:47:26.394055 138309521183360 training.py:316] step: 64000 | loss: 0.000000 | grad_norm_unclipped: 0.000006
I0405 00:50:09.739265 138309521183360 training.py:316] step: 65000 | loss: 0.081717 | grad_norm_unclipped: 4.246598
I0405 00:52:53.089523 138309521183360 training.py:316] step: 66000 | loss: 0.059343 | grad_norm_unclipped: 1.572955
I0405 00:55:34.573003 138309521183360 training.py:316] step: 67000 | loss: 0.010043 | grad_norm_unclipped: 0.040864
I0405 00:58:17.348449 138309521183360 training.py:316] step: 68000 | loss: 0.005428 | grad_norm_unclipped: 0.022858
I0405 01:01:00.252749 138309521183360 training.py:316] step: 69000 | loss: 0.004445 | grad_norm_unclipped: 0.120603
I0405 01:03:41.959824 138309521183360 training.py:287] Checkpointing step 70000.
I0405 01:03:41.960154 138309521183360 checkpoint_manager.py:2013] [process=0][thread=MainThread][wait_until_finished] No Save Finalize thread to wait for. Returning.
I0405 01:03:41.961128 138309521183360 checkpoint_manager.py:1518] [process=0] Saving checkpoint at step 70000
I0405 01:03:41.961558 138309521183360 async_checkpointer.py:452] [process=0] Started async saving checkpoint to /content/drive/MyDrive/chess_vae_checkpoints/action_value/70000.
I0405 01:03:41.963977 138309521183360 future.py:363] [process=0][thread=MainThread][operation_id=8] _SignalingThread.join() waiting for signals ([<HandlerAwaitableSignal.STEP_DIRECTORY_CREATION: 'step_directory_creation'>, <HandlerAwaitableSignal.ITEM_DIRECTORY_CREATION: 'item_directory_creation'>]) blocking the main thread will slow down blocking save times. This is likely due to main thread calling result() on a CommitFuture.
I0405 01:03:41.964366 138255692637760 atomicity.py:137] Creating tmp directory /content/drive/MyDrive/chess_vae_checkpoints/action_value/70000.orbax-checkpoint-tmp
I0405 01:03:41.973218 138255575139904 atomicity.py:137] Creating tmp directory /content/drive/MyDrive/chess_vae_checkpoints/action_value/70000.orbax-checkpoint-tmp/opt_state.orbax-checkpoint-tmp
I0405 01:03:41.973365 138255575139904 atomicity.py:137] Creating tmp directory /content/drive/MyDrive/chess_vae_checkpoints/action_value/70000.orbax-checkpoint-tmp/data_iter.orbax-checkpoint-tmp
I0405 01:03:41.973481 138255575139904 atomicity.py:137] Creating tmp directory /content/drive/MyDrive/chess_vae_checkpoints/action_value/70000.orbax-checkpoint-tmp/params_ema.orbax-checkpoint-tmp
I0405 01:03:41.973560 138255575139904 atomicity.py:137] Creating tmp directory /content/drive/MyDrive/chess_vae_checkpoints/action_value/70000.orbax-checkpoint-tmp/params.orbax-checkpoint-tmp
I0405 01:03:42.022989 138309521183360 jax_array_handlers.py:358] Scheduling D2H of 129 prioritized jax.Array.
I0405 01:03:42.023121 138309521183360 replica_slices.py:424] Transferring arrays to host memory with options: use_replica_parallel=True, min_slice_bytes_for_replica_parallel=None, max_replicas_for_replica_parallel=None, enable_pinned_host_transfer=True
I0405 01:03:42.114382 138309521183360 base_pytree_checkpoint_handler.py:153] [process=0][thread=MainThread] Initiated "orbax.checkpoint._src.serialization.jax_array_handlers.ArrayHandler".serialize. Time taken: 0.091958s
I0405 01:03:42.143187 138309521183360 jax_array_handlers.py:358] Scheduling D2H of 259 prioritized jax.Array.
I0405 01:03:42.143534 138309521183360 replica_slices.py:424] Transferring arrays to host memory with options: use_replica_parallel=True, min_slice_bytes_for_replica_parallel=None, max_replicas_for_replica_parallel=None, enable_pinned_host_transfer=True
I0405 01:03:42.162666 138255902455360 array_metadata_store.py:203] [process=0][thread=array_type_handler] Wrote 129 array_metadata.ArrayMetadata to /content/drive/MyDrive/chess_vae_checkpoints/action_value/70000.orbax-checkpoint-tmp/params.orbax-checkpoint-tmp/array_metadatas/process_0
I0405 01:03:42.325676 138309521183360 base_pytree_checkpoint_handler.py:153] [process=0][thread=MainThread] Initiated "orbax.checkpoint._src.serialization.jax_array_handlers.ArrayHandler".serialize. Time taken: 0.183387s
I0405 01:03:42.340334 138309521183360 base_pytree_checkpoint_handler.py:129] [process=0] /jax/checkpoint/write/blocking_gbytes_per_sec: 130.025 MiB/s (total gbytes: 43.6 MiB) (time elapsed: 0.33501410484313965 s) (per-host)
I0405 01:03:42.369527 138309521183360 base_pytree_checkpoint_handler.py:737] [process=0][thread=MainThread] Initiated Pytree async_save. Time taken: 0.364221s (batch_requests_ready=0.010554s, total_serialization_initiated=0.317314s, others=0.036353s)
I0405 01:03:42.370973 138309521183360 jax_array_handlers.py:358] Scheduling D2H of 129 prioritized jax.Array.
I0405 01:03:42.371103 138309521183360 replica_slices.py:424] Transferring arrays to host memory with options: use_replica_parallel=True, min_slice_bytes_for_replica_parallel=None, max_replicas_for_replica_parallel=None, enable_pinned_host_transfer=True
I0405 01:03:42.405967 138255625496128 array_metadata_store.py:203] [process=0][thread=array_type_handler] Wrote 259 array_metadata.ArrayMetadata to /content/drive/MyDrive/chess_vae_checkpoints/action_value/70000.orbax-checkpoint-tmp/opt_state.orbax-checkpoint-tmp/array_metadatas/process_0
I0405 01:03:42.593968 138309521183360 base_pytree_checkpoint_handler.py:153] [process=0][thread=MainThread] Initiated "orbax.checkpoint._src.serialization.jax_array_handlers.ArrayHandler".serialize. Time taken: 0.223954s
I0405 01:03:42.618136 138309521183360 base_pytree_checkpoint_handler.py:129] [process=0] /jax/checkpoint/write/blocking_gbytes_per_sec: 139.484 MiB/s (total gbytes: 87.1 MiB) (time elapsed: 0.6245880126953125 s) (per-host)
I0405 01:03:42.618623 138309521183360 base_pytree_checkpoint_handler.py:737] [process=0][thread=MainThread] Initiated Pytree async_save. Time taken: 0.625095s (batch_requests_ready=0.121065s, total_serialization_initiated=0.485981s, others=0.018049s)
I0405 01:03:42.621296 138309521183360 base_pytree_checkpoint_handler.py:129] [process=0] /jax/checkpoint/write/blocking_gbytes_per_sec: 71.374 MiB/s (total gbytes: 43.6 MiB) (time elapsed: 0.6103107929229736 s) (per-host)
I0405 01:03:42.621438 138309521183360 base_pytree_checkpoint_handler.py:737] [process=0][thread=MainThread] Initiated Pytree async_save. Time taken: 0.610482s (batch_requests_ready=0.314947s, total_serialization_initiated=0.293029s, others=0.002506s)
I0405 01:03:42.621615 138309521183360 composite_checkpoint_handler.py:715] [process=0][thread=MainThread] Initiated CompositeCheckpointHandler.async_save. Time taken: 0.658702s (all_items=0.028451s, per_item={'data_iter': '0.02842999', 'opt_state': '0.00001454', 'params': '0.00000381', 'params_ema': '0.00000262'}, temp_paths=0.630251)
I0405 01:03:42.625133 138255885669952 async_checkpointer.py:79] [process=0][thread=async_save] Background save thread started.
I0405 01:03:42.626383 138309521183360 async_checkpointer.py:561] Finished blocking save. Time taken: 0.665147s. Continuing background save to /content/drive/MyDrive/chess_vae_checkpoints/action_value/70000.
I0405 01:03:42.626662 138309521183360 checkpoint_manager.py:1566] [process=0][thread=MainThread][step=70000] Starting CheckpointManager Save Finalize thread=save_finalize
I0405 01:03:42.626964 138255507998272 async_checkpointer.py:265] [process=0][thread=save_finalize] Waiting for background save thread=async_save.
I0405 01:03:42.627720 138309521183360 standard_logger.py:34] {'step': 70000, 'event_type': 'save', 'directory': '/content/drive/MyDrive/chess_vae_checkpoints/action_value', 'reached_preemption': False, 'preemption_received_at': None, 'synchronous': False, 'wait_for_prev_start_time': 1775351021.960119, 'wait_for_prev_duration_secs': 9.703636169433594e-05, 'time_between_consecutive_saves_sec': 1620.73912358284, 'checkpointer_blocking_start_time': 1775351021.9612126, 'checkpointer_blocking_duration_secs': 0.6652684211730957, 'get_old_steps_start_time': 1775351022.6265008, 'get_old_steps_duration_secs': 0.00010132789611816406, 'checkpoint_manager_blocking_start_time': 1775351021.960018, 'checkpoint_manager_blocking_duration_secs': 0.6676592826843262}
I0405 01:03:42.837327 138255558354496 array_metadata_store.py:203] [process=0][thread=array_type_handler] Wrote 129 array_metadata.ArrayMetadata to /content/drive/MyDrive/chess_vae_checkpoints/action_value/70000.orbax-checkpoint-tmp/params_ema.orbax-checkpoint-tmp/array_metadatas/process_0
I0405 01:03:42.878158 138255617103424 base_pytree_checkpoint_handler.py:1232] [process=0][thread=write_metadata_after_commits] Commit + Array metadata written. Time taken: 0.538041s (commit=0.506555s, array_metadata_write=0.031487s)
I0405 01:03:42.976497 138309521183360 training.py:316] step: 70000 | loss: 0.034067 | grad_norm_unclipped: 2.687311
I0405 01:03:43.386145 138255549961792 base_pytree_checkpoint_handler.py:1232] [process=0][thread=write_metadata_after_commits] Commit + Array metadata written. Time taken: 0.783793s (commit=0.602730s, array_metadata_write=0.181063s)
I0405 01:03:43.387889 138255885669952 base_pytree_checkpoint_handler.py:129] [process=0] /jax/checkpoint/write/gbytes_per_sec: 62.482 MiB/s (total gbytes: 87.1 MiB) (time elapsed: 1.3943321704864502 s) (per-host)
I0405 01:03:43.388033 138255885669952 base_pytree_checkpoint_handler.py:129] [process=0] /jax/checkpoint/write/gbytes_per_sec: 31.503 MiB/s (total gbytes: 43.6 MiB) (time elapsed: 1.3827433586120605 s) (per-host)
I0405 01:03:43.538081 138255524783680 base_pytree_checkpoint_handler.py:1232] [process=0][thread=write_metadata_after_commits] Commit + Array metadata written. Time taken: 0.917228s (commit=0.763652s, array_metadata_write=0.153577s)
I0405 01:03:43.541070 138255885669952 base_pytree_checkpoint_handler.py:129] [process=0] /jax/checkpoint/write/gbytes_per_sec: 28.469 MiB/s (total gbytes: 43.6 MiB) (time elapsed: 1.5300853252410889 s) (per-host)
I0405 01:03:43.541175 138255885669952 async_checkpointer.py:90] [process=0][thread=async_save] 5 Handler Commit operations completed. Time taken: 0.915941s.
I0405 01:03:43.697532 138255885669952 array_metadata_store.py:367] [process=0][thread=async_save] Skipped cross-host ArrayMetadata validation because only one process is found: process_index=0.
I0405 01:03:43.980474 138255885669952 base_pytree_checkpoint_handler.py:1356] [process=0][thread=async_save] Pytree save finalize (merge_ocdbt + ArrayMetadata validation) completed. Time taken: 0.435027s. use_zarr3=False, enable_post_merge_validation=True, directory=/content/drive/MyDrive/chess_vae_checkpoints/action_value/70000.orbax-checkpoint-tmp/params.orbax-checkpoint-tmp
I0405 01:03:44.027186 138255885669952 atomicity.py:480] Renaming /content/drive/MyDrive/chess_vae_checkpoints/action_value/70000.orbax-checkpoint-tmp/params.orbax-checkpoint-tmp to /content/drive/MyDrive/chess_vae_checkpoints/action_value/70000.orbax-checkpoint-tmp/params
I0405 01:03:44.035201 138255885669952 array_metadata_store.py:367] [process=0][thread=async_save] Skipped cross-host ArrayMetadata validation because only one process is found: process_index=0.
I0405 01:03:44.197709 138255885669952 base_pytree_checkpoint_handler.py:1356] [process=0][thread=async_save] Pytree save finalize (merge_ocdbt + ArrayMetadata validation) completed. Time taken: 0.167397s. use_zarr3=False, enable_post_merge_validation=True, directory=/content/drive/MyDrive/chess_vae_checkpoints/action_value/70000.orbax-checkpoint-tmp/params_ema.orbax-checkpoint-tmp
I0405 01:03:44.200143 138255885669952 atomicity.py:480] Renaming /content/drive/MyDrive/chess_vae_checkpoints/action_value/70000.orbax-checkpoint-tmp/params_ema.orbax-checkpoint-tmp to /content/drive/MyDrive/chess_vae_checkpoints/action_value/70000.orbax-checkpoint-tmp/params_ema
I0405 01:03:44.209500 138255885669952 array_metadata_store.py:367] [process=0][thread=async_save] Skipped cross-host ArrayMetadata validation because only one process is found: process_index=0.
I0405 01:03:44.358001 138255885669952 base_pytree_checkpoint_handler.py:1356] [process=0][thread=async_save] Pytree save finalize (merge_ocdbt + ArrayMetadata validation) completed. Time taken: 0.154886s. use_zarr3=False, enable_post_merge_validation=True, directory=/content/drive/MyDrive/chess_vae_checkpoints/action_value/70000.orbax-checkpoint-tmp/opt_state.orbax-checkpoint-tmp
I0405 01:03:44.367997 138255885669952 atomicity.py:480] Renaming /content/drive/MyDrive/chess_vae_checkpoints/action_value/70000.orbax-checkpoint-tmp/opt_state.orbax-checkpoint-tmp to /content/drive/MyDrive/chess_vae_checkpoints/action_value/70000.orbax-checkpoint-tmp/opt_state
I0405 01:03:44.370763 138255885669952 atomicity.py:480] Renaming /content/drive/MyDrive/chess_vae_checkpoints/action_value/70000.orbax-checkpoint-tmp/data_iter.orbax-checkpoint-tmp to /content/drive/MyDrive/chess_vae_checkpoints/action_value/70000.orbax-checkpoint-tmp/data_iter
I0405 01:03:44.373251 138255885669952 atomicity.py:480] Renaming /content/drive/MyDrive/chess_vae_checkpoints/action_value/70000.orbax-checkpoint-tmp to /content/drive/MyDrive/chess_vae_checkpoints/action_value/70000
I0405 01:03:44.508517 138255885669952 atomicity.py:790] [process=0][thread=async_save] Finished saving checkpoint (finalized tmp dir) to `/content/drive/MyDrive/chess_vae_checkpoints/action_value/70000`.
I0405 01:03:44.510529 138255885669952 async_checkpointer.py:420] Finished async_save (blocking + background). Time taken: 2.549294s. directory=/content/drive/MyDrive/chess_vae_checkpoints/action_value/70000
I0405 01:03:44.510669 138255885669952 async_checkpointer.py:144] [process=0][thread=async_save] Background save thread done. Time taken: 1.885434s.
I0405 01:03:44.510876 138255507998272 async_checkpointer.py:273] [process=0][thread=save_finalize] Done with waiting for background save thread=async_save.
I0405 01:03:44.511008 138255507998272 async_checkpointer.py:283] [process=0][thread=save_finalize] No errors found in background save thread=async_save.
I0405 01:03:45.262991 138255507998272 deleter.py:273] Deleted step 60000.
I0405 01:03:45.263126 138255507998272 checkpoint_manager.py:2133] [process=0][thread=save_finalize][step=70000] CheckpointManager Save Finalize is syncing with other hosts...
I0405 01:03:45.263208 138255507998272 checkpoint_manager.py:2142] [process=0][thread=save_finalize][step=70000] CheckpointManager Save Finalize is done on all hosts.
I0405 01:06:25.708082 138309521183360 training.py:316] step: 71000 | loss: 0.000488 | grad_norm_unclipped: 0.002755
I0405 01:09:09.167852 138309521183360 training.py:316] step: 72000 | loss: 0.000267 | grad_norm_unclipped: 0.044059
I0405 01:11:51.780024 138309521183360 training.py:316] step: 73000 | loss: 0.000094 | grad_norm_unclipped: 0.000641
I0405 01:14:33.942342 138309521183360 training.py:316] step: 74000 | loss: 0.001015 | grad_norm_unclipped: 0.005978
I0405 01:17:16.812898 138309521183360 training.py:316] step: 75000 | loss: 0.005821 | grad_norm_unclipped: 1.265231
I0405 01:19:59.369930 138309521183360 training.py:316] step: 76000 | loss: 0.000020 | grad_norm_unclipped: 0.000090
I0405 01:22:41.833045 138309521183360 training.py:316] step: 77000 | loss: 0.000007 | grad_norm_unclipped: 0.000026
I0405 01:25:25.491034 138309521183360 training.py:316] step: 78000 | loss: 0.000004 | grad_norm_unclipped: 0.000016
I0405 01:28:15.697814 138309521183360 training.py:316] step: 79000 | loss: 0.000002 | grad_norm_unclipped: 0.000013
I0405 01:31:06.473733 138309521183360 training.py:287] Checkpointing step 80000.
I0405 01:31:06.474088 138309521183360 checkpoint_manager.py:2013] [process=0][thread=MainThread][wait_until_finished] No Save Finalize thread to wait for. Returning.
I0405 01:31:06.475173 138309521183360 checkpoint_manager.py:1518] [process=0] Saving checkpoint at step 80000
I0405 01:31:06.475613 138309521183360 async_checkpointer.py:452] [process=0] Started async saving checkpoint to /content/drive/MyDrive/chess_vae_checkpoints/action_value/80000.
I0405 01:31:06.478291 138309521183360 future.py:363] [process=0][thread=MainThread][operation_id=9] _SignalingThread.join() waiting for signals ([<HandlerAwaitableSignal.STEP_DIRECTORY_CREATION: 'step_directory_creation'>, <HandlerAwaitableSignal.ITEM_DIRECTORY_CREATION: 'item_directory_creation'>]) blocking the main thread will slow down blocking save times. This is likely due to main thread calling result() on a CommitFuture.
I0405 01:31:06.478621 138255843706432 atomicity.py:137] Creating tmp directory /content/drive/MyDrive/chess_vae_checkpoints/action_value/80000.orbax-checkpoint-tmp
I0405 01:31:06.489197 138255533176384 atomicity.py:137] Creating tmp directory /content/drive/MyDrive/chess_vae_checkpoints/action_value/80000.orbax-checkpoint-tmp/opt_state.orbax-checkpoint-tmp
I0405 01:31:06.489599 138255533176384 atomicity.py:137] Creating tmp directory /content/drive/MyDrive/chess_vae_checkpoints/action_value/80000.orbax-checkpoint-tmp/data_iter.orbax-checkpoint-tmp
I0405 01:31:06.490067 138255533176384 atomicity.py:137] Creating tmp directory /content/drive/MyDrive/chess_vae_checkpoints/action_value/80000.orbax-checkpoint-tmp/params.orbax-checkpoint-tmp
I0405 01:31:06.490209 138255533176384 atomicity.py:137] Creating tmp directory /content/drive/MyDrive/chess_vae_checkpoints/action_value/80000.orbax-checkpoint-tmp/params_ema.orbax-checkpoint-tmp
I0405 01:31:06.558473 138309521183360 jax_array_handlers.py:358] Scheduling D2H of 259 prioritized jax.Array.
I0405 01:31:06.558701 138309521183360 replica_slices.py:424] Transferring arrays to host memory with options: use_replica_parallel=True, min_slice_bytes_for_replica_parallel=None, max_replicas_for_replica_parallel=None, enable_pinned_host_transfer=True
I0405 01:31:06.672770 138309521183360 base_pytree_checkpoint_handler.py:153] [process=0][thread=MainThread] Initiated "orbax.checkpoint._src.serialization.jax_array_handlers.ArrayHandler".serialize. Time taken: 0.115377s
I0405 01:31:06.706176 138309521183360 jax_array_handlers.py:358] Scheduling D2H of 129 prioritized jax.Array.
I0405 01:31:06.706338 138309521183360 replica_slices.py:424] Transferring arrays to host memory with options: use_replica_parallel=True, min_slice_bytes_for_replica_parallel=None, max_replicas_for_replica_parallel=None, enable_pinned_host_transfer=True
I0405 01:31:06.732522 138255885669952 array_metadata_store.py:203] [process=0][thread=array_type_handler] Wrote 259 array_metadata.ArrayMetadata to /content/drive/MyDrive/chess_vae_checkpoints/action_value/80000.orbax-checkpoint-tmp/opt_state.orbax-checkpoint-tmp/array_metadatas/process_0
I0405 01:31:06.907437 138309521183360 base_pytree_checkpoint_handler.py:153] [process=0][thread=MainThread] Initiated "orbax.checkpoint._src.serialization.jax_array_handlers.ArrayHandler".serialize. Time taken: 0.234433s
I0405 01:31:07.147691 138309521183360 jax_array_handlers.py:358] Scheduling D2H of 129 prioritized jax.Array.
I0405 01:31:07.148752 138309521183360 replica_slices.py:424] Transferring arrays to host memory with options: use_replica_parallel=True, min_slice_bytes_for_replica_parallel=None, max_replicas_for_replica_parallel=None, enable_pinned_host_transfer=True
I0405 01:31:07.190492 138255600318016 array_metadata_store.py:203] [process=0][thread=array_type_handler] Wrote 129 array_metadata.ArrayMetadata to /content/drive/MyDrive/chess_vae_checkpoints/action_value/80000.orbax-checkpoint-tmp/params.orbax-checkpoint-tmp/array_metadatas/process_0
I0405 01:31:07.362812 138309521183360 base_pytree_checkpoint_handler.py:153] [process=0][thread=MainThread] Initiated "orbax.checkpoint._src.serialization.jax_array_handlers.ArrayHandler".serialize. Time taken: 0.218885s
I0405 01:31:07.379139 138309521183360 base_pytree_checkpoint_handler.py:129] [process=0] /jax/checkpoint/write/blocking_gbytes_per_sec: 100.728 MiB/s (total gbytes: 87.1 MiB) (time elapsed: 0.8649024963378906 s) (per-host)
I0405 01:31:07.380795 138309521183360 base_pytree_checkpoint_handler.py:737] [process=0][thread=MainThread] Initiated Pytree async_save. Time taken: 0.866580s (batch_requests_ready=0.026931s, total_serialization_initiated=0.837135s, others=0.002515s)
I0405 01:31:07.381835 138309521183360 base_pytree_checkpoint_handler.py:129] [process=0] /jax/checkpoint/write/blocking_gbytes_per_sec: 51.077 MiB/s (total gbytes: 43.6 MiB) (time elapsed: 0.8528382778167725 s) (per-host)
I0405 01:31:07.381964 138309521183360 base_pytree_checkpoint_handler.py:737] [process=0][thread=MainThread] Initiated Pytree async_save. Time taken: 0.852987s (batch_requests_ready=0.023213s, total_serialization_initiated=0.828885s, others=0.000890s)
I0405 01:31:07.383305 138309521183360 base_pytree_checkpoint_handler.py:129] [process=0] /jax/checkpoint/write/blocking_gbytes_per_sec: 51.385 MiB/s (total gbytes: 43.6 MiB) (time elapsed: 0.8477201461791992 s) (per-host)
I0405 01:31:07.383400 138309521183360 base_pytree_checkpoint_handler.py:737] [process=0][thread=MainThread] Initiated Pytree async_save. Time taken: 0.847833s (batch_requests_ready=0.587965s, total_serialization_initiated=0.258624s, others=0.001244s)
I0405 01:31:07.383567 138309521183360 composite_checkpoint_handler.py:715] [process=0][thread=MainThread] Initiated CompositeCheckpointHandler.async_save. Time taken: 0.906433s (all_items=0.034871s, per_item={'data_iter': '0.03484058', 'opt_state': '0.00002050', 'params': '0.00000501', 'params_ema': '0.00000453'}, temp_paths=0.871562)
I0405 01:31:07.390018 138255507998272 async_checkpointer.py:79] [process=0][thread=async_save] Background save thread started.
I0405 01:31:07.391239 138309521183360 async_checkpointer.py:561] Finished blocking save. Time taken: 0.915965s. Continuing background save to /content/drive/MyDrive/chess_vae_checkpoints/action_value/80000.
I0405 01:31:07.394719 138309521183360 checkpoint_manager.py:1566] [process=0][thread=MainThread][step=80000] Starting CheckpointManager Save Finalize thread=save_finalize
I0405 01:31:07.395710 138255826921024 async_checkpointer.py:265] [process=0][thread=save_finalize] Waiting for background save thread=async_save.
I0405 01:31:07.397211 138309521183360 standard_logger.py:34] {'step': 80000, 'event_type': 'save', 'directory': '/content/drive/MyDrive/chess_vae_checkpoints/action_value', 'reached_preemption': False, 'preemption_received_at': None, 'synchronous': False, 'wait_for_prev_start_time': 1775352666.4740512, 'wait_for_prev_duration_secs': 8.7738037109375e-05, 'time_between_consecutive_saves_sec': 1641.2108068466187, 'checkpointer_blocking_start_time': 1775352666.4752483, 'checkpointer_blocking_duration_secs': 0.919278621673584, 'get_old_steps_start_time': 1775352667.394549, 'get_old_steps_duration_secs': 0.00010466575622558594, 'checkpoint_manager_blocking_start_time': 1775352666.473946, 'checkpoint_manager_blocking_duration_secs': 0.9232227802276611}
I0405 01:31:07.577784 138255566747200 array_metadata_store.py:203] [process=0][thread=array_type_handler] Wrote 129 array_metadata.ArrayMetadata to /content/drive/MyDrive/chess_vae_checkpoints/action_value/80000.orbax-checkpoint-tmp/params_ema.orbax-checkpoint-tmp/array_metadatas/process_0
I0405 01:31:07.758582 138309521183360 training.py:316] step: 80000 | loss: 0.000001 | grad_norm_unclipped: 0.000008
I0405 01:31:07.953356 138255549961792 base_pytree_checkpoint_handler.py:1232] [process=0][thread=write_metadata_after_commits] Commit + Array metadata written. Time taken: 0.574525s (commit=0.544130s, array_metadata_write=0.030395s)
I0405 01:31:07.957746 138255507998272 base_pytree_checkpoint_handler.py:129] [process=0] /jax/checkpoint/write/gbytes_per_sec: 60.353 MiB/s (total gbytes: 87.1 MiB) (time elapsed: 1.4435160160064697 s) (per-host)
I0405 01:31:08.158000 138255524783680 base_pytree_checkpoint_handler.py:1232] [process=0][thread=write_metadata_after_commits] Commit + Array metadata written. Time taken: 0.773071s (commit=0.593490s, array_metadata_write=0.179581s)
