I0404 22:21:22.709655 138255701030464 base_pytree_checkpoint_handler.py:1356] [process=0][thread=async_save] Pytree save finalize (merge_ocdbt + ArrayMetadata validation) completed. Time taken: 0.146716s. use_zarr3=False, enable_post_merge_validation=True, directory=/content/drive/MyDrive/chess_vae_checkpoints/action_value/10000.orbax-checkpoint-tmp/opt_state.orbax-checkpoint-tmp
I0404 22:21:22.722266 138255701030464 atomicity.py:480] Renaming /content/drive/MyDrive/chess_vae_checkpoints/action_value/10000.orbax-checkpoint-tmp/opt_state.orbax-checkpoint-tmp to /content/drive/MyDrive/chess_vae_checkpoints/action_value/10000.orbax-checkpoint-tmp/opt_state
I0404 22:21:22.725506 138255701030464 atomicity.py:480] Renaming /content/drive/MyDrive/chess_vae_checkpoints/action_value/10000.orbax-checkpoint-tmp/data_iter.orbax-checkpoint-tmp to /content/drive/MyDrive/chess_vae_checkpoints/action_value/10000.orbax-checkpoint-tmp/data_iter
I0404 22:21:22.728361 138255701030464 atomicity.py:480] Renaming /content/drive/MyDrive/chess_vae_checkpoints/action_value/10000.orbax-checkpoint-tmp to /content/drive/MyDrive/chess_vae_checkpoints/action_value/10000
I0404 22:21:22.873502 138255701030464 atomicity.py:790] [process=0][thread=async_save] Finished saving checkpoint (finalized tmp dir) to `/content/drive/MyDrive/chess_vae_checkpoints/action_value/10000`.
I0404 22:21:22.875648 138255701030464 async_checkpointer.py:420] Finished async_save (blocking + background). Time taken: 2.493236s. directory=/content/drive/MyDrive/chess_vae_checkpoints/action_value/10000
I0404 22:21:22.875807 138255701030464 async_checkpointer.py:144] [process=0][thread=async_save] Background save thread done. Time taken: 1.841336s.
I0404 22:21:22.876060 138255692637760 async_checkpointer.py:273] [process=0][thread=save_finalize] Done with waiting for background save thread=async_save.
I0404 22:21:22.876159 138255692637760 async_checkpointer.py:283] [process=0][thread=save_finalize] No errors found in background save thread=async_save.
I0404 22:21:22.876235 138255692637760 checkpoint_manager.py:2133] [process=0][thread=save_finalize][step=10000] CheckpointManager Save Finalize is syncing with other hosts...
I0404 22:21:22.876294 138255692637760 checkpoint_manager.py:2142] [process=0][thread=save_finalize][step=10000] CheckpointManager Save Finalize is done on all hosts.
I0404 22:24:08.128811 138309521183360 training.py:316] step: 11000 | loss: 0.000001 | grad_norm_unclipped: 0.000151
I0404 22:26:54.437674 138309521183360 training.py:316] step: 12000 | loss: 0.000001 | grad_norm_unclipped: 0.000098
I0404 22:29:41.838256 138309521183360 training.py:316] step: 13000 | loss: 0.000001 | grad_norm_unclipped: 0.000099
I0404 22:32:28.442479 138309521183360 training.py:316] step: 14000 | loss: 0.000000 | grad_norm_unclipped: 0.000075
I0404 22:35:14.768409 138309521183360 training.py:316] step: 15000 | loss: 0.000000 | grad_norm_unclipped: 0.000048
I0404 22:38:02.953820 138309521183360 training.py:316] step: 16000 | loss: 0.000000 | grad_norm_unclipped: 0.000036
I0404 22:40:50.342529 138309521183360 training.py:316] step: 17000 | loss: 0.000000 | grad_norm_unclipped: 0.000030
I0404 22:43:37.385633 138309521183360 training.py:316] step: 18000 | loss: 0.000000 | grad_norm_unclipped: 0.000023
I0404 22:46:24.936252 138309521183360 training.py:316] step: 19000 | loss: 0.000000 | grad_norm_unclipped: 0.000020
I0404 22:49:10.161874 138309521183360 training.py:287] Checkpointing step 20000.
I0404 22:49:10.162168 138309521183360 checkpoint_manager.py:2013] [process=0][thread=MainThread][wait_until_finished] No Save Finalize thread to wait for. Returning.
I0404 22:49:10.163042 138309521183360 checkpoint_manager.py:1518] [process=0] Saving checkpoint at step 20000
I0404 22:49:10.163446 138309521183360 async_checkpointer.py:452] [process=0] Started async saving checkpoint to /content/drive/MyDrive/chess_vae_checkpoints/action_value/20000.
I0404 22:49:10.165922 138309521183360 future.py:363] [process=0][thread=MainThread][operation_id=3] _SignalingThread.join() waiting for signals ([<HandlerAwaitableSignal.STEP_DIRECTORY_CREATION: 'step_directory_creation'>, <HandlerAwaitableSignal.ITEM_DIRECTORY_CREATION: 'item_directory_creation'>]) blocking the main thread will slow down blocking save times. This is likely due to main thread calling result() on a CommitFuture.
I0404 22:49:10.166213 138255885669952 atomicity.py:137] Creating tmp directory /content/drive/MyDrive/chess_vae_checkpoints/action_value/20000.orbax-checkpoint-tmp
I0404 22:49:10.175553 138255826921024 atomicity.py:137] Creating tmp directory /content/drive/MyDrive/chess_vae_checkpoints/action_value/20000.orbax-checkpoint-tmp/opt_state.orbax-checkpoint-tmp
I0404 22:49:10.175728 138255826921024 atomicity.py:137] Creating tmp directory /content/drive/MyDrive/chess_vae_checkpoints/action_value/20000.orbax-checkpoint-tmp/params_ema.orbax-checkpoint-tmp
I0404 22:49:10.175828 138255826921024 atomicity.py:137] Creating tmp directory /content/drive/MyDrive/chess_vae_checkpoints/action_value/20000.orbax-checkpoint-tmp/data_iter.orbax-checkpoint-tmp
I0404 22:49:10.176211 138255826921024 atomicity.py:137] Creating tmp directory /content/drive/MyDrive/chess_vae_checkpoints/action_value/20000.orbax-checkpoint-tmp/params.orbax-checkpoint-tmp
I0404 22:49:10.243749 138309521183360 jax_array_handlers.py:358] Scheduling D2H of 259 prioritized jax.Array.
I0404 22:49:10.243900 138309521183360 replica_slices.py:424] Transferring arrays to host memory with options: use_replica_parallel=True, min_slice_bytes_for_replica_parallel=None, max_replicas_for_replica_parallel=None, enable_pinned_host_transfer=True
I0404 22:49:10.355724 138309521183360 base_pytree_checkpoint_handler.py:153] [process=0][thread=MainThread] Initiated "orbax.checkpoint._src.serialization.jax_array_handlers.ArrayHandler".serialize. Time taken: 0.112731s
I0404 22:49:10.394366 138309521183360 jax_array_handlers.py:358] Scheduling D2H of 129 prioritized jax.Array.
I0404 22:49:10.394509 138309521183360 replica_slices.py:424] Transferring arrays to host memory with options: use_replica_parallel=True, min_slice_bytes_for_replica_parallel=None, max_replicas_for_replica_parallel=None, enable_pinned_host_transfer=True
I0404 22:49:10.415154 138255717815872 array_metadata_store.py:203] [process=0][thread=array_type_handler] Wrote 259 array_metadata.ArrayMetadata to /content/drive/MyDrive/chess_vae_checkpoints/action_value/20000.orbax-checkpoint-tmp/opt_state.orbax-checkpoint-tmp/array_metadatas/process_0
I0404 22:49:10.600822 138309521183360 base_pytree_checkpoint_handler.py:153] [process=0][thread=MainThread] Initiated "orbax.checkpoint._src.serialization.jax_array_handlers.ArrayHandler".serialize. Time taken: 0.244864s
I0404 22:49:10.609330 138309521183360 base_pytree_checkpoint_handler.py:129] [process=0] /jax/checkpoint/write/blocking_gbytes_per_sec: 215.335 MiB/s (total gbytes: 87.1 MiB) (time elapsed: 0.40457868576049805 s) (per-host)
I0404 22:49:10.609445 138309521183360 base_pytree_checkpoint_handler.py:737] [process=0][thread=MainThread] Initiated Pytree async_save. Time taken: 0.404716s (batch_requests_ready=0.022030s, total_serialization_initiated=0.381668s, others=0.001018s)
I0404 22:49:10.612086 138309521183360 jax_array_handlers.py:358] Scheduling D2H of 129 prioritized jax.Array.
I0404 22:49:10.612201 138309521183360 replica_slices.py:424] Transferring arrays to host memory with options: use_replica_parallel=True, min_slice_bytes_for_replica_parallel=None, max_replicas_for_replica_parallel=None, enable_pinned_host_transfer=True
I0404 22:49:10.653775 138255591925312 array_metadata_store.py:203] [process=0][thread=array_type_handler] Wrote 129 array_metadata.ArrayMetadata to /content/drive/MyDrive/chess_vae_checkpoints/action_value/20000.orbax-checkpoint-tmp/params.orbax-checkpoint-tmp/array_metadatas/process_0
I0404 22:49:10.791090 138309521183360 base_pytree_checkpoint_handler.py:153] [process=0][thread=MainThread] Initiated "orbax.checkpoint._src.serialization.jax_array_handlers.ArrayHandler".serialize. Time taken: 0.181448s
I0404 22:49:10.793022 138309521183360 base_pytree_checkpoint_handler.py:129] [process=0] /jax/checkpoint/write/blocking_gbytes_per_sec: 75.516 MiB/s (total gbytes: 43.6 MiB) (time elapsed: 0.5768287181854248 s) (per-host)
I0404 22:49:10.793149 138309521183360 base_pytree_checkpoint_handler.py:737] [process=0][thread=MainThread] Initiated Pytree async_save. Time taken: 0.576984s (batch_requests_ready=0.020690s, total_serialization_initiated=0.554397s, others=0.001897s)
I0404 22:49:10.794820 138309521183360 base_pytree_checkpoint_handler.py:129] [process=0] /jax/checkpoint/write/blocking_gbytes_per_sec: 76.017 MiB/s (total gbytes: 43.6 MiB) (time elapsed: 0.5730340480804443 s) (per-host)
I0404 22:49:10.794950 138309521183360 base_pytree_checkpoint_handler.py:737] [process=0][thread=MainThread] Initiated Pytree async_save. Time taken: 0.573179s (batch_requests_ready=0.379494s, total_serialization_initiated=0.192078s, others=0.001607s)
I0404 22:49:10.795125 138309521183360 composite_checkpoint_handler.py:715] [process=0][thread=MainThread] Initiated CompositeCheckpointHandler.async_save. Time taken: 0.630340s (all_items=0.038000s, per_item={'data_iter': '0.03798151', 'opt_state': '0.00001216', 'params': '0.00000358', 'params_ema': '0.00000262'}, temp_paths=0.592340)
I0404 22:49:10.801208 138255507998272 async_checkpointer.py:79] [process=0][thread=async_save] Background save thread started.
I0404 22:49:10.802134 138309521183360 async_checkpointer.py:561] Finished blocking save. Time taken: 0.639000s. Continuing background save to /content/drive/MyDrive/chess_vae_checkpoints/action_value/20000.
I0404 22:49:10.802724 138309521183360 checkpoint_manager.py:1566] [process=0][thread=MainThread][step=20000] Starting CheckpointManager Save Finalize thread=save_finalize
I0404 22:49:10.803036 138255843706432 async_checkpointer.py:265] [process=0][thread=save_finalize] Waiting for background save thread=async_save.
I0404 22:49:10.805390 138309521183360 standard_logger.py:34] {'step': 20000, 'event_type': 'save', 'directory': '/content/drive/MyDrive/chess_vae_checkpoints/action_value', 'reached_preemption': False, 'preemption_received_at': None, 'synchronous': False, 'wait_for_prev_start_time': 1775342950.1621313, 'wait_for_prev_duration_secs': 8.916854858398438e-05, 'time_between_consecutive_saves_sec': 1667.2858052253723, 'checkpointer_blocking_start_time': 1775342950.1631088, 'checkpointer_blocking_duration_secs': 0.6394011974334717, 'get_old_steps_start_time': 1775342950.8025315, 'get_old_steps_duration_secs': 0.00011396408081054688, 'checkpoint_manager_blocking_start_time': 1775342950.162034, 'checkpoint_manager_blocking_duration_secs': 0.6433095932006836}
I0404 22:49:11.180675 138255549961792 array_metadata_store.py:203] [process=0][thread=array_type_handler] Wrote 129 array_metadata.ArrayMetadata to /content/drive/MyDrive/chess_vae_checkpoints/action_value/20000.orbax-checkpoint-tmp/params_ema.orbax-checkpoint-tmp/array_metadatas/process_0
I0404 22:49:11.344667 138309521183360 training.py:316] step: 20000 | loss: 0.000000 | grad_norm_unclipped: 0.000016
I0404 22:49:11.509346 138255533176384 base_pytree_checkpoint_handler.py:1232] [process=0][thread=write_metadata_after_commits] Commit + Array metadata written. Time taken: 0.716636s (commit=0.690955s, array_metadata_write=0.025681s)
I0404 22:49:11.709671 138255516390976 base_pytree_checkpoint_handler.py:1232] [process=0][thread=write_metadata_after_commits] Commit + Array metadata written. Time taken: 0.913136s (commit=0.752455s, array_metadata_write=0.160681s)
I0404 22:49:11.853144 138255575139904 base_pytree_checkpoint_handler.py:1232] [process=0][thread=write_metadata_after_commits] Commit + Array metadata written. Time taken: 1.242079s (commit=1.082915s, array_metadata_write=0.159164s)
I0404 22:49:11.854534 138255507998272 base_pytree_checkpoint_handler.py:129] [process=0] /jax/checkpoint/write/gbytes_per_sec: 52.807 MiB/s (total gbytes: 87.1 MiB) (time elapsed: 1.6497766971588135 s) (per-host)
I0404 22:49:11.854666 138255507998272 base_pytree_checkpoint_handler.py:129] [process=0] /jax/checkpoint/write/gbytes_per_sec: 26.585 MiB/s (total gbytes: 43.6 MiB) (time elapsed: 1.6385018825531006 s) (per-host)
I0404 22:49:11.854738 138255507998272 base_pytree_checkpoint_handler.py:129] [process=0] /jax/checkpoint/write/gbytes_per_sec: 26.675 MiB/s (total gbytes: 43.6 MiB) (time elapsed: 1.6329731941223145 s) (per-host)
I0404 22:49:11.854785 138255507998272 async_checkpointer.py:90] [process=0][thread=async_save] 5 Handler Commit operations completed. Time taken: 1.053484s.
I0404 22:49:12.001257 138255507998272 array_metadata_store.py:367] [process=0][thread=async_save] Skipped cross-host ArrayMetadata validation because only one process is found: process_index=0.
I0404 22:49:12.091561 138255507998272 base_pytree_checkpoint_handler.py:1356] [process=0][thread=async_save] Pytree save finalize (merge_ocdbt + ArrayMetadata validation) completed. Time taken: 0.233596s. use_zarr3=False, enable_post_merge_validation=True, directory=/content/drive/MyDrive/chess_vae_checkpoints/action_value/20000.orbax-checkpoint-tmp/params.orbax-checkpoint-tmp
I0404 22:49:12.177493 138255507998272 atomicity.py:480] Renaming /content/drive/MyDrive/chess_vae_checkpoints/action_value/20000.orbax-checkpoint-tmp/params.orbax-checkpoint-tmp to /content/drive/MyDrive/chess_vae_checkpoints/action_value/20000.orbax-checkpoint-tmp/params
I0404 22:49:12.185118 138255507998272 array_metadata_store.py:367] [process=0][thread=async_save] Skipped cross-host ArrayMetadata validation because only one process is found: process_index=0.
I0404 22:49:12.331397 138255507998272 base_pytree_checkpoint_handler.py:1356] [process=0][thread=async_save] Pytree save finalize (merge_ocdbt + ArrayMetadata validation) completed. Time taken: 0.150774s. use_zarr3=False, enable_post_merge_validation=True, directory=/content/drive/MyDrive/chess_vae_checkpoints/action_value/20000.orbax-checkpoint-tmp/params_ema.orbax-checkpoint-tmp
I0404 22:49:12.333606 138255507998272 atomicity.py:480] Renaming /content/drive/MyDrive/chess_vae_checkpoints/action_value/20000.orbax-checkpoint-tmp/params_ema.orbax-checkpoint-tmp to /content/drive/MyDrive/chess_vae_checkpoints/action_value/20000.orbax-checkpoint-tmp/params_ema
I0404 22:49:12.341077 138255507998272 array_metadata_store.py:367] [process=0][thread=async_save] Skipped cross-host ArrayMetadata validation because only one process is found: process_index=0.
I0404 22:49:12.453252 138255507998272 base_pytree_checkpoint_handler.py:1356] [process=0][thread=async_save] Pytree save finalize (merge_ocdbt + ArrayMetadata validation) completed. Time taken: 0.116917s. use_zarr3=False, enable_post_merge_validation=True, directory=/content/drive/MyDrive/chess_vae_checkpoints/action_value/20000.orbax-checkpoint-tmp/opt_state.orbax-checkpoint-tmp
I0404 22:49:12.480605 138255507998272 atomicity.py:480] Renaming /content/drive/MyDrive/chess_vae_checkpoints/action_value/20000.orbax-checkpoint-tmp/opt_state.orbax-checkpoint-tmp to /content/drive/MyDrive/chess_vae_checkpoints/action_value/20000.orbax-checkpoint-tmp/opt_state
I0404 22:49:12.483352 138255507998272 atomicity.py:480] Renaming /content/drive/MyDrive/chess_vae_checkpoints/action_value/20000.orbax-checkpoint-tmp/data_iter.orbax-checkpoint-tmp to /content/drive/MyDrive/chess_vae_checkpoints/action_value/20000.orbax-checkpoint-tmp/data_iter
I0404 22:49:12.485878 138255507998272 atomicity.py:480] Renaming /content/drive/MyDrive/chess_vae_checkpoints/action_value/20000.orbax-checkpoint-tmp to /content/drive/MyDrive/chess_vae_checkpoints/action_value/20000
I0404 22:49:12.628514 138255507998272 atomicity.py:790] [process=0][thread=async_save] Finished saving checkpoint (finalized tmp dir) to `/content/drive/MyDrive/chess_vae_checkpoints/action_value/20000`.
I0404 22:49:12.629212 138255507998272 async_checkpointer.py:420] Finished async_save (blocking + background). Time taken: 2.466083s. directory=/content/drive/MyDrive/chess_vae_checkpoints/action_value/20000
I0404 22:49:12.629340 138255507998272 async_checkpointer.py:144] [process=0][thread=async_save] Background save thread done. Time taken: 1.828037s.
I0404 22:49:12.629509 138255843706432 async_checkpointer.py:273] [process=0][thread=save_finalize] Done with waiting for background save thread=async_save.
I0404 22:49:12.629609 138255843706432 async_checkpointer.py:283] [process=0][thread=save_finalize] No errors found in background save thread=async_save.
I0404 22:49:13.535396 138255843706432 deleter.py:273] Deleted step 10000.
I0404 22:49:13.535544 138255843706432 checkpoint_manager.py:2133] [process=0][thread=save_finalize][step=20000] CheckpointManager Save Finalize is syncing with other hosts...
I0404 22:49:13.535638 138255843706432 checkpoint_manager.py:2142] [process=0][thread=save_finalize][step=20000] CheckpointManager Save Finalize is done on all hosts.
I0404 22:51:52.875220 138309521183360 training.py:316] step: 21000 | loss: 0.000000 | grad_norm_unclipped: 0.000012
I0404 22:54:34.720632 138309521183360 training.py:316] step: 22000 | loss: 0.000000 | grad_norm_unclipped: 0.000010
I0404 22:57:15.294931 138309521183360 training.py:316] step: 23000 | loss: 0.000000 | grad_norm_unclipped: 0.000009
I0404 22:59:57.183012 138309521183360 training.py:316] step: 24000 | loss: 0.000000 | grad_norm_unclipped: 0.000008
I0404 23:02:36.926167 138309521183360 training.py:316] step: 25000 | loss: 0.000000 | grad_norm_unclipped: 0.000006
I0404 23:05:17.325375 138309521183360 training.py:316] step: 26000 | loss: 0.000000 | grad_norm_unclipped: 0.000006
I0404 23:07:58.294403 138309521183360 training.py:316] step: 27000 | loss: 0.000000 | grad_norm_unclipped: 0.000005
I0404 23:10:38.835247 138309521183360 training.py:316] step: 28000 | loss: 0.000000 | grad_norm_unclipped: 0.000004
I0404 23:13:20.097753 138309521183360 training.py:316] step: 29000 | loss: 0.000000 | grad_norm_unclipped: 0.000004
I0404 23:16:00.732441 138309521183360 training.py:287] Checkpointing step 30000.
I0404 23:16:00.732722 138309521183360 checkpoint_manager.py:2013] [process=0][thread=MainThread][wait_until_finished] No Save Finalize thread to wait for. Returning.
I0404 23:16:00.733578 138309521183360 checkpoint_manager.py:1518] [process=0] Saving checkpoint at step 30000
I0404 23:16:00.734007 138309521183360 async_checkpointer.py:452] [process=0] Started async saving checkpoint to /content/drive/MyDrive/chess_vae_checkpoints/action_value/30000.
I0404 23:16:00.736415 138309521183360 future.py:363] [process=0][thread=MainThread][operation_id=4] _SignalingThread.join() waiting for signals ([<HandlerAwaitableSignal.STEP_DIRECTORY_CREATION: 'step_directory_creation'>, <HandlerAwaitableSignal.ITEM_DIRECTORY_CREATION: 'item_directory_creation'>]) blocking the main thread will slow down blocking save times. This is likely due to main thread calling result() on a CommitFuture.
I0404 23:16:00.736614 138255701030464 atomicity.py:137] Creating tmp directory /content/drive/MyDrive/chess_vae_checkpoints/action_value/30000.orbax-checkpoint-tmp
I0404 23:16:00.745525 138255667459648 atomicity.py:137] Creating tmp directory /content/drive/MyDrive/chess_vae_checkpoints/action_value/30000.orbax-checkpoint-tmp/params_ema.orbax-checkpoint-tmp
I0404 23:16:00.746102 138255667459648 atomicity.py:137] Creating tmp directory /content/drive/MyDrive/chess_vae_checkpoints/action_value/30000.orbax-checkpoint-tmp/params.orbax-checkpoint-tmp
I0404 23:16:00.746233 138255667459648 atomicity.py:137] Creating tmp directory /content/drive/MyDrive/chess_vae_checkpoints/action_value/30000.orbax-checkpoint-tmp/opt_state.orbax-checkpoint-tmp
I0404 23:16:00.746454 138255667459648 atomicity.py:137] Creating tmp directory /content/drive/MyDrive/chess_vae_checkpoints/action_value/30000.orbax-checkpoint-tmp/data_iter.orbax-checkpoint-tmp
I0404 23:16:00.972028 138309521183360 jax_array_handlers.py:358] Scheduling D2H of 259 prioritized jax.Array.
I0404 23:16:00.972195 138309521183360 replica_slices.py:424] Transferring arrays to host memory with options: use_replica_parallel=True, min_slice_bytes_for_replica_parallel=None, max_replicas_for_replica_parallel=None, enable_pinned_host_transfer=True
I0404 23:16:01.083358 138309521183360 base_pytree_checkpoint_handler.py:153] [process=0][thread=MainThread] Initiated "orbax.checkpoint._src.serialization.jax_array_handlers.ArrayHandler".serialize. Time taken: 0.112177s
I0404 23:16:01.112250 138309521183360 jax_array_handlers.py:358] Scheduling D2H of 129 prioritized jax.Array.
I0404 23:16:01.112985 138309521183360 replica_slices.py:424] Transferring arrays to host memory with options: use_replica_parallel=True, min_slice_bytes_for_replica_parallel=None, max_replicas_for_replica_parallel=None, enable_pinned_host_transfer=True
I0404 23:16:01.140068 138255843706432 array_metadata_store.py:203] [process=0][thread=array_type_handler] Wrote 259 array_metadata.ArrayMetadata to /content/drive/MyDrive/chess_vae_checkpoints/action_value/30000.orbax-checkpoint-tmp/opt_state.orbax-checkpoint-tmp/array_metadatas/process_0
I0404 23:16:01.319896 138309521183360 base_pytree_checkpoint_handler.py:153] [process=0][thread=MainThread] Initiated "orbax.checkpoint._src.serialization.jax_array_handlers.ArrayHandler".serialize. Time taken: 0.236406s
I0404 23:16:01.340795 138309521183360 jax_array_handlers.py:358] Scheduling D2H of 129 prioritized jax.Array.
I0404 23:16:01.341376 138309521183360 replica_slices.py:424] Transferring arrays to host memory with options: use_replica_parallel=True, min_slice_bytes_for_replica_parallel=None, max_replicas_for_replica_parallel=None, enable_pinned_host_transfer=True
I0404 23:16:01.361740 138255583532608 array_metadata_store.py:203] [process=0][thread=array_type_handler] Wrote 129 array_metadata.ArrayMetadata to /content/drive/MyDrive/chess_vae_checkpoints/action_value/30000.orbax-checkpoint-tmp/params.orbax-checkpoint-tmp/array_metadatas/process_0
I0404 23:16:01.545463 138309521183360 base_pytree_checkpoint_handler.py:153] [process=0][thread=MainThread] Initiated "orbax.checkpoint._src.serialization.jax_array_handlers.ArrayHandler".serialize. Time taken: 0.219551s
I0404 23:16:01.563605 138309521183360 base_pytree_checkpoint_handler.py:129] [process=0] /jax/checkpoint/write/blocking_gbytes_per_sec: 109.250 MiB/s (total gbytes: 87.1 MiB) (time elapsed: 0.7974395751953125 s) (per-host)
I0404 23:16:01.564220 138309521183360 base_pytree_checkpoint_handler.py:737] [process=0][thread=MainThread] Initiated Pytree async_save. Time taken: 0.798085s (batch_requests_ready=0.190161s, total_serialization_initiated=0.596120s, others=0.011804s)
I0404 23:16:01.566295 138309521183360 base_pytree_checkpoint_handler.py:129] [process=0] /jax/checkpoint/write/blocking_gbytes_per_sec: 55.231 MiB/s (total gbytes: 43.6 MiB) (time elapsed: 0.7886931896209717 s) (per-host)
I0404 23:16:01.566522 138309521183360 base_pytree_checkpoint_handler.py:737] [process=0][thread=MainThread] Initiated Pytree async_save. Time taken: 0.788936s (batch_requests_ready=0.188712s, total_serialization_initiated=0.598146s, others=0.002078s)
I0404 23:16:01.568744 138309521183360 base_pytree_checkpoint_handler.py:129] [process=0] /jax/checkpoint/write/blocking_gbytes_per_sec: 70.524 MiB/s (total gbytes: 43.6 MiB) (time elapsed: 0.617659330368042 s) (per-host)
I0404 23:16:01.568850 138309521183360 base_pytree_checkpoint_handler.py:737] [process=0][thread=MainThread] Initiated Pytree async_save. Time taken: 0.617771s (batch_requests_ready=0.369202s, total_serialization_initiated=0.246893s, others=0.001675s)
I0404 23:16:01.569028 138309521183360 composite_checkpoint_handler.py:715] [process=0][thread=MainThread] Initiated CompositeCheckpointHandler.async_save. Time taken: 0.833774s (all_items=0.028774s, per_item={'data_iter': '0.02873993', 'opt_state': '0.00001311', 'params': '0.00000358', 'params_ema': '0.00001788'}, temp_paths=0.805000)
I0404 23:16:01.571280 138255474427456 async_checkpointer.py:79] [process=0][thread=async_save] Background save thread started.
I0404 23:16:01.571547 138309521183360 async_checkpointer.py:561] Finished blocking save. Time taken: 0.837869s. Continuing background save to /content/drive/MyDrive/chess_vae_checkpoints/action_value/30000.
I0404 23:16:01.572325 138309521183360 checkpoint_manager.py:1566] [process=0][thread=MainThread][step=30000] Starting CheckpointManager Save Finalize thread=save_finalize
I0404 23:16:01.572566 138297166784064 async_checkpointer.py:265] [process=0][thread=save_finalize] Waiting for background save thread=async_save.
I0404 23:16:01.573342 138309521183360 standard_logger.py:34] {'step': 30000, 'event_type': 'save', 'directory': '/content/drive/MyDrive/chess_vae_checkpoints/action_value', 'reached_preemption': False, 'preemption_received_at': None, 'synchronous': False, 'wait_for_prev_start_time': 1775344560.7326906, 'wait_for_prev_duration_secs': 8.082389831542969e-05, 'time_between_consecutive_saves_sec': 1607.1970105171204, 'checkpointer_blocking_start_time': 1775344560.733657, 'checkpointer_blocking_duration_secs': 0.8384952545166016, 'get_old_steps_start_time': 1775344561.5721717, 'get_old_steps_duration_secs': 9.441375732421875e-05, 'checkpoint_manager_blocking_start_time': 1775344560.7325957, 'checkpoint_manager_blocking_duration_secs': 0.8407104015350342}
I0404 23:16:01.741180 138255541569088 array_metadata_store.py:203] [process=0][thread=array_type_handler] Wrote 129 array_metadata.ArrayMetadata to /content/drive/MyDrive/chess_vae_checkpoints/action_value/30000.orbax-checkpoint-tmp/params_ema.orbax-checkpoint-tmp/array_metadatas/process_0
I0404 23:16:01.936367 138309521183360 training.py:316] step: 30000 | loss: 0.000000 | grad_norm_unclipped: 0.000004
I0404 23:16:02.077057 138255499605568 base_pytree_checkpoint_handler.py:1232] [process=0][thread=write_metadata_after_commits] Commit + Array metadata written. Time taken: 0.511339s (commit=0.344341s, array_metadata_write=0.166998s)
I0404 23:16:02.077565 138255533176384 base_pytree_checkpoint_handler.py:1232] [process=0][thread=write_metadata_after_commits] Commit + Array metadata written. Time taken: 0.524733s (commit=0.359637s, array_metadata_write=0.165095s)
I0404 23:16:02.080761 138255474427456 base_pytree_checkpoint_handler.py:129] [process=0] /jax/checkpoint/write/gbytes_per_sec: 66.270 MiB/s (total gbytes: 87.1 MiB) (time elapsed: 1.3146181106567383 s) (per-host)
I0404 23:16:02.083095 138255474427456 base_pytree_checkpoint_handler.py:129] [process=0] /jax/checkpoint/write/gbytes_per_sec: 33.367 MiB/s (total gbytes: 43.6 MiB) (time elapsed: 1.3054981231689453 s) (per-host)
I0404 23:16:02.244525 138255482820160 base_pytree_checkpoint_handler.py:1232] [process=0][thread=write_metadata_after_commits] Commit + Array metadata written. Time taken: 0.676354s (commit=0.530309s, array_metadata_write=0.146045s)
I0404 23:16:02.245861 138255474427456 base_pytree_checkpoint_handler.py:129] [process=0] /jax/checkpoint/write/gbytes_per_sec: 33.644 MiB/s (total gbytes: 43.6 MiB) (time elapsed: 1.2947535514831543 s) (per-host)
I0404 23:16:02.245958 138255474427456 async_checkpointer.py:90] [process=0][thread=async_save] 5 Handler Commit operations completed. Time taken: 0.673975s.
I0404 23:16:02.394473 138255474427456 array_metadata_store.py:367] [process=0][thread=async_save] Skipped cross-host ArrayMetadata validation because only one process is found: process_index=0.
I0404 23:16:02.539035 138255474427456 base_pytree_checkpoint_handler.py:1356] [process=0][thread=async_save] Pytree save finalize (merge_ocdbt + ArrayMetadata validation) completed. Time taken: 0.223556s. use_zarr3=False, enable_post_merge_validation=True, directory=/content/drive/MyDrive/chess_vae_checkpoints/action_value/30000.orbax-checkpoint-tmp/params.orbax-checkpoint-tmp
I0404 23:16:02.542945 138255474427456 atomicity.py:480] Renaming /content/drive/MyDrive/chess_vae_checkpoints/action_value/30000.orbax-checkpoint-tmp/params.orbax-checkpoint-tmp to /content/drive/MyDrive/chess_vae_checkpoints/action_value/30000.orbax-checkpoint-tmp/params
I0404 23:16:02.550931 138255474427456 array_metadata_store.py:367] [process=0][thread=async_save] Skipped cross-host ArrayMetadata validation because only one process is found: process_index=0.
I0404 23:16:02.862905 138255474427456 base_pytree_checkpoint_handler.py:1356] [process=0][thread=async_save] Pytree save finalize (merge_ocdbt + ArrayMetadata validation) completed. Time taken: 0.316784s. use_zarr3=False, enable_post_merge_validation=True, directory=/content/drive/MyDrive/chess_vae_checkpoints/action_value/30000.orbax-checkpoint-tmp/params_ema.orbax-checkpoint-tmp
I0404 23:16:02.864994 138255474427456 atomicity.py:480] Renaming /content/drive/MyDrive/chess_vae_checkpoints/action_value/30000.orbax-checkpoint-tmp/params_ema.orbax-checkpoint-tmp to /content/drive/MyDrive/chess_vae_checkpoints/action_value/30000.orbax-checkpoint-tmp/params_ema
I0404 23:16:03.041802 138255474427456 array_metadata_store.py:367] [process=0][thread=async_save] Skipped cross-host ArrayMetadata validation because only one process is found: process_index=0.
I0404 23:16:03.162397 138255474427456 base_pytree_checkpoint_handler.py:1356] [process=0][thread=async_save] Pytree save finalize (merge_ocdbt + ArrayMetadata validation) completed. Time taken: 0.294485s. use_zarr3=False, enable_post_merge_validation=True, directory=/content/drive/MyDrive/chess_vae_checkpoints/action_value/30000.orbax-checkpoint-tmp/opt_state.orbax-checkpoint-tmp
I0404 23:16:03.184165 138255474427456 atomicity.py:480] Renaming /content/drive/MyDrive/chess_vae_checkpoints/action_value/30000.orbax-checkpoint-tmp/opt_state.orbax-checkpoint-tmp to /content/drive/MyDrive/chess_vae_checkpoints/action_value/30000.orbax-checkpoint-tmp/opt_state
I0404 23:16:03.186958 138255474427456 atomicity.py:480] Renaming /content/drive/MyDrive/chess_vae_checkpoints/action_value/30000.orbax-checkpoint-tmp/data_iter.orbax-checkpoint-tmp to /content/drive/MyDrive/chess_vae_checkpoints/action_value/30000.orbax-checkpoint-tmp/data_iter
I0404 23:16:03.189339 138255474427456 atomicity.py:480] Renaming /content/drive/MyDrive/chess_vae_checkpoints/action_value/30000.orbax-checkpoint-tmp to /content/drive/MyDrive/chess_vae_checkpoints/action_value/30000
I0404 23:16:03.327719 138255474427456 atomicity.py:790] [process=0][thread=async_save] Finished saving checkpoint (finalized tmp dir) to `/content/drive/MyDrive/chess_vae_checkpoints/action_value/30000`.
I0404 23:16:03.328397 138255474427456 async_checkpointer.py:420] Finished async_save (blocking + background). Time taken: 2.594720s. directory=/content/drive/MyDrive/chess_vae_checkpoints/action_value/30000
I0404 23:16:03.328520 138255474427456 async_checkpointer.py:144] [process=0][thread=async_save] Background save thread done. Time taken: 1.756536s.
I0404 23:16:03.328686 138297166784064 async_checkpointer.py:273] [process=0][thread=save_finalize] Done with waiting for background save thread=async_save.
I0404 23:16:03.328791 138297166784064 async_checkpointer.py:283] [process=0][thread=save_finalize] No errors found in background save thread=async_save.
I0404 23:16:04.079043 138297166784064 deleter.py:273] Deleted step 20000.
I0404 23:16:04.079179 138297166784064 checkpoint_manager.py:2133] [process=0][thread=save_finalize][step=30000] CheckpointManager Save Finalize is syncing with other hosts...
I0404 23:16:04.079255 138297166784064 checkpoint_manager.py:2142] [process=0][thread=save_finalize][step=30000] CheckpointManager Save Finalize is done on all hosts.
I0404 23:18:44.877495 138309521183360 training.py:316] step: 31000 | loss: 0.000000 | grad_norm_unclipped: 0.000004
I0404 23:21:27.738917 138309521183360 training.py:316] step: 32000 | loss: 0.000000 | grad_norm_unclipped: 0.000004
I0404 23:24:09.748826 138309521183360 training.py:316] step: 33000 | loss: 0.000000 | grad_norm_unclipped: 0.000004
I0404 23:26:52.191978 138309521183360 training.py:316] step: 34000 | loss: 0.000000 | grad_norm_unclipped: 0.000004
I0404 23:29:33.791765 138309521183360 training.py:316] step: 35000 | loss: 0.000000 | grad_norm_unclipped: 0.000004
I0404 23:32:16.336594 138309521183360 training.py:316] step: 36000 | loss: 0.000000 | grad_norm_unclipped: 0.000004
I0404 23:34:58.905808 138309521183360 training.py:316] step: 37000 | loss: 0.000000 | grad_norm_unclipped: 0.000004
I0404 23:37:41.942232 138309521183360 training.py:316] step: 38000 | loss: 0.000000 | grad_norm_unclipped: 0.000004
I0404 23:40:23.585939 138309521183360 training.py:316] step: 39000 | loss: 0.000000 | grad_norm_unclipped: 0.000004
I0404 23:43:02.581218 138309521183360 training.py:287] Checkpointing step 40000.
I0404 23:43:02.581501 138309521183360 checkpoint_manager.py:2013] [process=0][thread=MainThread][wait_until_finished] No Save Finalize thread to wait for. Returning.
I0404 23:43:02.582397 138309521183360 checkpoint_manager.py:1518] [process=0] Saving checkpoint at step 40000
I0404 23:43:02.582812 138309521183360 async_checkpointer.py:452] [process=0] Started async saving checkpoint to /content/drive/MyDrive/chess_vae_checkpoints/action_value/40000.
I0404 23:43:02.585411 138309521183360 future.py:363] [process=0][thread=MainThread][operation_id=5] _SignalingThread.join() waiting for signals ([<HandlerAwaitableSignal.STEP_DIRECTORY_CREATION: 'step_directory_creation'>, <HandlerAwaitableSignal.ITEM_DIRECTORY_CREATION: 'item_directory_creation'>]) blocking the main thread will slow down blocking save times. This is likely due to main thread calling result() on a CommitFuture.
I0404 23:43:02.585547 138255650674240 atomicity.py:137] Creating tmp directory /content/drive/MyDrive/chess_vae_checkpoints/action_value/40000.orbax-checkpoint-tmp
I0404 23:43:02.594703 138295413544512 atomicity.py:137] Creating tmp directory /content/drive/MyDrive/chess_vae_checkpoints/action_value/40000.orbax-checkpoint-tmp/opt_state.orbax-checkpoint-tmp
I0404 23:43:02.595311 138295413544512 atomicity.py:137] Creating tmp directory /content/drive/MyDrive/chess_vae_checkpoints/action_value/40000.orbax-checkpoint-tmp/params_ema.orbax-checkpoint-tmp
I0404 23:43:02.595492 138295413544512 atomicity.py:137] Creating tmp directory /content/drive/MyDrive/chess_vae_checkpoints/action_value/40000.orbax-checkpoint-tmp/params.orbax-checkpoint-tmp
I0404 23:43:02.595705 138295413544512 atomicity.py:137] Creating tmp directory /content/drive/MyDrive/chess_vae_checkpoints/action_value/40000.orbax-checkpoint-tmp/data_iter.orbax-checkpoint-tmp
I0404 23:43:02.657784 138309521183360 jax_array_handlers.py:358] Scheduling D2H of 259 prioritized jax.Array.
I0404 23:43:02.657999 138309521183360 replica_slices.py:424] Transferring arrays to host memory with options: use_replica_parallel=True, min_slice_bytes_for_replica_parallel=None, max_replicas_for_replica_parallel=None, enable_pinned_host_transfer=True
I0404 23:43:02.777529 138309521183360 base_pytree_checkpoint_handler.py:153] [process=0][thread=MainThread] Initiated "orbax.checkpoint._src.serialization.jax_array_handlers.ArrayHandler".serialize. Time taken: 0.120573s
I0404 23:43:02.783569 138309521183360 jax_array_handlers.py:358] Scheduling D2H of 129 prioritized jax.Array.
I0404 23:43:02.783772 138309521183360 replica_slices.py:424] Transferring arrays to host memory with options: use_replica_parallel=True, min_slice_bytes_for_replica_parallel=None, max_replicas_for_replica_parallel=None, enable_pinned_host_transfer=True
I0404 23:43:02.849528 138255826921024 array_metadata_store.py:203] [process=0][thread=array_type_handler] Wrote 259 array_metadata.ArrayMetadata to /content/drive/MyDrive/chess_vae_checkpoints/action_value/40000.orbax-checkpoint-tmp/opt_state.orbax-checkpoint-tmp/array_metadatas/process_0
I0404 23:43:03.022406 138309521183360 base_pytree_checkpoint_handler.py:153] [process=0][thread=MainThread] Initiated "orbax.checkpoint._src.serialization.jax_array_handlers.ArrayHandler".serialize. Time taken: 0.244597s
I0404 23:43:03.029287 138309521183360 base_pytree_checkpoint_handler.py:129] [process=0] /jax/checkpoint/write/blocking_gbytes_per_sec: 211.317 MiB/s (total gbytes: 87.1 MiB) (time elapsed: 0.41227149963378906 s) (per-host)
I0404 23:43:03.031484 138309521183360 base_pytree_checkpoint_handler.py:737] [process=0][thread=MainThread] Initiated Pytree async_save. Time taken: 0.414476s (batch_requests_ready=0.023371s, total_serialization_initiated=0.388363s, others=0.002741s)
I0404 23:43:03.032795 138309521183360 jax_array_handlers.py:358] Scheduling D2H of 129 prioritized jax.Array.
I0404 23:43:03.032944 138309521183360 replica_slices.py:424] Transferring arrays to host memory with options: use_replica_parallel=True, min_slice_bytes_for_replica_parallel=None, max_replicas_for_replica_parallel=None, enable_pinned_host_transfer=True
I0404 23:43:03.064523 138255591925312 array_metadata_store.py:203] [process=0][thread=array_type_handler] Wrote 129 array_metadata.ArrayMetadata to /content/drive/MyDrive/chess_vae_checkpoints/action_value/40000.orbax-checkpoint-tmp/params.orbax-checkpoint-tmp/array_metadatas/process_0
I0404 23:43:03.211120 138309521183360 base_pytree_checkpoint_handler.py:153] [process=0][thread=MainThread] Initiated "orbax.checkpoint._src.serialization.jax_array_handlers.ArrayHandler".serialize. Time taken: 0.179395s
I0404 23:43:03.211626 138309521183360 base_pytree_checkpoint_handler.py:129] [process=0] /jax/checkpoint/write/blocking_gbytes_per_sec: 74.782 MiB/s (total gbytes: 43.6 MiB) (time elapsed: 0.5824909210205078 s) (per-host)
I0404 23:43:03.211721 138309521183360 base_pytree_checkpoint_handler.py:737] [process=0][thread=MainThread] Initiated Pytree async_save. Time taken: 0.582598s (batch_requests_ready=0.021528s, total_serialization_initiated=0.560627s, others=0.000443s)
I0404 23:43:03.213013 138309521183360 base_pytree_checkpoint_handler.py:129] [process=0] /jax/checkpoint/write/blocking_gbytes_per_sec: 75.418 MiB/s (total gbytes: 43.6 MiB) (time elapsed: 0.5775809288024902 s) (per-host)
I0404 23:43:03.228646 138309521183360 base_pytree_checkpoint_handler.py:737] [process=0][thread=MainThread] Initiated Pytree async_save. Time taken: 0.593211s (batch_requests_ready=0.387502s, total_serialization_initiated=0.188996s, others=0.016713s)
I0404 23:43:03.230240 138309521183360 composite_checkpoint_handler.py:715] [process=0][thread=MainThread] Initiated CompositeCheckpointHandler.async_save. Time taken: 0.646040s (all_items=0.030477s, per_item={'data_iter': '0.03045654', 'opt_state': '0.00001383', 'params': '0.00000405', 'params_ema': '0.00000238'}, temp_paths=0.615563)
I0404 23:43:03.234154 138255499605568 async_checkpointer.py:79] [process=0][thread=async_save] Background save thread started.
I0404 23:43:03.234301 138309521183360 async_checkpointer.py:561] Finished blocking save. Time taken: 0.651805s. Continuing background save to /content/drive/MyDrive/chess_vae_checkpoints/action_value/40000.
I0404 23:43:03.234741 138309521183360 checkpoint_manager.py:1566] [process=0][thread=MainThread][step=40000] Starting CheckpointManager Save Finalize thread=save_finalize
I0404 23:43:03.235671 138255709423168 async_checkpointer.py:265] [process=0][thread=save_finalize] Waiting for background save thread=async_save.
I0404 23:43:03.235915 138309521183360 standard_logger.py:34] {'step': 40000, 'event_type': 'save', 'directory': '/content/drive/MyDrive/chess_vae_checkpoints/action_value', 'reached_preemption': False, 'preemption_received_at': None, 'synchronous': False, 'wait_for_prev_start_time': 1775346182.5814676, 'wait_for_prev_duration_secs': 8.535385131835938e-05, 'time_between_consecutive_saves_sec': 1618.5021781921387, 'checkpointer_blocking_start_time': 1775346182.5824707, 'checkpointer_blocking_duration_secs': 0.6521062850952148, 'get_old_steps_start_time': 1775346183.2345953, 'get_old_steps_duration_secs': 9.083747863769531e-05, 'checkpoint_manager_blocking_start_time': 1775346182.581373, 'checkpoint_manager_blocking_duration_secs': 0.6544971466064453}
I0404 23:43:03.431336 138255541569088 array_metadata_store.py:203] [process=0][thread=array_type_handler] Wrote 129 array_metadata.ArrayMetadata to /content/drive/MyDrive/chess_vae_checkpoints/action_value/40000.orbax-checkpoint-tmp/params_ema.orbax-checkpoint-tmp/array_metadatas/process_0
I0404 23:43:03.590079 138255533176384 base_pytree_checkpoint_handler.py:1232] [process=0][thread=write_metadata_after_commits] Commit + Array metadata written. Time taken: 0.377145s (commit=0.352285s, array_metadata_write=0.024860s)
I0404 23:43:03.593330 138309521183360 training.py:316] step: 40000 | loss: 0.000000 | grad_norm_unclipped: 0.000004
I0404 23:43:03.946021 138255575139904 base_pytree_checkpoint_handler.py:1232] [process=0][thread=write_metadata_after_commits] Commit + Array metadata written. Time taken: 0.916804s (commit=0.893023s, array_metadata_write=0.023781s)
I0404 23:43:03.947677 138255499605568 base_pytree_checkpoint_handler.py:129] [process=0] /jax/checkpoint/write/gbytes_per_sec: 65.471 MiB/s (total gbytes: 87.1 MiB) (time elapsed: 1.3306608200073242 s) (per-host)
I0404 23:43:03.947807 138255499605568 base_pytree_checkpoint_handler.py:129] [process=0] /jax/checkpoint/write/gbytes_per_sec: 33.033 MiB/s (total gbytes: 43.6 MiB) (time elapsed: 1.3186817169189453 s) (per-host)
I0404 23:43:04.096016 138255524783680 base_pytree_checkpoint_handler.py:1232] [process=0][thread=write_metadata_after_commits] Commit + Array metadata written. Time taken: 0.883336s (commit=0.737780s, array_metadata_write=0.145556s)
I0404 23:43:04.097383 138255499605568 base_pytree_checkpoint_handler.py:129] [process=0] /jax/checkpoint/write/gbytes_per_sec: 29.796 MiB/s (total gbytes: 43.6 MiB) (time elapsed: 1.4619431495666504 s) (per-host)
I0404 23:43:04.097509 138255499605568 async_checkpointer.py:90] [process=0][thread=async_save] 5 Handler Commit operations completed. Time taken: 0.863143s.
I0404 23:43:04.256798 138255499605568 array_metadata_store.py:367] [process=0][thread=async_save] Skipped cross-host ArrayMetadata validation because only one process is found: process_index=0.
I0404 23:43:04.525329 138255499605568 base_pytree_checkpoint_handler.py:1356] [process=0][thread=async_save] Pytree save finalize (merge_ocdbt + ArrayMetadata validation) completed. Time taken: 0.276687s. use_zarr3=False, enable_post_merge_validation=True, directory=/content/drive/MyDrive/chess_vae_checkpoints/action_value/40000.orbax-checkpoint-tmp/params.orbax-checkpoint-tmp
I0404 23:43:04.569354 138255499605568 atomicity.py:480] Renaming /content/drive/MyDrive/chess_vae_checkpoints/action_value/40000.orbax-checkpoint-tmp/params.orbax-checkpoint-tmp to /content/drive/MyDrive/chess_vae_checkpoints/action_value/40000.orbax-checkpoint-tmp/params
I0404 23:43:04.577605 138255499605568 array_metadata_store.py:367] [process=0][thread=async_save] Skipped cross-host ArrayMetadata validation because only one process is found: process_index=0.
I0404 23:43:04.663014 138255499605568 base_pytree_checkpoint_handler.py:1356] [process=0][thread=async_save] Pytree save finalize (merge_ocdbt + ArrayMetadata validation) completed. Time taken: 0.090377s. use_zarr3=False, enable_post_merge_validation=True, directory=/content/drive/MyDrive/chess_vae_checkpoints/action_value/40000.orbax-checkpoint-tmp/params_ema.orbax-checkpoint-tmp
I0404 23:43:04.747936 138255499605568 atomicity.py:480] Renaming /content/drive/MyDrive/chess_vae_checkpoints/action_value/40000.orbax-checkpoint-tmp/params_ema.orbax-checkpoint-tmp to /content/drive/MyDrive/chess_vae_checkpoints/action_value/40000.orbax-checkpoint-tmp/params_ema
I0404 23:43:04.758792 138255499605568 array_metadata_store.py:367] [process=0][thread=async_save] Skipped cross-host ArrayMetadata validation because only one process is found: process_index=0.
I0404 23:43:05.066262 138255499605568 base_pytree_checkpoint_handler.py:1356] [process=0][thread=async_save] Pytree save finalize (merge_ocdbt + ArrayMetadata validation) completed. Time taken: 0.314641s. use_zarr3=False, enable_post_merge_validation=True, directory=/content/drive/MyDrive/chess_vae_checkpoints/action_value/40000.orbax-checkpoint-tmp/opt_state.orbax-checkpoint-tmp
I0404 23:43:05.070355 138255499605568 atomicity.py:480] Renaming /content/drive/MyDrive/chess_vae_checkpoints/action_value/40000.orbax-checkpoint-tmp/opt_state.orbax-checkpoint-tmp to /content/drive/MyDrive/chess_vae_checkpoints/action_value/40000.orbax-checkpoint-tmp/opt_state
I0404 23:43:05.073531 138255499605568 atomicity.py:480] Renaming /content/drive/MyDrive/chess_vae_checkpoints/action_value/40000.orbax-checkpoint-tmp/data_iter.orbax-checkpoint-tmp to /content/drive/MyDrive/chess_vae_checkpoints/action_value/40000.orbax-checkpoint-tmp/data_iter
I0404 23:43:05.076260 138255499605568 atomicity.py:480] Renaming /content/drive/MyDrive/chess_vae_checkpoints/action_value/40000.orbax-checkpoint-tmp to /content/drive/MyDrive/chess_vae_checkpoints/action_value/40000
I0404 23:43:05.222773 138255499605568 atomicity.py:790] [process=0][thread=async_save] Finished saving checkpoint (finalized tmp dir) to `/content/drive/MyDrive/chess_vae_checkpoints/action_value/40000`.
I0404 23:43:05.223470 138255499605568 async_checkpointer.py:420] Finished async_save (blocking + background). Time taken: 2.640980s. directory=/content/drive/MyDrive/chess_vae_checkpoints/action_value/40000
I0404 23:43:05.223589 138255499605568 async_checkpointer.py:144] [process=0][thread=async_save] Background save thread done. Time taken: 1.989228s.
I0404 23:43:05.223766 138255709423168 async_checkpointer.py:273] [process=0][thread=save_finalize] Done with waiting for background save thread=async_save.
I0404 23:43:05.223896 138255709423168 async_checkpointer.py:283] [process=0][thread=save_finalize] No errors found in background save thread=async_save.
I0404 23:43:06.469227 138255709423168 deleter.py:273] Deleted step 30000.
I0404 23:43:06.469364 138255709423168 checkpoint_manager.py:2133] [process=0][thread=save_finalize][step=40000] CheckpointManager Save Finalize is syncing with other hosts...
I0404 23:43:06.469442 138255709423168 checkpoint_manager.py:2142] [process=0][thread=save_finalize][step=40000] CheckpointManager Save Finalize is done on all hosts.
I0404 23:45:45.469583 138309521183360 training.py:316] step: 41000 | loss: 0.000000 | grad_norm_unclipped: 0.000004
I0404 23:48:25.894718 138309521183360 training.py:316] step: 42000 | loss: 0.000000 | grad_norm_unclipped: 0.000005
I0404 23:51:06.299401 138309521183360 training.py:316] step: 43000 | loss: 0.000000 | grad_norm_unclipped: 0.000005
I0404 23:53:46.475372 138309521183360 training.py:316] step: 44000 | loss: 0.000000 | grad_norm_unclipped: 0.000005
I0404 23:56:28.340586 138309521183360 training.py:316] step: 45000 | loss: 0.000000 | grad_norm_unclipped: 0.000005
I0404 23:59:08.615127 138309521183360 training.py:316] step: 46000 | loss: 0.000000 | grad_norm_unclipped: 0.000005
I0405 00:01:47.423540 138309521183360 training.py:316] step: 47000 | loss: 0.000000 | grad_norm_unclipped: 0.000005
I0405 00:04:28.855316 138309521183360 training.py:316] step: 48000 | loss: 0.000000 | grad_norm_unclipped: 0.000006
I0405 00:07:10.740543 138309521183360 training.py:316] step: 49000 | loss: 0.000000 | grad_norm_unclipped: 0.000005
I0405 00:09:51.971976 138309521183360 training.py:287] Checkpointing step 50000.
I0405 00:09:51.972272 138309521183360 checkpoint_manager.py:2013] [process=0][thread=MainThread][wait_until_finished] No Save Finalize thread to wait for. Returning.
I0405 00:09:51.973145 138309521183360 checkpoint_manager.py:1518] [process=0] Saving checkpoint at step 50000
I0405 00:09:51.973559 138309521183360 async_checkpointer.py:452] [process=0] Started async saving checkpoint to /content/drive/MyDrive/chess_vae_checkpoints/action_value/50000.
I0405 00:09:51.975969 138309521183360 future.py:363] [process=0][thread=MainThread][operation_id=6] _SignalingThread.join() waiting for signals ([<HandlerAwaitableSignal.STEP_DIRECTORY_CREATION: 'step_directory_creation'>, <HandlerAwaitableSignal.ITEM_DIRECTORY_CREATION: 'item_directory_creation'>]) blocking the main thread will slow down blocking save times. This is likely due to main thread calling result() on a CommitFuture.
I0405 00:09:51.976434 138295463900736 atomicity.py:137] Creating tmp directory /content/drive/MyDrive/chess_vae_checkpoints/action_value/50000.orbax-checkpoint-tmp
I0405 00:09:51.985825 138255902455360 atomicity.py:137] Creating tmp directory /content/drive/MyDrive/chess_vae_checkpoints/action_value/50000.orbax-checkpoint-tmp/data_iter.orbax-checkpoint-tmp
I0405 00:09:51.986047 138255902455360 atomicity.py:137] Creating tmp directory /content/drive/MyDrive/chess_vae_checkpoints/action_value/50000.orbax-checkpoint-tmp/params.orbax-checkpoint-tmp
I0405 00:09:51.986223 138255902455360 atomicity.py:137] Creating tmp directory /content/drive/MyDrive/chess_vae_checkpoints/action_value/50000.orbax-checkpoint-tmp/opt_state.orbax-checkpoint-tmp
I0405 00:09:51.986324 138255902455360 atomicity.py:137] Creating tmp directory /content/drive/MyDrive/chess_vae_checkpoints/action_value/50000.orbax-checkpoint-tmp/params_ema.orbax-checkpoint-tmp
I0405 00:09:52.036474 138309521183360 jax_array_handlers.py:358] Scheduling D2H of 129 prioritized jax.Array.
I0405 00:09:52.036589 138309521183360 replica_slices.py:424] Transferring arrays to host memory with options: use_replica_parallel=True, min_slice_bytes_for_replica_parallel=None, max_replicas_for_replica_parallel=None, enable_pinned_host_transfer=True
I0405 00:09:52.130866 138309521183360 base_pytree_checkpoint_handler.py:153] [process=0][thread=MainThread] Initiated "orbax.checkpoint._src.serialization.jax_array_handlers.ArrayHandler".serialize. Time taken: 0.094914s
