I0405 07:43:37.608304 138309521183360 base_pytree_checkpoint_handler.py:153] [process=0][thread=MainThread] Initiated "orbax.checkpoint._src.serialization.jax_array_handlers.ArrayHandler".serialize. Time taken: 0.096085s
I0405 07:43:37.639132 138309521183360 jax_array_handlers.py:358] Scheduling D2H of 129 prioritized jax.Array.
I0405 07:43:37.639806 138309521183360 replica_slices.py:424] Transferring arrays to host memory with options: use_replica_parallel=True, min_slice_bytes_for_replica_parallel=None, max_replicas_for_replica_parallel=None, enable_pinned_host_transfer=True
I0405 07:43:37.692724 138255843706432 array_metadata_store.py:203] [process=0][thread=array_type_handler] Wrote 259 array_metadata.ArrayMetadata to /content/drive/MyDrive/chess_vae_checkpoints/action_value/220000.orbax-checkpoint-tmp/opt_state.orbax-checkpoint-tmp/array_metadatas/process_0
I0405 07:43:37.803473 138309521183360 base_pytree_checkpoint_handler.py:153] [process=0][thread=MainThread] Initiated "orbax.checkpoint._src.serialization.jax_array_handlers.ArrayHandler".serialize. Time taken: 0.194980s
I0405 07:43:37.818789 138309521183360 jax_array_handlers.py:358] Scheduling D2H of 129 prioritized jax.Array.
I0405 07:43:37.819291 138309521183360 replica_slices.py:424] Transferring arrays to host memory with options: use_replica_parallel=True, min_slice_bytes_for_replica_parallel=None, max_replicas_for_replica_parallel=None, enable_pinned_host_transfer=True
I0405 07:43:37.856165 138255591925312 array_metadata_store.py:203] [process=0][thread=array_type_handler] Wrote 129 array_metadata.ArrayMetadata to /content/drive/MyDrive/chess_vae_checkpoints/action_value/220000.orbax-checkpoint-tmp/params.orbax-checkpoint-tmp/array_metadatas/process_0
I0405 07:43:38.250211 138309521183360 base_pytree_checkpoint_handler.py:153] [process=0][thread=MainThread] Initiated "orbax.checkpoint._src.serialization.jax_array_handlers.ArrayHandler".serialize. Time taken: 0.436707s
I0405 07:43:38.257190 138309521183360 base_pytree_checkpoint_handler.py:129] [process=0] /jax/checkpoint/write/blocking_gbytes_per_sec: 111.090 MiB/s (total gbytes: 87.1 MiB) (time elapsed: 0.7842268943786621 s) (per-host)
I0405 07:43:38.268265 138309521183360 base_pytree_checkpoint_handler.py:737] [process=0][thread=MainThread] Initiated Pytree async_save. Time taken: 0.795313s (batch_requests_ready=0.022605s, total_serialization_initiated=0.754831s, others=0.017877s)
I0405 07:43:38.271202 138309521183360 base_pytree_checkpoint_handler.py:129] [process=0] /jax/checkpoint/write/blocking_gbytes_per_sec: 55.385 MiB/s (total gbytes: 43.6 MiB) (time elapsed: 0.7864899635314941 s) (per-host)
I0405 07:43:38.271337 138309521183360 base_pytree_checkpoint_handler.py:737] [process=0][thread=MainThread] Initiated Pytree async_save. Time taken: 0.786648s (batch_requests_ready=0.022553s, total_serialization_initiated=0.762360s, others=0.001735s)
I0405 07:43:38.273081 138309521183360 base_pytree_checkpoint_handler.py:129] [process=0] /jax/checkpoint/write/blocking_gbytes_per_sec: 55.666 MiB/s (total gbytes: 43.6 MiB) (time elapsed: 0.7825255393981934 s) (per-host)
I0405 07:43:38.273194 138309521183360 base_pytree_checkpoint_handler.py:737] [process=0][thread=MainThread] Initiated Pytree async_save. Time taken: 0.782662s (batch_requests_ready=0.313625s, total_serialization_initiated=0.467613s, others=0.001423s)
I0405 07:43:38.273380 138309521183360 composite_checkpoint_handler.py:715] [process=0][thread=MainThread] Initiated CompositeCheckpointHandler.async_save. Time taken: 0.841830s (all_items=0.039349s, per_item={'data_iter': '0.03932667', 'opt_state': '0.00001574', 'params': '0.00000358', 'params_ema': '0.00000286'}, temp_paths=0.802481)
I0405 07:43:38.276762 138255499605568 async_checkpointer.py:79] [process=0][thread=async_save] Background save thread started.
I0405 07:43:38.277207 138309521183360 async_checkpointer.py:561] Finished blocking save. Time taken: 0.847314s. Continuing background save to /content/drive/MyDrive/chess_vae_checkpoints/action_value/220000.
I0405 07:43:38.277913 138309521183360 checkpoint_manager.py:1566] [process=0][thread=MainThread][step=220000] Starting CheckpointManager Save Finalize thread=save_finalize
I0405 07:43:38.278459 138255902455360 async_checkpointer.py:265] [process=0][thread=save_finalize] Waiting for background save thread=async_save.
I0405 07:43:38.279236 138309521183360 standard_logger.py:34] {'step': 220000, 'event_type': 'save', 'directory': '/content/drive/MyDrive/chess_vae_checkpoints/action_value', 'reached_preemption': False, 'preemption_received_at': None, 'synchronous': False, 'wait_for_prev_start_time': 1775375017.4288216, 'wait_for_prev_duration_secs': 0.00010466575622558594, 'time_between_consecutive_saves_sec': 1595.590232849121, 'checkpointer_blocking_start_time': 1775375017.4298666, 'checkpointer_blocking_duration_secs': 0.8478207588195801, 'get_old_steps_start_time': 1775375018.2777088, 'get_old_steps_duration_secs': 0.00012135505676269531, 'checkpoint_manager_blocking_start_time': 1775375017.4287162, 'checkpoint_manager_blocking_duration_secs': 0.8504750728607178}
I0405 07:43:38.551830 138255566747200 array_metadata_store.py:203] [process=0][thread=array_type_handler] Wrote 129 array_metadata.ArrayMetadata to /content/drive/MyDrive/chess_vae_checkpoints/action_value/220000.orbax-checkpoint-tmp/params_ema.orbax-checkpoint-tmp/array_metadatas/process_0
I0405 07:43:38.649998 138309521183360 training.py:316] step: 220000 | loss: 0.000012 | grad_norm_unclipped: 0.000360
I0405 07:43:38.833153 138255558354496 base_pytree_checkpoint_handler.py:1232] [process=0][thread=write_metadata_after_commits] Commit + Array metadata written. Time taken: 0.575067s (commit=0.521819s, array_metadata_write=0.053248s)
I0405 07:43:38.836034 138255499605568 base_pytree_checkpoint_handler.py:129] [process=0] /jax/checkpoint/write/gbytes_per_sec: 63.914 MiB/s (total gbytes: 87.1 MiB) (time elapsed: 1.3630802631378174 s) (per-host)
I0405 07:43:38.861074 138255524783680 base_pytree_checkpoint_handler.py:1232] [process=0][thread=write_metadata_after_commits] Commit + Array metadata written. Time taken: 0.586633s (commit=0.571851s, array_metadata_write=0.014782s)
I0405 07:43:38.862562 138255499605568 base_pytree_checkpoint_handler.py:129] [process=0] /jax/checkpoint/write/gbytes_per_sec: 31.614 MiB/s (total gbytes: 43.6 MiB) (time elapsed: 1.3778507709503174 s) (per-host)
I0405 07:43:39.156134 138255516390976 base_pytree_checkpoint_handler.py:1232] [process=0][thread=write_metadata_after_commits] Commit + Array metadata written. Time taken: 0.883862s (commit=0.588412s, array_metadata_write=0.295450s)
I0405 07:43:39.166440 138255499605568 base_pytree_checkpoint_handler.py:129] [process=0] /jax/checkpoint/write/gbytes_per_sec: 25.992 MiB/s (total gbytes: 43.6 MiB) (time elapsed: 1.675879955291748 s) (per-host)
I0405 07:43:39.166564 138255499605568 async_checkpointer.py:90] [process=0][thread=async_save] 5 Handler Commit operations completed. Time taken: 0.889688s.
I0405 07:43:39.177966 138255499605568 array_metadata_store.py:367] [process=0][thread=async_save] Skipped cross-host ArrayMetadata validation because only one process is found: process_index=0.
I0405 07:43:39.315477 138255499605568 base_pytree_checkpoint_handler.py:1356] [process=0][thread=async_save] Pytree save finalize (merge_ocdbt + ArrayMetadata validation) completed. Time taken: 0.145578s. use_zarr3=False, enable_post_merge_validation=True, directory=/content/drive/MyDrive/chess_vae_checkpoints/action_value/220000.orbax-checkpoint-tmp/params.orbax-checkpoint-tmp
I0405 07:43:39.317608 138255499605568 atomicity.py:480] Renaming /content/drive/MyDrive/chess_vae_checkpoints/action_value/220000.orbax-checkpoint-tmp/params.orbax-checkpoint-tmp to /content/drive/MyDrive/chess_vae_checkpoints/action_value/220000.orbax-checkpoint-tmp/params
I0405 07:43:39.325200 138255499605568 array_metadata_store.py:367] [process=0][thread=async_save] Skipped cross-host ArrayMetadata validation because only one process is found: process_index=0.
I0405 07:43:39.466883 138255499605568 base_pytree_checkpoint_handler.py:1356] [process=0][thread=async_save] Pytree save finalize (merge_ocdbt + ArrayMetadata validation) completed. Time taken: 0.146205s. use_zarr3=False, enable_post_merge_validation=True, directory=/content/drive/MyDrive/chess_vae_checkpoints/action_value/220000.orbax-checkpoint-tmp/params_ema.orbax-checkpoint-tmp
I0405 07:43:39.469492 138255499605568 atomicity.py:480] Renaming /content/drive/MyDrive/chess_vae_checkpoints/action_value/220000.orbax-checkpoint-tmp/params_ema.orbax-checkpoint-tmp to /content/drive/MyDrive/chess_vae_checkpoints/action_value/220000.orbax-checkpoint-tmp/params_ema
I0405 07:43:39.478101 138255499605568 array_metadata_store.py:367] [process=0][thread=async_save] Skipped cross-host ArrayMetadata validation because only one process is found: process_index=0.
I0405 07:43:39.779393 138255499605568 base_pytree_checkpoint_handler.py:1356] [process=0][thread=async_save] Pytree save finalize (merge_ocdbt + ArrayMetadata validation) completed. Time taken: 0.306755s. use_zarr3=False, enable_post_merge_validation=True, directory=/content/drive/MyDrive/chess_vae_checkpoints/action_value/220000.orbax-checkpoint-tmp/opt_state.orbax-checkpoint-tmp
I0405 07:43:39.790483 138255499605568 atomicity.py:480] Renaming /content/drive/MyDrive/chess_vae_checkpoints/action_value/220000.orbax-checkpoint-tmp/opt_state.orbax-checkpoint-tmp to /content/drive/MyDrive/chess_vae_checkpoints/action_value/220000.orbax-checkpoint-tmp/opt_state
I0405 07:43:39.794050 138255499605568 atomicity.py:480] Renaming /content/drive/MyDrive/chess_vae_checkpoints/action_value/220000.orbax-checkpoint-tmp/data_iter.orbax-checkpoint-tmp to /content/drive/MyDrive/chess_vae_checkpoints/action_value/220000.orbax-checkpoint-tmp/data_iter
I0405 07:43:39.797137 138255499605568 atomicity.py:480] Renaming /content/drive/MyDrive/chess_vae_checkpoints/action_value/220000.orbax-checkpoint-tmp to /content/drive/MyDrive/chess_vae_checkpoints/action_value/220000
I0405 07:43:39.951342 138255499605568 atomicity.py:790] [process=0][thread=async_save] Finished saving checkpoint (finalized tmp dir) to `/content/drive/MyDrive/chess_vae_checkpoints/action_value/220000`.
I0405 07:43:39.952182 138255499605568 async_checkpointer.py:420] Finished async_save (blocking + background). Time taken: 2.522290s. directory=/content/drive/MyDrive/chess_vae_checkpoints/action_value/220000
I0405 07:43:39.952339 138255499605568 async_checkpointer.py:144] [process=0][thread=async_save] Background save thread done. Time taken: 1.675460s.
I0405 07:43:39.952557 138255902455360 async_checkpointer.py:273] [process=0][thread=save_finalize] Done with waiting for background save thread=async_save.
I0405 07:43:39.952659 138255902455360 async_checkpointer.py:283] [process=0][thread=save_finalize] No errors found in background save thread=async_save.
I0405 07:43:41.073278 138255902455360 deleter.py:273] Deleted step 210000.
I0405 07:43:41.073498 138255902455360 checkpoint_manager.py:2133] [process=0][thread=save_finalize][step=220000] CheckpointManager Save Finalize is syncing with other hosts...
I0405 07:43:41.073585 138255902455360 checkpoint_manager.py:2142] [process=0][thread=save_finalize][step=220000] CheckpointManager Save Finalize is done on all hosts.
I0405 07:46:24.677361 138309521183360 training.py:316] step: 221000 | loss: 0.000001 | grad_norm_unclipped: 0.000015
I0405 07:49:11.117669 138309521183360 training.py:316] step: 222000 | loss: 0.000001 | grad_norm_unclipped: 0.000009
I0405 07:51:58.748639 138309521183360 training.py:316] step: 223000 | loss: 0.000000 | grad_norm_unclipped: 0.000006
I0405 07:54:45.647793 138309521183360 training.py:316] step: 224000 | loss: 0.000000 | grad_norm_unclipped: 0.000007
I0405 07:57:32.986319 138309521183360 training.py:316] step: 225000 | loss: 0.000000 | grad_norm_unclipped: 0.000005
I0405 08:00:18.982965 138309521183360 training.py:316] step: 226000 | loss: 0.000001 | grad_norm_unclipped: 0.000008
I0405 08:03:05.990255 138309521183360 training.py:316] step: 227000 | loss: 0.000002 | grad_norm_unclipped: 0.000013
I0405 08:05:51.355489 138309521183360 training.py:316] step: 228000 | loss: 0.000001 | grad_norm_unclipped: 0.000012
I0405 08:08:36.738160 138309521183360 training.py:316] step: 229000 | loss: 0.000001 | grad_norm_unclipped: 0.000010
I0405 08:11:23.020335 138309521183360 training.py:287] Checkpointing step 230000.
I0405 08:11:23.020629 138309521183360 checkpoint_manager.py:2013] [process=0][thread=MainThread][wait_until_finished] No Save Finalize thread to wait for. Returning.
I0405 08:11:23.021553 138309521183360 checkpoint_manager.py:1518] [process=0] Saving checkpoint at step 230000
I0405 08:11:23.021975 138309521183360 async_checkpointer.py:452] [process=0] Started async saving checkpoint to /content/drive/MyDrive/chess_vae_checkpoints/action_value/230000.
I0405 08:11:23.024417 138309521183360 future.py:363] [process=0][thread=MainThread][operation_id=24] _SignalingThread.join() waiting for signals ([<HandlerAwaitableSignal.STEP_DIRECTORY_CREATION: 'step_directory_creation'>, <HandlerAwaitableSignal.ITEM_DIRECTORY_CREATION: 'item_directory_creation'>]) blocking the main thread will slow down blocking save times. This is likely due to main thread calling result() on a CommitFuture.
I0405 08:11:23.024658 138297166784064 atomicity.py:137] Creating tmp directory /content/drive/MyDrive/chess_vae_checkpoints/action_value/230000.orbax-checkpoint-tmp
I0405 08:11:23.033758 138255625496128 atomicity.py:137] Creating tmp directory /content/drive/MyDrive/chess_vae_checkpoints/action_value/230000.orbax-checkpoint-tmp/data_iter.orbax-checkpoint-tmp
I0405 08:11:23.034021 138255625496128 atomicity.py:137] Creating tmp directory /content/drive/MyDrive/chess_vae_checkpoints/action_value/230000.orbax-checkpoint-tmp/params_ema.orbax-checkpoint-tmp
I0405 08:11:23.034127 138255625496128 atomicity.py:137] Creating tmp directory /content/drive/MyDrive/chess_vae_checkpoints/action_value/230000.orbax-checkpoint-tmp/params.orbax-checkpoint-tmp
I0405 08:11:23.034339 138255625496128 atomicity.py:137] Creating tmp directory /content/drive/MyDrive/chess_vae_checkpoints/action_value/230000.orbax-checkpoint-tmp/opt_state.orbax-checkpoint-tmp
I0405 08:11:23.090629 138309521183360 jax_array_handlers.py:358] Scheduling D2H of 259 prioritized jax.Array.
I0405 08:11:23.090766 138309521183360 replica_slices.py:424] Transferring arrays to host memory with options: use_replica_parallel=True, min_slice_bytes_for_replica_parallel=None, max_replicas_for_replica_parallel=None, enable_pinned_host_transfer=True
I0405 08:11:23.198813 138309521183360 base_pytree_checkpoint_handler.py:153] [process=0][thread=MainThread] Initiated "orbax.checkpoint._src.serialization.jax_array_handlers.ArrayHandler".serialize. Time taken: 0.109053s
I0405 08:11:23.239582 138309521183360 jax_array_handlers.py:358] Scheduling D2H of 129 prioritized jax.Array.
I0405 08:11:23.239733 138309521183360 replica_slices.py:424] Transferring arrays to host memory with options: use_replica_parallel=True, min_slice_bytes_for_replica_parallel=None, max_replicas_for_replica_parallel=None, enable_pinned_host_transfer=True
I0405 08:11:23.261561 138255843706432 array_metadata_store.py:203] [process=0][thread=array_type_handler] Wrote 259 array_metadata.ArrayMetadata to /content/drive/MyDrive/chess_vae_checkpoints/action_value/230000.orbax-checkpoint-tmp/opt_state.orbax-checkpoint-tmp/array_metadatas/process_0
I0405 08:11:23.413308 138309521183360 base_pytree_checkpoint_handler.py:153] [process=0][thread=MainThread] Initiated "orbax.checkpoint._src.serialization.jax_array_handlers.ArrayHandler".serialize. Time taken: 0.174766s
I0405 08:11:23.432555 138309521183360 jax_array_handlers.py:358] Scheduling D2H of 129 prioritized jax.Array.
I0405 08:11:23.432693 138309521183360 replica_slices.py:424] Transferring arrays to host memory with options: use_replica_parallel=True, min_slice_bytes_for_replica_parallel=None, max_replicas_for_replica_parallel=None, enable_pinned_host_transfer=True
I0405 08:11:23.465856 138255583532608 array_metadata_store.py:203] [process=0][thread=array_type_handler] Wrote 129 array_metadata.ArrayMetadata to /content/drive/MyDrive/chess_vae_checkpoints/action_value/230000.orbax-checkpoint-tmp/params.orbax-checkpoint-tmp/array_metadatas/process_0
I0405 08:11:23.649517 138309521183360 base_pytree_checkpoint_handler.py:153] [process=0][thread=MainThread] Initiated "orbax.checkpoint._src.serialization.jax_array_handlers.ArrayHandler".serialize. Time taken: 0.236054s
I0405 08:11:23.650575 138309521183360 base_pytree_checkpoint_handler.py:129] [process=0] /jax/checkpoint/write/blocking_gbytes_per_sec: 146.335 MiB/s (total gbytes: 87.1 MiB) (time elapsed: 0.5953452587127686 s) (per-host)
I0405 08:11:23.651554 138309521183360 base_pytree_checkpoint_handler.py:737] [process=0][thread=MainThread] Initiated Pytree async_save. Time taken: 0.596335s (batch_requests_ready=0.024372s, total_serialization_initiated=0.570376s, others=0.001587s)
I0405 08:11:23.653261 138309521183360 base_pytree_checkpoint_handler.py:129] [process=0] /jax/checkpoint/write/blocking_gbytes_per_sec: 74.246 MiB/s (total gbytes: 43.6 MiB) (time elapsed: 0.5866990089416504 s) (per-host)
I0405 08:11:23.653359 138309521183360 base_pytree_checkpoint_handler.py:737] [process=0][thread=MainThread] Initiated Pytree async_save. Time taken: 0.586814s (batch_requests_ready=0.137847s, total_serialization_initiated=0.447621s, others=0.001346s)
I0405 08:11:23.654024 138309521183360 base_pytree_checkpoint_handler.py:129] [process=0] /jax/checkpoint/write/blocking_gbytes_per_sec: 75.183 MiB/s (total gbytes: 43.6 MiB) (time elapsed: 0.5793848037719727 s) (per-host)
I0405 08:11:23.654119 138309521183360 base_pytree_checkpoint_handler.py:737] [process=0][thread=MainThread] Initiated Pytree async_save. Time taken: 0.579495s (batch_requests_ready=0.156397s, total_serialization_initiated=0.422525s, others=0.000574s)
I0405 08:11:23.654280 138309521183360 composite_checkpoint_handler.py:715] [process=0][thread=MainThread] Initiated CompositeCheckpointHandler.async_save. Time taken: 0.631002s (all_items=0.029962s, per_item={'data_iter': '0.02994132', 'opt_state': '0.00001407', 'params': '0.00000358', 'params_ema': '0.00000262'}, temp_paths=0.601040)
I0405 08:11:23.656514 138255709423168 async_checkpointer.py:79] [process=0][thread=async_save] Background save thread started.
I0405 08:11:23.656794 138309521183360 async_checkpointer.py:561] Finished blocking save. Time taken: 0.635150s. Continuing background save to /content/drive/MyDrive/chess_vae_checkpoints/action_value/230000.
I0405 08:11:23.657085 138309521183360 checkpoint_manager.py:1566] [process=0][thread=MainThread][step=230000] Starting CheckpointManager Save Finalize thread=save_finalize
I0405 08:11:23.657472 138255701030464 async_checkpointer.py:265] [process=0][thread=save_finalize] Waiting for background save thread=async_save.
I0405 08:11:23.657763 138309521183360 standard_logger.py:34] {'step': 230000, 'event_type': 'save', 'directory': '/content/drive/MyDrive/chess_vae_checkpoints/action_value', 'reached_preemption': False, 'preemption_received_at': None, 'synchronous': False, 'wait_for_prev_start_time': 1775376683.0205958, 'wait_for_prev_duration_secs': 8.20159912109375e-05, 'time_between_consecutive_saves_sec': 1661.9469764232635, 'checkpointer_blocking_start_time': 1775376683.0216208, 'checkpointer_blocking_duration_secs': 0.6352849006652832, 'get_old_steps_start_time': 1775376683.6569235, 'get_old_steps_duration_secs': 9.560585021972656e-05, 'checkpoint_manager_blocking_start_time': 1775376683.0205002, 'checkpoint_manager_blocking_duration_secs': 0.6372280120849609}
I0405 08:11:23.861245 138255885669952 array_metadata_store.py:203] [process=0][thread=array_type_handler] Wrote 129 array_metadata.ArrayMetadata to /content/drive/MyDrive/chess_vae_checkpoints/action_value/230000.orbax-checkpoint-tmp/params_ema.orbax-checkpoint-tmp/array_metadatas/process_0
I0405 08:11:24.009788 138309521183360 training.py:316] step: 230000 | loss: 0.000000 | grad_norm_unclipped: 0.000007
I0405 08:11:24.539195 138255516390976 base_pytree_checkpoint_handler.py:1232] [process=0][thread=write_metadata_after_commits] Commit + Array metadata written. Time taken: 0.886254s (commit=0.729763s, array_metadata_write=0.156491s)
I0405 08:11:24.565786 138255499605568 base_pytree_checkpoint_handler.py:1232] [process=0][thread=write_metadata_after_commits] Commit + Array metadata written. Time taken: 0.910045s (commit=0.738592s, array_metadata_write=0.171453s)
I0405 08:11:24.567101 138255541569088 base_pytree_checkpoint_handler.py:1232] [process=0][thread=write_metadata_after_commits] Commit + Array metadata written. Time taken: 0.916191s (commit=0.741105s, array_metadata_write=0.175086s)
I0405 08:11:24.569032 138255709423168 base_pytree_checkpoint_handler.py:129] [process=0] /jax/checkpoint/write/gbytes_per_sec: 57.551 MiB/s (total gbytes: 87.1 MiB) (time elapsed: 1.5137956142425537 s) (per-host)
I0405 08:11:24.569175 138255709423168 base_pytree_checkpoint_handler.py:129] [process=0] /jax/checkpoint/write/gbytes_per_sec: 28.989 MiB/s (total gbytes: 43.6 MiB) (time elapsed: 1.5026233196258545 s) (per-host)
I0405 08:11:24.569274 138255709423168 base_pytree_checkpoint_handler.py:129] [process=0] /jax/checkpoint/write/gbytes_per_sec: 29.144 MiB/s (total gbytes: 43.6 MiB) (time elapsed: 1.4946448802947998 s) (per-host)
I0405 08:11:24.569343 138255709423168 async_checkpointer.py:90] [process=0][thread=async_save] 5 Handler Commit operations completed. Time taken: 0.912609s.
I0405 08:11:24.722733 138255709423168 array_metadata_store.py:367] [process=0][thread=async_save] Skipped cross-host ArrayMetadata validation because only one process is found: process_index=0.
I0405 08:11:24.879185 138255709423168 base_pytree_checkpoint_handler.py:1356] [process=0][thread=async_save] Pytree save finalize (merge_ocdbt + ArrayMetadata validation) completed. Time taken: 0.306795s. use_zarr3=False, enable_post_merge_validation=True, directory=/content/drive/MyDrive/chess_vae_checkpoints/action_value/230000.orbax-checkpoint-tmp/params.orbax-checkpoint-tmp
I0405 08:11:24.881495 138255709423168 atomicity.py:480] Renaming /content/drive/MyDrive/chess_vae_checkpoints/action_value/230000.orbax-checkpoint-tmp/params.orbax-checkpoint-tmp to /content/drive/MyDrive/chess_vae_checkpoints/action_value/230000.orbax-checkpoint-tmp/params
I0405 08:11:25.043675 138255709423168 array_metadata_store.py:367] [process=0][thread=async_save] Skipped cross-host ArrayMetadata validation because only one process is found: process_index=0.
I0405 08:11:25.192653 138255709423168 base_pytree_checkpoint_handler.py:1356] [process=0][thread=async_save] Pytree save finalize (merge_ocdbt + ArrayMetadata validation) completed. Time taken: 0.155501s. use_zarr3=False, enable_post_merge_validation=True, directory=/content/drive/MyDrive/chess_vae_checkpoints/action_value/230000.orbax-checkpoint-tmp/params_ema.orbax-checkpoint-tmp
I0405 08:11:25.205155 138255709423168 atomicity.py:480] Renaming /content/drive/MyDrive/chess_vae_checkpoints/action_value/230000.orbax-checkpoint-tmp/params_ema.orbax-checkpoint-tmp to /content/drive/MyDrive/chess_vae_checkpoints/action_value/230000.orbax-checkpoint-tmp/params_ema
I0405 08:11:25.213586 138255709423168 array_metadata_store.py:367] [process=0][thread=async_save] Skipped cross-host ArrayMetadata validation because only one process is found: process_index=0.
I0405 08:11:25.354252 138255709423168 base_pytree_checkpoint_handler.py:1356] [process=0][thread=async_save] Pytree save finalize (merge_ocdbt + ArrayMetadata validation) completed. Time taken: 0.145993s. use_zarr3=False, enable_post_merge_validation=True, directory=/content/drive/MyDrive/chess_vae_checkpoints/action_value/230000.orbax-checkpoint-tmp/opt_state.orbax-checkpoint-tmp
I0405 08:11:25.356428 138255709423168 atomicity.py:480] Renaming /content/drive/MyDrive/chess_vae_checkpoints/action_value/230000.orbax-checkpoint-tmp/opt_state.orbax-checkpoint-tmp to /content/drive/MyDrive/chess_vae_checkpoints/action_value/230000.orbax-checkpoint-tmp/opt_state
I0405 08:11:25.359332 138255709423168 atomicity.py:480] Renaming /content/drive/MyDrive/chess_vae_checkpoints/action_value/230000.orbax-checkpoint-tmp/data_iter.orbax-checkpoint-tmp to /content/drive/MyDrive/chess_vae_checkpoints/action_value/230000.orbax-checkpoint-tmp/data_iter
I0405 08:11:25.361825 138255709423168 atomicity.py:480] Renaming /content/drive/MyDrive/chess_vae_checkpoints/action_value/230000.orbax-checkpoint-tmp to /content/drive/MyDrive/chess_vae_checkpoints/action_value/230000
I0405 08:11:25.519939 138255709423168 atomicity.py:790] [process=0][thread=async_save] Finished saving checkpoint (finalized tmp dir) to `/content/drive/MyDrive/chess_vae_checkpoints/action_value/230000`.
I0405 08:11:25.520681 138255709423168 async_checkpointer.py:420] Finished async_save (blocking + background). Time taken: 2.499038s. directory=/content/drive/MyDrive/chess_vae_checkpoints/action_value/230000
I0405 08:11:25.520813 138255709423168 async_checkpointer.py:144] [process=0][thread=async_save] Background save thread done. Time taken: 1.864080s.
I0405 08:11:25.521004 138255701030464 async_checkpointer.py:273] [process=0][thread=save_finalize] Done with waiting for background save thread=async_save.
I0405 08:11:25.521121 138255701030464 async_checkpointer.py:283] [process=0][thread=save_finalize] No errors found in background save thread=async_save.
I0405 08:11:26.195411 138255701030464 deleter.py:273] Deleted step 220000.
I0405 08:11:26.231812 138255701030464 checkpoint_manager.py:2133] [process=0][thread=save_finalize][step=230000] CheckpointManager Save Finalize is syncing with other hosts...
I0405 08:11:26.262822 138255701030464 checkpoint_manager.py:2142] [process=0][thread=save_finalize][step=230000] CheckpointManager Save Finalize is done on all hosts.
I0405 08:14:10.133397 138309521183360 training.py:316] step: 231000 | loss: 0.000000 | grad_norm_unclipped: 0.000005
I0405 08:16:56.778453 138309521183360 training.py:316] step: 232000 | loss: 0.000000 | grad_norm_unclipped: 0.000006
I0405 08:19:42.860871 138309521183360 training.py:316] step: 233000 | loss: 0.000000 | grad_norm_unclipped: 0.000006
I0405 08:22:28.019053 138309521183360 training.py:316] step: 234000 | loss: 0.000000 | grad_norm_unclipped: 0.000005
I0405 08:25:14.221248 138309521183360 training.py:316] step: 235000 | loss: 0.000028 | grad_norm_unclipped: 0.000741
I0405 08:28:00.826980 138309521183360 training.py:316] step: 236000 | loss: 0.000001 | grad_norm_unclipped: 0.000010
I0405 08:30:45.808531 138309521183360 training.py:316] step: 237000 | loss: 0.000001 | grad_norm_unclipped: 0.000011
I0405 08:33:32.025780 138309521183360 training.py:316] step: 238000 | loss: 0.000000 | grad_norm_unclipped: 0.000007
I0405 08:36:17.517570 138309521183360 training.py:316] step: 239000 | loss: 0.000000 | grad_norm_unclipped: 0.000005
I0405 08:39:03.501795 138309521183360 training.py:287] Checkpointing step 240000.
I0405 08:39:03.502111 138309521183360 checkpoint_manager.py:2013] [process=0][thread=MainThread][wait_until_finished] No Save Finalize thread to wait for. Returning.
I0405 08:39:03.503021 138309521183360 checkpoint_manager.py:1518] [process=0] Saving checkpoint at step 240000
I0405 08:39:03.503446 138309521183360 async_checkpointer.py:452] [process=0] Started async saving checkpoint to /content/drive/MyDrive/chess_vae_checkpoints/action_value/240000.
I0405 08:39:03.505890 138309521183360 future.py:363] [process=0][thread=MainThread][operation_id=25] _SignalingThread.join() waiting for signals ([<HandlerAwaitableSignal.STEP_DIRECTORY_CREATION: 'step_directory_creation'>, <HandlerAwaitableSignal.ITEM_DIRECTORY_CREATION: 'item_directory_creation'>]) blocking the main thread will slow down blocking save times. This is likely due to main thread calling result() on a CommitFuture.
I0405 08:39:03.506081 138295413544512 atomicity.py:137] Creating tmp directory /content/drive/MyDrive/chess_vae_checkpoints/action_value/240000.orbax-checkpoint-tmp
I0405 08:39:03.516089 138295463900736 atomicity.py:137] Creating tmp directory /content/drive/MyDrive/chess_vae_checkpoints/action_value/240000.orbax-checkpoint-tmp/data_iter.orbax-checkpoint-tmp
I0405 08:39:03.516251 138295463900736 atomicity.py:137] Creating tmp directory /content/drive/MyDrive/chess_vae_checkpoints/action_value/240000.orbax-checkpoint-tmp/params_ema.orbax-checkpoint-tmp
I0405 08:39:03.516523 138295463900736 atomicity.py:137] Creating tmp directory /content/drive/MyDrive/chess_vae_checkpoints/action_value/240000.orbax-checkpoint-tmp/opt_state.orbax-checkpoint-tmp
I0405 08:39:03.517130 138295463900736 atomicity.py:137] Creating tmp directory /content/drive/MyDrive/chess_vae_checkpoints/action_value/240000.orbax-checkpoint-tmp/params.orbax-checkpoint-tmp
I0405 08:39:03.566219 138309521183360 jax_array_handlers.py:358] Scheduling D2H of 129 prioritized jax.Array.
I0405 08:39:03.566352 138309521183360 replica_slices.py:424] Transferring arrays to host memory with options: use_replica_parallel=True, min_slice_bytes_for_replica_parallel=None, max_replicas_for_replica_parallel=None, enable_pinned_host_transfer=True
I0405 08:39:03.656345 138309521183360 base_pytree_checkpoint_handler.py:153] [process=0][thread=MainThread] Initiated "orbax.checkpoint._src.serialization.jax_array_handlers.ArrayHandler".serialize. Time taken: 0.090688s
I0405 08:39:03.682326 138309521183360 jax_array_handlers.py:358] Scheduling D2H of 259 prioritized jax.Array.
I0405 08:39:03.682632 138309521183360 replica_slices.py:424] Transferring arrays to host memory with options: use_replica_parallel=True, min_slice_bytes_for_replica_parallel=None, max_replicas_for_replica_parallel=None, enable_pinned_host_transfer=True
I0405 08:39:03.708726 138255826921024 array_metadata_store.py:203] [process=0][thread=array_type_handler] Wrote 129 array_metadata.ArrayMetadata to /content/drive/MyDrive/chess_vae_checkpoints/action_value/240000.orbax-checkpoint-tmp/params.orbax-checkpoint-tmp/array_metadatas/process_0
I0405 08:39:03.876319 138309521183360 base_pytree_checkpoint_handler.py:153] [process=0][thread=MainThread] Initiated "orbax.checkpoint._src.serialization.jax_array_handlers.ArrayHandler".serialize. Time taken: 0.194867s
I0405 08:39:03.887977 138309521183360 base_pytree_checkpoint_handler.py:129] [process=0] /jax/checkpoint/write/blocking_gbytes_per_sec: 128.891 MiB/s (total gbytes: 43.6 MiB) (time elapsed: 0.33796143531799316 s) (per-host)
I0405 08:39:03.888111 138309521183360 base_pytree_checkpoint_handler.py:737] [process=0][thread=MainThread] Initiated Pytree async_save. Time taken: 0.338121s (batch_requests_ready=0.010421s, total_serialization_initiated=0.321712s, others=0.005988s)
I0405 08:39:03.919523 138309521183360 jax_array_handlers.py:358] Scheduling D2H of 129 prioritized jax.Array.
I0405 08:39:03.920435 138309521183360 replica_slices.py:424] Transferring arrays to host memory with options: use_replica_parallel=True, min_slice_bytes_for_replica_parallel=None, max_replicas_for_replica_parallel=None, enable_pinned_host_transfer=True
I0405 08:39:03.952877 138255608710720 array_metadata_store.py:203] [process=0][thread=array_type_handler] Wrote 259 array_metadata.ArrayMetadata to /content/drive/MyDrive/chess_vae_checkpoints/action_value/240000.orbax-checkpoint-tmp/opt_state.orbax-checkpoint-tmp/array_metadatas/process_0
I0405 08:39:04.113325 138309521183360 base_pytree_checkpoint_handler.py:153] [process=0][thread=MainThread] Initiated "orbax.checkpoint._src.serialization.jax_array_handlers.ArrayHandler".serialize. Time taken: 0.225050s
I0405 08:39:04.133420 138309521183360 base_pytree_checkpoint_handler.py:129] [process=0] /jax/checkpoint/write/blocking_gbytes_per_sec: 146.378 MiB/s (total gbytes: 87.1 MiB) (time elapsed: 0.5951724052429199 s) (per-host)
I0405 08:39:04.133587 138309521183360 base_pytree_checkpoint_handler.py:737] [process=0][thread=MainThread] Initiated Pytree async_save. Time taken: 0.595365s (batch_requests_ready=0.118390s, total_serialization_initiated=0.457785s, others=0.019190s)
I0405 08:39:04.140680 138309521183360 base_pytree_checkpoint_handler.py:129] [process=0] /jax/checkpoint/write/blocking_gbytes_per_sec: 74.443 MiB/s (total gbytes: 43.6 MiB) (time elapsed: 0.5851433277130127 s) (per-host)
I0405 08:39:04.143451 138309521183360 base_pytree_checkpoint_handler.py:737] [process=0][thread=MainThread] Initiated Pytree async_save. Time taken: 0.587933s (batch_requests_ready=0.321016s, total_serialization_initiated=0.263252s, others=0.003664s)
I0405 08:39:04.143935 138309521183360 composite_checkpoint_handler.py:715] [process=0][thread=MainThread] Initiated CompositeCheckpointHandler.async_save. Time taken: 0.639225s (all_items=0.028742s, per_item={'data_iter': '0.02871490', 'opt_state': '0.00001836', 'params': '0.00000429', 'params_ema': '0.00000405'}, temp_paths=0.610483)
I0405 08:39:04.149978 138255499605568 async_checkpointer.py:79] [process=0][thread=async_save] Background save thread started.
I0405 08:39:04.150539 138309521183360 async_checkpointer.py:561] Finished blocking save. Time taken: 0.647419s. Continuing background save to /content/drive/MyDrive/chess_vae_checkpoints/action_value/240000.
I0405 08:39:04.150812 138309521183360 checkpoint_manager.py:1566] [process=0][thread=MainThread][step=240000] Starting CheckpointManager Save Finalize thread=save_finalize
I0405 08:39:04.151077 138255717815872 async_checkpointer.py:265] [process=0][thread=save_finalize] Waiting for background save thread=async_save.
I0405 08:39:04.151934 138309521183360 standard_logger.py:34] {'step': 240000, 'event_type': 'save', 'directory': '/content/drive/MyDrive/chess_vae_checkpoints/action_value', 'reached_preemption': False, 'preemption_received_at': None, 'synchronous': False, 'wait_for_prev_start_time': 1775378343.502077, 'wait_for_prev_duration_secs': 8.678436279296875e-05, 'time_between_consecutive_saves_sec': 1657.2070236206055, 'checkpointer_blocking_start_time': 1775378343.5030942, 'checkpointer_blocking_duration_secs': 0.6475386619567871, 'get_old_steps_start_time': 1775378344.1506512, 'get_old_steps_duration_secs': 9.1552734375e-05, 'checkpoint_manager_blocking_start_time': 1775378343.501979, 'checkpoint_manager_blocking_duration_secs': 0.6499123573303223}
I0405 08:39:04.352405 138255549961792 array_metadata_store.py:203] [process=0][thread=array_type_handler] Wrote 129 array_metadata.ArrayMetadata to /content/drive/MyDrive/chess_vae_checkpoints/action_value/240000.orbax-checkpoint-tmp/params_ema.orbax-checkpoint-tmp/array_metadatas/process_0
I0405 08:39:04.434739 138255600318016 base_pytree_checkpoint_handler.py:1232] [process=0][thread=write_metadata_after_commits] Commit + Array metadata written. Time taken: 0.546994s (commit=0.514668s, array_metadata_write=0.032327s)
I0405 08:39:04.479922 138309521183360 training.py:316] step: 240000 | loss: 0.000000 | grad_norm_unclipped: 0.000005
I0405 08:39:04.680600 138255524783680 base_pytree_checkpoint_handler.py:1232] [process=0][thread=write_metadata_after_commits] Commit + Array metadata written. Time taken: 0.540233s (commit=0.525406s, array_metadata_write=0.014827s)
I0405 08:39:05.182368 138255541569088 base_pytree_checkpoint_handler.py:1232] [process=0][thread=write_metadata_after_commits] Commit + Array metadata written. Time taken: 1.040854s (commit=0.886918s, array_metadata_write=0.153936s)
I0405 08:39:05.183902 138255499605568 base_pytree_checkpoint_handler.py:129] [process=0] /jax/checkpoint/write/gbytes_per_sec: 52.940 MiB/s (total gbytes: 87.1 MiB) (time elapsed: 1.645643949508667 s) (per-host)
I0405 08:39:05.184040 138255499605568 base_pytree_checkpoint_handler.py:129] [process=0] /jax/checkpoint/write/gbytes_per_sec: 26.658 MiB/s (total gbytes: 43.6 MiB) (time elapsed: 1.6340501308441162 s) (per-host)
I0405 08:39:05.184115 138255499605568 base_pytree_checkpoint_handler.py:129] [process=0] /jax/checkpoint/write/gbytes_per_sec: 26.747 MiB/s (total gbytes: 43.6 MiB) (time elapsed: 1.6286122798919678 s) (per-host)
I0405 08:39:05.184163 138255499605568 async_checkpointer.py:90] [process=0][thread=async_save] 5 Handler Commit operations completed. Time taken: 1.034091s.
I0405 08:39:05.334374 138255499605568 array_metadata_store.py:367] [process=0][thread=async_save] Skipped cross-host ArrayMetadata validation because only one process is found: process_index=0.
I0405 08:39:05.459670 138255499605568 base_pytree_checkpoint_handler.py:1356] [process=0][thread=async_save] Pytree save finalize (merge_ocdbt + ArrayMetadata validation) completed. Time taken: 0.272637s. use_zarr3=False, enable_post_merge_validation=True, directory=/content/drive/MyDrive/chess_vae_checkpoints/action_value/240000.orbax-checkpoint-tmp/params.orbax-checkpoint-tmp
I0405 08:39:05.484960 138255499605568 atomicity.py:480] Renaming /content/drive/MyDrive/chess_vae_checkpoints/action_value/240000.orbax-checkpoint-tmp/params.orbax-checkpoint-tmp to /content/drive/MyDrive/chess_vae_checkpoints/action_value/240000.orbax-checkpoint-tmp/params
I0405 08:39:05.492918 138255499605568 array_metadata_store.py:367] [process=0][thread=async_save] Skipped cross-host ArrayMetadata validation because only one process is found: process_index=0.
I0405 08:39:05.568367 138255499605568 base_pytree_checkpoint_handler.py:1356] [process=0][thread=async_save] Pytree save finalize (merge_ocdbt + ArrayMetadata validation) completed. Time taken: 0.079963s. use_zarr3=False, enable_post_merge_validation=True, directory=/content/drive/MyDrive/chess_vae_checkpoints/action_value/240000.orbax-checkpoint-tmp/params_ema.orbax-checkpoint-tmp
I0405 08:39:05.649094 138255499605568 atomicity.py:480] Renaming /content/drive/MyDrive/chess_vae_checkpoints/action_value/240000.orbax-checkpoint-tmp/params_ema.orbax-checkpoint-tmp to /content/drive/MyDrive/chess_vae_checkpoints/action_value/240000.orbax-checkpoint-tmp/params_ema
I0405 08:39:05.658047 138255499605568 array_metadata_store.py:367] [process=0][thread=async_save] Skipped cross-host ArrayMetadata validation because only one process is found: process_index=0.
I0405 08:39:05.739069 138255499605568 base_pytree_checkpoint_handler.py:1356] [process=0][thread=async_save] Pytree save finalize (merge_ocdbt + ArrayMetadata validation) completed. Time taken: 0.085837s. use_zarr3=False, enable_post_merge_validation=True, directory=/content/drive/MyDrive/chess_vae_checkpoints/action_value/240000.orbax-checkpoint-tmp/opt_state.orbax-checkpoint-tmp
I0405 08:39:05.800966 138255499605568 atomicity.py:480] Renaming /content/drive/MyDrive/chess_vae_checkpoints/action_value/240000.orbax-checkpoint-tmp/opt_state.orbax-checkpoint-tmp to /content/drive/MyDrive/chess_vae_checkpoints/action_value/240000.orbax-checkpoint-tmp/opt_state
I0405 08:39:05.804329 138255499605568 atomicity.py:480] Renaming /content/drive/MyDrive/chess_vae_checkpoints/action_value/240000.orbax-checkpoint-tmp/data_iter.orbax-checkpoint-tmp to /content/drive/MyDrive/chess_vae_checkpoints/action_value/240000.orbax-checkpoint-tmp/data_iter
I0405 08:39:05.807228 138255499605568 atomicity.py:480] Renaming /content/drive/MyDrive/chess_vae_checkpoints/action_value/240000.orbax-checkpoint-tmp to /content/drive/MyDrive/chess_vae_checkpoints/action_value/240000
I0405 08:39:05.950606 138255499605568 atomicity.py:790] [process=0][thread=async_save] Finished saving checkpoint (finalized tmp dir) to `/content/drive/MyDrive/chess_vae_checkpoints/action_value/240000`.
I0405 08:39:05.951344 138255499605568 async_checkpointer.py:420] Finished async_save (blocking + background). Time taken: 2.448228s. directory=/content/drive/MyDrive/chess_vae_checkpoints/action_value/240000
I0405 08:39:05.951476 138255499605568 async_checkpointer.py:144] [process=0][thread=async_save] Background save thread done. Time taken: 1.801403s.
I0405 08:39:05.951649 138255717815872 async_checkpointer.py:273] [process=0][thread=save_finalize] Done with waiting for background save thread=async_save.
I0405 08:39:05.951748 138255717815872 async_checkpointer.py:283] [process=0][thread=save_finalize] No errors found in background save thread=async_save.
I0405 08:39:06.732666 138255717815872 deleter.py:273] Deleted step 230000.
I0405 08:39:06.732813 138255717815872 checkpoint_manager.py:2133] [process=0][thread=save_finalize][step=240000] CheckpointManager Save Finalize is syncing with other hosts...
I0405 08:39:06.732913 138255717815872 checkpoint_manager.py:2142] [process=0][thread=save_finalize][step=240000] CheckpointManager Save Finalize is done on all hosts.
I0405 08:41:51.557377 138309521183360 training.py:316] step: 241000 | loss: 0.000000 | grad_norm_unclipped: 0.000005
I0405 08:44:37.691284 138309521183360 training.py:316] step: 242000 | loss: 0.000000 | grad_norm_unclipped: 0.000004
I0405 08:47:23.439995 138309521183360 training.py:316] step: 243000 | loss: 0.000011 | grad_norm_unclipped: 0.000060
I0405 08:50:10.068814 138309521183360 training.py:316] step: 244000 | loss: 0.000004 | grad_norm_unclipped: 0.000028
I0405 08:52:55.617226 138309521183360 training.py:316] step: 245000 | loss: 0.000052 | grad_norm_unclipped: 0.005675
I0405 08:55:42.640286 138309521183360 training.py:316] step: 246000 | loss: 0.000051 | grad_norm_unclipped: 0.000828
I0405 08:58:28.291631 138309521183360 training.py:316] step: 247000 | loss: 0.000001 | grad_norm_unclipped: 0.000017
I0405 09:01:13.886174 138309521183360 training.py:316] step: 248000 | loss: 0.000001 | grad_norm_unclipped: 0.000011
I0405 09:03:58.828856 138309521183360 training.py:316] step: 249000 | loss: 0.000001 | grad_norm_unclipped: 0.000010
I0405 09:06:44.727394 138309521183360 training.py:287] Checkpointing step 250000.
I0405 09:06:44.727699 138309521183360 checkpoint_manager.py:2013] [process=0][thread=MainThread][wait_until_finished] No Save Finalize thread to wait for. Returning.
I0405 09:06:44.728664 138309521183360 checkpoint_manager.py:1518] [process=0] Saving checkpoint at step 250000
I0405 09:06:44.729120 138309521183360 async_checkpointer.py:452] [process=0] Started async saving checkpoint to /content/drive/MyDrive/chess_vae_checkpoints/action_value/250000.
I0405 09:06:44.731794 138309521183360 future.py:363] [process=0][thread=MainThread][operation_id=26] _SignalingThread.join() waiting for signals ([<HandlerAwaitableSignal.STEP_DIRECTORY_CREATION: 'step_directory_creation'>, <HandlerAwaitableSignal.ITEM_DIRECTORY_CREATION: 'item_directory_creation'>]) blocking the main thread will slow down blocking save times. This is likely due to main thread calling result() on a CommitFuture.
I0405 09:06:44.732154 138255625496128 atomicity.py:137] Creating tmp directory /content/drive/MyDrive/chess_vae_checkpoints/action_value/250000.orbax-checkpoint-tmp
I0405 09:06:44.740349 138255885669952 atomicity.py:137] Creating tmp directory /content/drive/MyDrive/chess_vae_checkpoints/action_value/250000.orbax-checkpoint-tmp/data_iter.orbax-checkpoint-tmp
I0405 09:06:44.740995 138255885669952 atomicity.py:137] Creating tmp directory /content/drive/MyDrive/chess_vae_checkpoints/action_value/250000.orbax-checkpoint-tmp/opt_state.orbax-checkpoint-tmp
I0405 09:06:44.741181 138255885669952 atomicity.py:137] Creating tmp directory /content/drive/MyDrive/chess_vae_checkpoints/action_value/250000.orbax-checkpoint-tmp/params.orbax-checkpoint-tmp
I0405 09:06:44.741298 138255885669952 atomicity.py:137] Creating tmp directory /content/drive/MyDrive/chess_vae_checkpoints/action_value/250000.orbax-checkpoint-tmp/params_ema.orbax-checkpoint-tmp
I0405 09:06:44.815787 138309521183360 jax_array_handlers.py:358] Scheduling D2H of 259 prioritized jax.Array.
I0405 09:06:44.816745 138309521183360 replica_slices.py:424] Transferring arrays to host memory with options: use_replica_parallel=True, min_slice_bytes_for_replica_parallel=None, max_replicas_for_replica_parallel=None, enable_pinned_host_transfer=True
I0405 09:06:44.950353 138309521183360 base_pytree_checkpoint_handler.py:153] [process=0][thread=MainThread] Initiated "orbax.checkpoint._src.serialization.jax_array_handlers.ArrayHandler".serialize. Time taken: 0.135628s
I0405 09:06:44.952285 138309521183360 jax_array_handlers.py:358] Scheduling D2H of 129 prioritized jax.Array.
I0405 09:06:44.952600 138309521183360 replica_slices.py:424] Transferring arrays to host memory with options: use_replica_parallel=True, min_slice_bytes_for_replica_parallel=None, max_replicas_for_replica_parallel=None, enable_pinned_host_transfer=True
I0405 09:06:44.981912 138255843706432 array_metadata_store.py:203] [process=0][thread=array_type_handler] Wrote 259 array_metadata.ArrayMetadata to /content/drive/MyDrive/chess_vae_checkpoints/action_value/250000.orbax-checkpoint-tmp/opt_state.orbax-checkpoint-tmp/array_metadatas/process_0
I0405 09:06:45.150128 138309521183360 base_pytree_checkpoint_handler.py:153] [process=0][thread=MainThread] Initiated "orbax.checkpoint._src.serialization.jax_array_handlers.ArrayHandler".serialize. Time taken: 0.199385s
I0405 09:06:45.172388 138309521183360 jax_array_handlers.py:358] Scheduling D2H of 129 prioritized jax.Array.
I0405 09:06:45.173302 138309521183360 replica_slices.py:424] Transferring arrays to host memory with options: use_replica_parallel=True, min_slice_bytes_for_replica_parallel=None, max_replicas_for_replica_parallel=None, enable_pinned_host_transfer=True
I0405 09:06:45.198961 138255591925312 array_metadata_store.py:203] [process=0][thread=array_type_handler] Wrote 129 array_metadata.ArrayMetadata to /content/drive/MyDrive/chess_vae_checkpoints/action_value/250000.orbax-checkpoint-tmp/params.orbax-checkpoint-tmp/array_metadatas/process_0
I0405 09:06:45.379390 138309521183360 base_pytree_checkpoint_handler.py:153] [process=0][thread=MainThread] Initiated "orbax.checkpoint._src.serialization.jax_array_handlers.ArrayHandler".serialize. Time taken: 0.207894s
I0405 09:06:45.397939 138309521183360 base_pytree_checkpoint_handler.py:129] [process=0] /jax/checkpoint/write/blocking_gbytes_per_sec: 139.185 MiB/s (total gbytes: 87.1 MiB) (time elapsed: 0.6259310245513916 s) (per-host)
I0405 09:06:45.402198 138309521183360 base_pytree_checkpoint_handler.py:737] [process=0][thread=MainThread] Initiated Pytree async_save. Time taken: 0.630222s (batch_requests_ready=0.025187s, total_serialization_initiated=0.587530s, others=0.017505s)
I0405 09:06:45.403340 138309521183360 base_pytree_checkpoint_handler.py:129] [process=0] /jax/checkpoint/write/blocking_gbytes_per_sec: 70.547 MiB/s (total gbytes: 43.6 MiB) (time elapsed: 0.6174612045288086 s) (per-host)
I0405 09:06:45.404146 138309521183360 base_pytree_checkpoint_handler.py:737] [process=0][thread=MainThread] Initiated Pytree async_save. Time taken: 0.618299s (batch_requests_ready=0.022673s, total_serialization_initiated=0.593931s, others=0.001695s)
I0405 09:06:45.406263 138309521183360 base_pytree_checkpoint_handler.py:129] [process=0] /jax/checkpoint/write/blocking_gbytes_per_sec: 70.908 MiB/s (total gbytes: 43.6 MiB) (time elapsed: 0.6143155097961426 s) (per-host)
I0405 09:06:45.406363 138309521183360 base_pytree_checkpoint_handler.py:737] [process=0][thread=MainThread] Initiated Pytree async_save. Time taken: 0.614436s (batch_requests_ready=0.358487s, total_serialization_initiated=0.253933s, others=0.002016s)
I0405 09:06:45.406538 138309521183360 composite_checkpoint_handler.py:715] [process=0][thread=MainThread] Initiated CompositeCheckpointHandler.async_save. Time taken: 0.675881s (all_items=0.039114s, per_item={'data_iter': '0.03908539', 'opt_state': '0.00002050', 'params': '0.00000453', 'params_ema': '0.00000358'}, temp_paths=0.636767)
I0405 09:06:45.411655 138255709423168 async_checkpointer.py:79] [process=0][thread=async_save] Background save thread started.
I0405 09:06:45.412043 138309521183360 async_checkpointer.py:561] Finished blocking save. Time taken: 0.683275s. Continuing background save to /content/drive/MyDrive/chess_vae_checkpoints/action_value/250000.
I0405 09:06:45.412350 138309521183360 checkpoint_manager.py:1566] [process=0][thread=MainThread][step=250000] Starting CheckpointManager Save Finalize thread=save_finalize
I0405 09:06:45.414140 138255499605568 async_checkpointer.py:265] [process=0][thread=save_finalize] Waiting for background save thread=async_save.
I0405 09:06:45.414396 138309521183360 standard_logger.py:34] {'step': 250000, 'event_type': 'save', 'directory': '/content/drive/MyDrive/chess_vae_checkpoints/action_value', 'reached_preemption': False, 'preemption_received_at': None, 'synchronous': False, 'wait_for_prev_start_time': 1775380004.7276645, 'wait_for_prev_duration_secs': 8.535385131835938e-05, 'time_between_consecutive_saves_sec': 1657.9947118759155, 'checkpointer_blocking_start_time': 1775380004.72874, 'checkpointer_blocking_duration_secs': 0.6834180355072021, 'get_old_steps_start_time': 1775380005.4121776, 'get_old_steps_duration_secs': 0.000110626220703125, 'checkpoint_manager_blocking_start_time': 1775380004.727566, 'checkpoint_manager_blocking_duration_secs': 0.686784029006958}
I0405 09:06:45.592180 138255566747200 array_metadata_store.py:203] [process=0][thread=array_type_handler] Wrote 129 array_metadata.ArrayMetadata to /content/drive/MyDrive/chess_vae_checkpoints/action_value/250000.orbax-checkpoint-tmp/params_ema.orbax-checkpoint-tmp/array_metadatas/process_0
I0405 09:06:45.747213 138309521183360 training.py:316] step: 250000 | loss: 0.000000 | grad_norm_unclipped: 0.000009
I0405 09:06:45.928064 138255558354496 base_pytree_checkpoint_handler.py:1232] [process=0][thread=write_metadata_after_commits] Commit + Array metadata written. Time taken: 0.528939s (commit=0.346824s, array_metadata_write=0.182115s)
