I0405 09:06:45.932152 138255709423168 base_pytree_checkpoint_handler.py:129] [process=0] /jax/checkpoint/write/gbytes_per_sec: 75.093 MiB/s (total gbytes: 87.1 MiB) (time elapsed: 1.1601660251617432 s) (per-host)
I0405 09:06:46.121143 138255533176384 base_pytree_checkpoint_handler.py:1232] [process=0][thread=write_metadata_after_commits] Commit + Array metadata written. Time taken: 0.716444s (commit=0.549448s, array_metadata_write=0.166996s)
I0405 09:06:46.122590 138255709423168 base_pytree_checkpoint_handler.py:129] [process=0] /jax/checkpoint/write/gbytes_per_sec: 32.587 MiB/s (total gbytes: 43.6 MiB) (time elapsed: 1.336721658706665 s) (per-host)
I0405 09:06:46.125886 138255516390976 base_pytree_checkpoint_handler.py:1232] [process=0][thread=write_metadata_after_commits] Commit + Array metadata written. Time taken: 0.718324s (commit=0.556022s, array_metadata_write=0.162302s)
I0405 09:06:46.127096 138255709423168 base_pytree_checkpoint_handler.py:129] [process=0] /jax/checkpoint/write/gbytes_per_sec: 32.626 MiB/s (total gbytes: 43.6 MiB) (time elapsed: 1.3351430892944336 s) (per-host)
I0405 09:06:46.127184 138255709423168 async_checkpointer.py:90] [process=0][thread=async_save] 5 Handler Commit operations completed. Time taken: 0.715445s.
I0405 09:06:46.467533 138255709423168 array_metadata_store.py:367] [process=0][thread=async_save] Skipped cross-host ArrayMetadata validation because only one process is found: process_index=0.
I0405 09:06:46.565943 138255709423168 base_pytree_checkpoint_handler.py:1356] [process=0][thread=async_save] Pytree save finalize (merge_ocdbt + ArrayMetadata validation) completed. Time taken: 0.434538s. use_zarr3=False, enable_post_merge_validation=True, directory=/content/drive/MyDrive/chess_vae_checkpoints/action_value/250000.orbax-checkpoint-tmp/params.orbax-checkpoint-tmp
I0405 09:06:46.616451 138255709423168 atomicity.py:480] Renaming /content/drive/MyDrive/chess_vae_checkpoints/action_value/250000.orbax-checkpoint-tmp/params.orbax-checkpoint-tmp to /content/drive/MyDrive/chess_vae_checkpoints/action_value/250000.orbax-checkpoint-tmp/params
I0405 09:06:46.626299 138255709423168 array_metadata_store.py:367] [process=0][thread=async_save] Skipped cross-host ArrayMetadata validation because only one process is found: process_index=0.
I0405 09:06:46.911290 138255709423168 base_pytree_checkpoint_handler.py:1356] [process=0][thread=async_save] Pytree save finalize (merge_ocdbt + ArrayMetadata validation) completed. Time taken: 0.290943s. use_zarr3=False, enable_post_merge_validation=True, directory=/content/drive/MyDrive/chess_vae_checkpoints/action_value/250000.orbax-checkpoint-tmp/params_ema.orbax-checkpoint-tmp
I0405 09:06:46.919970 138255709423168 atomicity.py:480] Renaming /content/drive/MyDrive/chess_vae_checkpoints/action_value/250000.orbax-checkpoint-tmp/params_ema.orbax-checkpoint-tmp to /content/drive/MyDrive/chess_vae_checkpoints/action_value/250000.orbax-checkpoint-tmp/params_ema
I0405 09:06:46.931364 138255709423168 array_metadata_store.py:367] [process=0][thread=async_save] Skipped cross-host ArrayMetadata validation because only one process is found: process_index=0.
I0405 09:06:47.088921 138255709423168 base_pytree_checkpoint_handler.py:1356] [process=0][thread=async_save] Pytree save finalize (merge_ocdbt + ArrayMetadata validation) completed. Time taken: 0.165540s. use_zarr3=False, enable_post_merge_validation=True, directory=/content/drive/MyDrive/chess_vae_checkpoints/action_value/250000.orbax-checkpoint-tmp/opt_state.orbax-checkpoint-tmp
I0405 09:06:47.091189 138255709423168 atomicity.py:480] Renaming /content/drive/MyDrive/chess_vae_checkpoints/action_value/250000.orbax-checkpoint-tmp/opt_state.orbax-checkpoint-tmp to /content/drive/MyDrive/chess_vae_checkpoints/action_value/250000.orbax-checkpoint-tmp/opt_state
I0405 09:06:47.094192 138255709423168 atomicity.py:480] Renaming /content/drive/MyDrive/chess_vae_checkpoints/action_value/250000.orbax-checkpoint-tmp/data_iter.orbax-checkpoint-tmp to /content/drive/MyDrive/chess_vae_checkpoints/action_value/250000.orbax-checkpoint-tmp/data_iter
I0405 09:06:47.096722 138255709423168 atomicity.py:480] Renaming /content/drive/MyDrive/chess_vae_checkpoints/action_value/250000.orbax-checkpoint-tmp to /content/drive/MyDrive/chess_vae_checkpoints/action_value/250000
I0405 09:06:47.248351 138255709423168 atomicity.py:790] [process=0][thread=async_save] Finished saving checkpoint (finalized tmp dir) to `/content/drive/MyDrive/chess_vae_checkpoints/action_value/250000`.
I0405 09:06:47.249113 138255709423168 async_checkpointer.py:420] Finished async_save (blocking + background). Time taken: 2.520353s. directory=/content/drive/MyDrive/chess_vae_checkpoints/action_value/250000
I0405 09:06:47.249235 138255709423168 async_checkpointer.py:144] [process=0][thread=async_save] Background save thread done. Time taken: 1.837495s.
I0405 09:06:47.249398 138255499605568 async_checkpointer.py:273] [process=0][thread=save_finalize] Done with waiting for background save thread=async_save.
I0405 09:06:47.249510 138255499605568 async_checkpointer.py:283] [process=0][thread=save_finalize] No errors found in background save thread=async_save.
I0405 09:06:48.048333 138255499605568 deleter.py:273] Deleted step 240000.
I0405 09:06:48.048473 138255499605568 checkpoint_manager.py:2133] [process=0][thread=save_finalize][step=250000] CheckpointManager Save Finalize is syncing with other hosts...
I0405 09:06:48.048550 138255499605568 checkpoint_manager.py:2142] [process=0][thread=save_finalize][step=250000] CheckpointManager Save Finalize is done on all hosts.
I0405 09:09:32.411892 138309521183360 training.py:316] step: 251000 | loss: 0.000000 | grad_norm_unclipped: 0.000009
I0405 09:12:18.722703 138309521183360 training.py:316] step: 252000 | loss: 0.000000 | grad_norm_unclipped: 0.000006
I0405 09:15:06.304286 138309521183360 training.py:316] step: 253000 | loss: 0.000000 | grad_norm_unclipped: 0.000006
I0405 09:17:52.615479 138309521183360 training.py:316] step: 254000 | loss: 0.000000 | grad_norm_unclipped: 0.000006
I0405 09:20:39.401620 138309521183360 training.py:316] step: 255000 | loss: 0.000007 | grad_norm_unclipped: 0.000060
I0405 09:23:27.505273 138309521183360 training.py:316] step: 256000 | loss: 0.000001 | grad_norm_unclipped: 0.000007
I0405 09:26:14.257773 138309521183360 training.py:316] step: 257000 | loss: 0.000000 | grad_norm_unclipped: 0.000009
I0405 09:29:01.116141 138309521183360 training.py:316] step: 258000 | loss: 0.000000 | grad_norm_unclipped: 0.000004
I0405 09:31:47.926390 138309521183360 training.py:316] step: 259000 | loss: 0.000000 | grad_norm_unclipped: 0.000016
I0405 09:34:34.547291 138309521183360 training.py:287] Checkpointing step 260000.
I0405 09:34:34.547589 138309521183360 checkpoint_manager.py:2013] [process=0][thread=MainThread][wait_until_finished] No Save Finalize thread to wait for. Returning.
I0405 09:34:34.548554 138309521183360 checkpoint_manager.py:1518] [process=0] Saving checkpoint at step 260000
I0405 09:34:34.549011 138309521183360 async_checkpointer.py:452] [process=0] Started async saving checkpoint to /content/drive/MyDrive/chess_vae_checkpoints/action_value/260000.
I0405 09:34:34.551604 138309521183360 future.py:363] [process=0][thread=MainThread][operation_id=27] _SignalingThread.join() waiting for signals ([<HandlerAwaitableSignal.STEP_DIRECTORY_CREATION: 'step_directory_creation'>, <HandlerAwaitableSignal.ITEM_DIRECTORY_CREATION: 'item_directory_creation'>]) blocking the main thread will slow down blocking save times. This is likely due to main thread calling result() on a CommitFuture.
I0405 09:34:34.551802 138255633888832 atomicity.py:137] Creating tmp directory /content/drive/MyDrive/chess_vae_checkpoints/action_value/260000.orbax-checkpoint-tmp
I0405 09:34:34.560935 138255600318016 atomicity.py:137] Creating tmp directory /content/drive/MyDrive/chess_vae_checkpoints/action_value/260000.orbax-checkpoint-tmp/data_iter.orbax-checkpoint-tmp
I0405 09:34:34.561111 138255600318016 atomicity.py:137] Creating tmp directory /content/drive/MyDrive/chess_vae_checkpoints/action_value/260000.orbax-checkpoint-tmp/params_ema.orbax-checkpoint-tmp
I0405 09:34:34.561229 138255600318016 atomicity.py:137] Creating tmp directory /content/drive/MyDrive/chess_vae_checkpoints/action_value/260000.orbax-checkpoint-tmp/opt_state.orbax-checkpoint-tmp
I0405 09:34:34.561348 138255600318016 atomicity.py:137] Creating tmp directory /content/drive/MyDrive/chess_vae_checkpoints/action_value/260000.orbax-checkpoint-tmp/params.orbax-checkpoint-tmp
I0405 09:34:34.612239 138309521183360 jax_array_handlers.py:358] Scheduling D2H of 129 prioritized jax.Array.
I0405 09:34:34.612357 138309521183360 replica_slices.py:424] Transferring arrays to host memory with options: use_replica_parallel=True, min_slice_bytes_for_replica_parallel=None, max_replicas_for_replica_parallel=None, enable_pinned_host_transfer=True
I0405 09:34:34.719875 138309521183360 base_pytree_checkpoint_handler.py:153] [process=0][thread=MainThread] Initiated "orbax.checkpoint._src.serialization.jax_array_handlers.ArrayHandler".serialize. Time taken: 0.108239s
I0405 09:34:34.747617 138309521183360 jax_array_handlers.py:358] Scheduling D2H of 259 prioritized jax.Array.
I0405 09:34:34.747782 138309521183360 replica_slices.py:424] Transferring arrays to host memory with options: use_replica_parallel=True, min_slice_bytes_for_replica_parallel=None, max_replicas_for_replica_parallel=None, enable_pinned_host_transfer=True
I0405 09:34:34.784249 138255902455360 array_metadata_store.py:203] [process=0][thread=array_type_handler] Wrote 129 array_metadata.ArrayMetadata to /content/drive/MyDrive/chess_vae_checkpoints/action_value/260000.orbax-checkpoint-tmp/params.orbax-checkpoint-tmp/array_metadatas/process_0
I0405 09:34:34.930662 138309521183360 base_pytree_checkpoint_handler.py:153] [process=0][thread=MainThread] Initiated "orbax.checkpoint._src.serialization.jax_array_handlers.ArrayHandler".serialize. Time taken: 0.183964s
I0405 09:34:34.964542 138309521183360 base_pytree_checkpoint_handler.py:129] [process=0] /jax/checkpoint/write/blocking_gbytes_per_sec: 118.115 MiB/s (total gbytes: 43.6 MiB) (time elapsed: 0.3687922954559326 s) (per-host)
I0405 09:34:34.965118 138309521183360 base_pytree_checkpoint_handler.py:737] [process=0][thread=MainThread] Initiated Pytree async_save. Time taken: 0.369404s (batch_requests_ready=0.010543s, total_serialization_initiated=0.356929s, others=0.001932s)
I0405 09:34:34.966667 138309521183360 jax_array_handlers.py:358] Scheduling D2H of 129 prioritized jax.Array.
I0405 09:34:34.968978 138309521183360 replica_slices.py:424] Transferring arrays to host memory with options: use_replica_parallel=True, min_slice_bytes_for_replica_parallel=None, max_replicas_for_replica_parallel=None, enable_pinned_host_transfer=True
I0405 09:34:35.010237 138255625496128 array_metadata_store.py:203] [process=0][thread=array_type_handler] Wrote 259 array_metadata.ArrayMetadata to /content/drive/MyDrive/chess_vae_checkpoints/action_value/260000.orbax-checkpoint-tmp/opt_state.orbax-checkpoint-tmp/array_metadatas/process_0
I0405 09:34:35.174475 138309521183360 base_pytree_checkpoint_handler.py:153] [process=0][thread=MainThread] Initiated "orbax.checkpoint._src.serialization.jax_array_handlers.ArrayHandler".serialize. Time taken: 0.208986s
I0405 09:34:35.182268 138309521183360 base_pytree_checkpoint_handler.py:129] [process=0] /jax/checkpoint/write/blocking_gbytes_per_sec: 145.220 MiB/s (total gbytes: 87.1 MiB) (time elapsed: 0.5999162197113037 s) (per-host)
I0405 09:34:35.182400 138309521183360 base_pytree_checkpoint_handler.py:737] [process=0][thread=MainThread] Initiated Pytree async_save. Time taken: 0.600067s (batch_requests_ready=0.152327s, total_serialization_initiated=0.440196s, others=0.007544s)
I0405 09:34:35.379689 138309521183360 base_pytree_checkpoint_handler.py:129] [process=0] /jax/checkpoint/write/blocking_gbytes_per_sec: 55.974 MiB/s (total gbytes: 43.6 MiB) (time elapsed: 0.7782154083251953 s) (per-host)
I0405 09:34:35.379861 138309521183360 base_pytree_checkpoint_handler.py:737] [process=0][thread=MainThread] Initiated Pytree async_save. Time taken: 0.778414s (batch_requests_ready=0.339520s, total_serialization_initiated=0.241681s, others=0.197212s)
I0405 09:34:35.380071 138309521183360 composite_checkpoint_handler.py:715] [process=0][thread=MainThread] Initiated CompositeCheckpointHandler.async_save. Time taken: 0.829684s (all_items=0.029490s, per_item={'data_iter': '0.02947021', 'opt_state': '0.00001383', 'params': '0.00000310', 'params_ema': '0.00000262'}, temp_paths=0.800194)
I0405 09:34:35.395919 138255717815872 async_checkpointer.py:79] [process=0][thread=async_save] Background save thread started.
I0405 09:34:35.398610 138309521183360 async_checkpointer.py:561] Finished blocking save. Time taken: 0.849948s. Continuing background save to /content/drive/MyDrive/chess_vae_checkpoints/action_value/260000.
I0405 09:34:35.398941 138309521183360 checkpoint_manager.py:1566] [process=0][thread=MainThread][step=260000] Starting CheckpointManager Save Finalize thread=save_finalize
I0405 09:34:35.399211 138297166784064 async_checkpointer.py:265] [process=0][thread=save_finalize] Waiting for background save thread=async_save.
I0405 09:34:35.399714 138309521183360 standard_logger.py:34] {'step': 260000, 'event_type': 'save', 'directory': '/content/drive/MyDrive/chess_vae_checkpoints/action_value', 'reached_preemption': False, 'preemption_received_at': None, 'synchronous': False, 'wait_for_prev_start_time': 1775381674.547555, 'wait_for_prev_duration_secs': 8.559226989746094e-05, 'time_between_consecutive_saves_sec': 1666.498969078064, 'checkpointer_blocking_start_time': 1775381674.548634, 'checkpointer_blocking_duration_secs': 0.8500900268554688, 'get_old_steps_start_time': 1775381675.3987436, 'get_old_steps_duration_secs': 0.00013327598571777344, 'checkpoint_manager_blocking_start_time': 1775381674.5474577, 'checkpoint_manager_blocking_duration_secs': 0.8522219657897949}
I0405 09:34:35.575261 138255541569088 array_metadata_store.py:203] [process=0][thread=array_type_handler] Wrote 129 array_metadata.ArrayMetadata to /content/drive/MyDrive/chess_vae_checkpoints/action_value/260000.orbax-checkpoint-tmp/params_ema.orbax-checkpoint-tmp/array_metadatas/process_0
I0405 09:34:35.703191 138255583532608 base_pytree_checkpoint_handler.py:1232] [process=0][thread=write_metadata_after_commits] Commit + Array metadata written. Time taken: 0.739312s (commit=0.718313s, array_metadata_write=0.020999s)
I0405 09:34:35.758872 138309521183360 training.py:316] step: 260000 | loss: 0.000000 | grad_norm_unclipped: 0.000004
I0405 09:34:35.948957 138255516390976 base_pytree_checkpoint_handler.py:1232] [process=0][thread=write_metadata_after_commits] Commit + Array metadata written. Time taken: 0.556267s (commit=0.538824s, array_metadata_write=0.017443s)
I0405 09:34:36.253046 138255533176384 base_pytree_checkpoint_handler.py:1232] [process=0][thread=write_metadata_after_commits] Commit + Array metadata written. Time taken: 1.077699s (commit=0.779427s, array_metadata_write=0.298272s)
I0405 09:34:36.255731 138255717815872 base_pytree_checkpoint_handler.py:129] [process=0] /jax/checkpoint/write/gbytes_per_sec: 52.063 MiB/s (total gbytes: 87.1 MiB) (time elapsed: 1.6733629703521729 s) (per-host)
I0405 09:34:36.255907 138255717815872 base_pytree_checkpoint_handler.py:129] [process=0] /jax/checkpoint/write/gbytes_per_sec: 26.238 MiB/s (total gbytes: 43.6 MiB) (time elapsed: 1.66019606590271 s) (per-host)
I0405 09:34:36.255995 138255717815872 base_pytree_checkpoint_handler.py:129] [process=0] /jax/checkpoint/write/gbytes_per_sec: 26.327 MiB/s (total gbytes: 43.6 MiB) (time elapsed: 1.6545801162719727 s) (per-host)
I0405 09:34:36.256044 138255717815872 async_checkpointer.py:90] [process=0][thread=async_save] 5 Handler Commit operations completed. Time taken: 0.860023s.
I0405 09:34:36.266936 138255717815872 array_metadata_store.py:367] [process=0][thread=async_save] Skipped cross-host ArrayMetadata validation because only one process is found: process_index=0.
I0405 09:34:36.532941 138255717815872 base_pytree_checkpoint_handler.py:1356] [process=0][thread=async_save] Pytree save finalize (merge_ocdbt + ArrayMetadata validation) completed. Time taken: 0.273607s. use_zarr3=False, enable_post_merge_validation=True, directory=/content/drive/MyDrive/chess_vae_checkpoints/action_value/260000.orbax-checkpoint-tmp/params.orbax-checkpoint-tmp
I0405 09:34:36.582810 138255717815872 atomicity.py:480] Renaming /content/drive/MyDrive/chess_vae_checkpoints/action_value/260000.orbax-checkpoint-tmp/params.orbax-checkpoint-tmp to /content/drive/MyDrive/chess_vae_checkpoints/action_value/260000.orbax-checkpoint-tmp/params
I0405 09:34:36.594064 138255717815872 array_metadata_store.py:367] [process=0][thread=async_save] Skipped cross-host ArrayMetadata validation because only one process is found: process_index=0.
I0405 09:34:36.877117 138255717815872 base_pytree_checkpoint_handler.py:1356] [process=0][thread=async_save] Pytree save finalize (merge_ocdbt + ArrayMetadata validation) completed. Time taken: 0.290043s. use_zarr3=False, enable_post_merge_validation=True, directory=/content/drive/MyDrive/chess_vae_checkpoints/action_value/260000.orbax-checkpoint-tmp/params_ema.orbax-checkpoint-tmp
I0405 09:34:36.889611 138255717815872 atomicity.py:480] Renaming /content/drive/MyDrive/chess_vae_checkpoints/action_value/260000.orbax-checkpoint-tmp/params_ema.orbax-checkpoint-tmp to /content/drive/MyDrive/chess_vae_checkpoints/action_value/260000.orbax-checkpoint-tmp/params_ema
I0405 09:34:36.899240 138255717815872 array_metadata_store.py:367] [process=0][thread=async_save] Skipped cross-host ArrayMetadata validation because only one process is found: process_index=0.
I0405 09:34:37.216361 138255717815872 base_pytree_checkpoint_handler.py:1356] [process=0][thread=async_save] Pytree save finalize (merge_ocdbt + ArrayMetadata validation) completed. Time taken: 0.323157s. use_zarr3=False, enable_post_merge_validation=True, directory=/content/drive/MyDrive/chess_vae_checkpoints/action_value/260000.orbax-checkpoint-tmp/opt_state.orbax-checkpoint-tmp
I0405 09:34:37.219142 138255717815872 atomicity.py:480] Renaming /content/drive/MyDrive/chess_vae_checkpoints/action_value/260000.orbax-checkpoint-tmp/opt_state.orbax-checkpoint-tmp to /content/drive/MyDrive/chess_vae_checkpoints/action_value/260000.orbax-checkpoint-tmp/opt_state
I0405 09:34:37.222291 138255717815872 atomicity.py:480] Renaming /content/drive/MyDrive/chess_vae_checkpoints/action_value/260000.orbax-checkpoint-tmp/data_iter.orbax-checkpoint-tmp to /content/drive/MyDrive/chess_vae_checkpoints/action_value/260000.orbax-checkpoint-tmp/data_iter
I0405 09:34:37.224872 138255717815872 atomicity.py:480] Renaming /content/drive/MyDrive/chess_vae_checkpoints/action_value/260000.orbax-checkpoint-tmp to /content/drive/MyDrive/chess_vae_checkpoints/action_value/260000
I0405 09:34:37.368281 138255717815872 atomicity.py:790] [process=0][thread=async_save] Finished saving checkpoint (finalized tmp dir) to `/content/drive/MyDrive/chess_vae_checkpoints/action_value/260000`.
I0405 09:34:37.369036 138255717815872 async_checkpointer.py:420] Finished async_save (blocking + background). Time taken: 2.820378s. directory=/content/drive/MyDrive/chess_vae_checkpoints/action_value/260000
I0405 09:34:37.369186 138255717815872 async_checkpointer.py:144] [process=0][thread=async_save] Background save thread done. Time taken: 1.973161s.
I0405 09:34:37.369370 138297166784064 async_checkpointer.py:273] [process=0][thread=save_finalize] Done with waiting for background save thread=async_save.
I0405 09:34:37.369465 138297166784064 async_checkpointer.py:283] [process=0][thread=save_finalize] No errors found in background save thread=async_save.
I0405 09:34:37.369529 138297166784064 checkpoint_manager.py:2133] [process=0][thread=save_finalize][step=260000] CheckpointManager Save Finalize is syncing with other hosts...
I0405 09:34:37.369587 138297166784064 checkpoint_manager.py:2142] [process=0][thread=save_finalize][step=260000] CheckpointManager Save Finalize is done on all hosts.
I0405 09:37:22.835396 138309521183360 training.py:316] step: 261000 | loss: 0.000000 | grad_norm_unclipped: 0.000006
I0405 09:40:08.300561 138309521183360 training.py:316] step: 262000 | loss: 0.000000 | grad_norm_unclipped: 0.000004
I0405 09:42:54.344711 138309521183360 training.py:316] step: 263000 | loss: 0.000000 | grad_norm_unclipped: 0.000013
I0405 09:45:40.323530 138309521183360 training.py:316] step: 264000 | loss: 0.000000 | grad_norm_unclipped: 0.000054
I0405 09:48:27.455421 138309521183360 training.py:316] step: 265000 | loss: 0.000000 | grad_norm_unclipped: 0.000028
I0405 09:51:12.958012 138309521183360 training.py:316] step: 266000 | loss: 0.000000 | grad_norm_unclipped: 0.000026
I0405 09:54:00.068321 138309521183360 training.py:316] step: 267000 | loss: 0.000000 | grad_norm_unclipped: 0.000026
I0405 09:56:46.270597 138309521183360 training.py:316] step: 268000 | loss: 0.000003 | grad_norm_unclipped: 0.000021
I0405 09:59:32.048664 138309521183360 training.py:316] step: 269000 | loss: 0.000001 | grad_norm_unclipped: 0.000006
I0405 10:02:18.769149 138309521183360 training.py:287] Checkpointing step 270000.
I0405 10:02:18.769443 138309521183360 checkpoint_manager.py:2013] [process=0][thread=MainThread][wait_until_finished] No Save Finalize thread to wait for. Returning.
I0405 10:02:18.770374 138309521183360 checkpoint_manager.py:1518] [process=0] Saving checkpoint at step 270000
I0405 10:02:18.770809 138309521183360 async_checkpointer.py:452] [process=0] Started async saving checkpoint to /content/drive/MyDrive/chess_vae_checkpoints/action_value/270000.
I0405 10:02:18.773284 138309521183360 future.py:363] [process=0][thread=MainThread][operation_id=28] _SignalingThread.join() waiting for signals ([<HandlerAwaitableSignal.STEP_DIRECTORY_CREATION: 'step_directory_creation'>, <HandlerAwaitableSignal.ITEM_DIRECTORY_CREATION: 'item_directory_creation'>]) blocking the main thread will slow down blocking save times. This is likely due to main thread calling result() on a CommitFuture.
I0405 10:02:18.773505 138255633888832 atomicity.py:137] Creating tmp directory /content/drive/MyDrive/chess_vae_checkpoints/action_value/270000.orbax-checkpoint-tmp
I0405 10:02:18.782723 138255558354496 atomicity.py:137] Creating tmp directory /content/drive/MyDrive/chess_vae_checkpoints/action_value/270000.orbax-checkpoint-tmp/data_iter.orbax-checkpoint-tmp
I0405 10:02:18.783242 138255558354496 atomicity.py:137] Creating tmp directory /content/drive/MyDrive/chess_vae_checkpoints/action_value/270000.orbax-checkpoint-tmp/params.orbax-checkpoint-tmp
I0405 10:02:18.783383 138255558354496 atomicity.py:137] Creating tmp directory /content/drive/MyDrive/chess_vae_checkpoints/action_value/270000.orbax-checkpoint-tmp/opt_state.orbax-checkpoint-tmp
I0405 10:02:18.783478 138255558354496 atomicity.py:137] Creating tmp directory /content/drive/MyDrive/chess_vae_checkpoints/action_value/270000.orbax-checkpoint-tmp/params_ema.orbax-checkpoint-tmp
I0405 10:02:18.834506 138309521183360 jax_array_handlers.py:358] Scheduling D2H of 129 prioritized jax.Array.
I0405 10:02:18.834712 138309521183360 replica_slices.py:424] Transferring arrays to host memory with options: use_replica_parallel=True, min_slice_bytes_for_replica_parallel=None, max_replicas_for_replica_parallel=None, enable_pinned_host_transfer=True
I0405 10:02:18.938973 138309521183360 base_pytree_checkpoint_handler.py:153] [process=0][thread=MainThread] Initiated "orbax.checkpoint._src.serialization.jax_array_handlers.ArrayHandler".serialize. Time taken: 0.105054s
I0405 10:02:18.970719 138309521183360 base_pytree_checkpoint_handler.py:129] [process=0] /jax/checkpoint/write/blocking_gbytes_per_sec: 285.065 MiB/s (total gbytes: 43.6 MiB) (time elapsed: 0.15280723571777344 s) (per-host)
I0405 10:02:18.970878 138309521183360 base_pytree_checkpoint_handler.py:737] [process=0][thread=MainThread] Initiated Pytree async_save. Time taken: 0.152983s (batch_requests_ready=0.010639s, total_serialization_initiated=0.141774s, others=0.000571s)
I0405 10:02:18.972362 138309521183360 jax_array_handlers.py:358] Scheduling D2H of 259 prioritized jax.Array.
I0405 10:02:18.972572 138309521183360 replica_slices.py:424] Transferring arrays to host memory with options: use_replica_parallel=True, min_slice_bytes_for_replica_parallel=None, max_replicas_for_replica_parallel=None, enable_pinned_host_transfer=True
I0405 10:02:18.994369 138255885669952 array_metadata_store.py:203] [process=0][thread=array_type_handler] Wrote 129 array_metadata.ArrayMetadata to /content/drive/MyDrive/chess_vae_checkpoints/action_value/270000.orbax-checkpoint-tmp/params.orbax-checkpoint-tmp/array_metadatas/process_0
I0405 10:02:19.157451 138309521183360 base_pytree_checkpoint_handler.py:153] [process=0][thread=MainThread] Initiated "orbax.checkpoint._src.serialization.jax_array_handlers.ArrayHandler".serialize. Time taken: 0.186374s
I0405 10:02:19.195348 138309521183360 jax_array_handlers.py:358] Scheduling D2H of 129 prioritized jax.Array.
I0405 10:02:19.195648 138309521183360 replica_slices.py:424] Transferring arrays to host memory with options: use_replica_parallel=True, min_slice_bytes_for_replica_parallel=None, max_replicas_for_replica_parallel=None, enable_pinned_host_transfer=True
I0405 10:02:19.230621 138255608710720 array_metadata_store.py:203] [process=0][thread=array_type_handler] Wrote 259 array_metadata.ArrayMetadata to /content/drive/MyDrive/chess_vae_checkpoints/action_value/270000.orbax-checkpoint-tmp/opt_state.orbax-checkpoint-tmp/array_metadatas/process_0
I0405 10:02:19.408375 138309521183360 base_pytree_checkpoint_handler.py:153] [process=0][thread=MainThread] Initiated "orbax.checkpoint._src.serialization.jax_array_handlers.ArrayHandler".serialize. Time taken: 0.245499s
I0405 10:02:19.428160 138309521183360 base_pytree_checkpoint_handler.py:129] [process=0] /jax/checkpoint/write/blocking_gbytes_per_sec: 139.661 MiB/s (total gbytes: 87.1 MiB) (time elapsed: 0.623798131942749 s) (per-host)
I0405 10:02:19.430277 138309521183360 base_pytree_checkpoint_handler.py:737] [process=0][thread=MainThread] Initiated Pytree async_save. Time taken: 0.625926s (batch_requests_ready=0.140104s, total_serialization_initiated=0.480488s, others=0.005334s)
I0405 10:02:19.431365 138309521183360 base_pytree_checkpoint_handler.py:129] [process=0] /jax/checkpoint/write/blocking_gbytes_per_sec: 71.660 MiB/s (total gbytes: 43.6 MiB) (time elapsed: 0.6078712940216064 s) (per-host)
I0405 10:02:19.432186 138309521183360 base_pytree_checkpoint_handler.py:737] [process=0][thread=MainThread] Initiated Pytree async_save. Time taken: 0.608704s (batch_requests_ready=0.141614s, total_serialization_initiated=0.465425s, others=0.001665s)
I0405 10:02:19.432407 138309521183360 composite_checkpoint_handler.py:715] [process=0][thread=MainThread] Initiated CompositeCheckpointHandler.async_save. Time taken: 0.660274s (all_items=0.029896s, per_item={'data_iter': '0.02987003', 'opt_state': '0.00001788', 'params': '0.00000453', 'params_ema': '0.00000358'}, temp_paths=0.630378)
I0405 10:02:19.434651 138255507998272 async_checkpointer.py:79] [process=0][thread=async_save] Background save thread started.
I0405 10:02:19.436443 138309521183360 async_checkpointer.py:561] Finished blocking save. Time taken: 0.665967s. Continuing background save to /content/drive/MyDrive/chess_vae_checkpoints/action_value/270000.
I0405 10:02:19.438911 138309521183360 checkpoint_manager.py:1566] [process=0][thread=MainThread][step=270000] Starting CheckpointManager Save Finalize thread=save_finalize
I0405 10:02:19.439354 138297166784064 async_checkpointer.py:265] [process=0][thread=save_finalize] Waiting for background save thread=async_save.
I0405 10:02:19.440284 138309521183360 standard_logger.py:34] {'step': 270000, 'event_type': 'save', 'directory': '/content/drive/MyDrive/chess_vae_checkpoints/action_value', 'reached_preemption': False, 'preemption_received_at': None, 'synchronous': False, 'wait_for_prev_start_time': 1775383338.7694077, 'wait_for_prev_duration_secs': 8.487701416015625e-05, 'time_between_consecutive_saves_sec': 1661.3997893333435, 'checkpointer_blocking_start_time': 1775383338.7704465, 'checkpointer_blocking_duration_secs': 0.6682217121124268, 'get_old_steps_start_time': 1775383339.4386883, 'get_old_steps_duration_secs': 0.000125885009765625, 'checkpoint_manager_blocking_start_time': 1775383338.7693112, 'checkpoint_manager_blocking_duration_secs': 0.6709368228912354}
I0405 10:02:19.822271 138255566747200 array_metadata_store.py:203] [process=0][thread=array_type_handler] Wrote 129 array_metadata.ArrayMetadata to /content/drive/MyDrive/chess_vae_checkpoints/action_value/270000.orbax-checkpoint-tmp/params_ema.orbax-checkpoint-tmp/array_metadatas/process_0
I0405 10:02:19.866492 138255709423168 base_pytree_checkpoint_handler.py:1232] [process=0][thread=write_metadata_after_commits] Commit + Array metadata written. Time taken: 0.894734s (commit=0.828139s, array_metadata_write=0.066595s)
I0405 10:02:19.965280 138309521183360 training.py:316] step: 270000 | loss: 0.000000 | grad_norm_unclipped: 0.000004
I0405 10:02:20.516054 138255541569088 base_pytree_checkpoint_handler.py:1232] [process=0][thread=write_metadata_after_commits] Commit + Array metadata written. Time taken: 1.088201s (commit=0.918505s, array_metadata_write=0.169696s)
I0405 10:02:20.517531 138255524783680 base_pytree_checkpoint_handler.py:1232] [process=0][thread=write_metadata_after_commits] Commit + Array metadata written. Time taken: 1.086521s (commit=0.915039s, array_metadata_write=0.171482s)
I0405 10:02:20.519322 138255507998272 base_pytree_checkpoint_handler.py:129] [process=0] /jax/checkpoint/write/gbytes_per_sec: 50.800 MiB/s (total gbytes: 87.1 MiB) (time elapsed: 1.7149627208709717 s) (per-host)
I0405 10:02:20.519459 138255507998272 base_pytree_checkpoint_handler.py:129] [process=0] /jax/checkpoint/write/gbytes_per_sec: 25.600 MiB/s (total gbytes: 43.6 MiB) (time elapsed: 1.7015712261199951 s) (per-host)
I0405 10:02:20.519542 138255507998272 base_pytree_checkpoint_handler.py:129] [process=0] /jax/checkpoint/write/gbytes_per_sec: 25.683 MiB/s (total gbytes: 43.6 MiB) (time elapsed: 1.6960721015930176 s) (per-host)
I0405 10:02:20.519592 138255507998272 async_checkpointer.py:90] [process=0][thread=async_save] 5 Handler Commit operations completed. Time taken: 1.084693s.
I0405 10:02:20.665526 138255507998272 array_metadata_store.py:367] [process=0][thread=async_save] Skipped cross-host ArrayMetadata validation because only one process is found: process_index=0.
I0405 10:02:20.813080 138255507998272 base_pytree_checkpoint_handler.py:1356] [process=0][thread=async_save] Pytree save finalize (merge_ocdbt + ArrayMetadata validation) completed. Time taken: 0.154621s. use_zarr3=False, enable_post_merge_validation=True, directory=/content/drive/MyDrive/chess_vae_checkpoints/action_value/270000.orbax-checkpoint-tmp/params.orbax-checkpoint-tmp
I0405 10:02:20.815203 138255507998272 atomicity.py:480] Renaming /content/drive/MyDrive/chess_vae_checkpoints/action_value/270000.orbax-checkpoint-tmp/params.orbax-checkpoint-tmp to /content/drive/MyDrive/chess_vae_checkpoints/action_value/270000.orbax-checkpoint-tmp/params
I0405 10:02:20.822668 138255507998272 array_metadata_store.py:367] [process=0][thread=async_save] Skipped cross-host ArrayMetadata validation because only one process is found: process_index=0.
I0405 10:02:20.932751 138255507998272 base_pytree_checkpoint_handler.py:1356] [process=0][thread=async_save] Pytree save finalize (merge_ocdbt + ArrayMetadata validation) completed. Time taken: 0.114491s. use_zarr3=False, enable_post_merge_validation=True, directory=/content/drive/MyDrive/chess_vae_checkpoints/action_value/270000.orbax-checkpoint-tmp/params_ema.orbax-checkpoint-tmp
I0405 10:02:20.962940 138255507998272 atomicity.py:480] Renaming /content/drive/MyDrive/chess_vae_checkpoints/action_value/270000.orbax-checkpoint-tmp/params_ema.orbax-checkpoint-tmp to /content/drive/MyDrive/chess_vae_checkpoints/action_value/270000.orbax-checkpoint-tmp/params_ema
I0405 10:02:21.132788 138255507998272 array_metadata_store.py:367] [process=0][thread=async_save] Skipped cross-host ArrayMetadata validation because only one process is found: process_index=0.
I0405 10:02:21.163816 138255507998272 base_pytree_checkpoint_handler.py:1356] [process=0][thread=async_save] Pytree save finalize (merge_ocdbt + ArrayMetadata validation) completed. Time taken: 0.039377s. use_zarr3=False, enable_post_merge_validation=True, directory=/content/drive/MyDrive/chess_vae_checkpoints/action_value/270000.orbax-checkpoint-tmp/opt_state.orbax-checkpoint-tmp
I0405 10:02:21.277458 138255507998272 atomicity.py:480] Renaming /content/drive/MyDrive/chess_vae_checkpoints/action_value/270000.orbax-checkpoint-tmp/opt_state.orbax-checkpoint-tmp to /content/drive/MyDrive/chess_vae_checkpoints/action_value/270000.orbax-checkpoint-tmp/opt_state
I0405 10:02:21.280970 138255507998272 atomicity.py:480] Renaming /content/drive/MyDrive/chess_vae_checkpoints/action_value/270000.orbax-checkpoint-tmp/data_iter.orbax-checkpoint-tmp to /content/drive/MyDrive/chess_vae_checkpoints/action_value/270000.orbax-checkpoint-tmp/data_iter
I0405 10:02:21.283856 138255507998272 atomicity.py:480] Renaming /content/drive/MyDrive/chess_vae_checkpoints/action_value/270000.orbax-checkpoint-tmp to /content/drive/MyDrive/chess_vae_checkpoints/action_value/270000
I0405 10:02:21.433229 138255507998272 atomicity.py:790] [process=0][thread=async_save] Finished saving checkpoint (finalized tmp dir) to `/content/drive/MyDrive/chess_vae_checkpoints/action_value/270000`.
I0405 10:02:21.433936 138255507998272 async_checkpointer.py:420] Finished async_save (blocking + background). Time taken: 2.663470s. directory=/content/drive/MyDrive/chess_vae_checkpoints/action_value/270000
I0405 10:02:21.434060 138255507998272 async_checkpointer.py:144] [process=0][thread=async_save] Background save thread done. Time taken: 1.999160s.
I0405 10:02:21.434237 138297166784064 async_checkpointer.py:273] [process=0][thread=save_finalize] Done with waiting for background save thread=async_save.
I0405 10:02:21.434342 138297166784064 async_checkpointer.py:283] [process=0][thread=save_finalize] No errors found in background save thread=async_save.
I0405 10:02:22.387537 138297166784064 deleter.py:273] Deleted step 260000.
I0405 10:02:22.387681 138297166784064 checkpoint_manager.py:2133] [process=0][thread=save_finalize][step=270000] CheckpointManager Save Finalize is syncing with other hosts...
I0405 10:02:22.387759 138297166784064 checkpoint_manager.py:2142] [process=0][thread=save_finalize][step=270000] CheckpointManager Save Finalize is done on all hosts.
I0405 10:05:06.784286 138309521183360 training.py:316] step: 271000 | loss: 0.019274 | grad_norm_unclipped: 2.999520
I0405 10:07:53.041774 138309521183360 training.py:316] step: 272000 | loss: 0.000000 | grad_norm_unclipped: 0.000008
I0405 10:10:39.731575 138309521183360 training.py:316] step: 273000 | loss: 0.000011 | grad_norm_unclipped: 0.000245
I0405 10:13:26.180635 138309521183360 training.py:316] step: 274000 | loss: 0.000000 | grad_norm_unclipped: 0.000004
I0405 10:16:12.815772 138309521183360 training.py:316] step: 275000 | loss: 0.000000 | grad_norm_unclipped: 0.000004
I0405 10:18:58.803888 138309521183360 training.py:316] step: 276000 | loss: 0.000000 | grad_norm_unclipped: 0.000003
I0405 10:21:45.290688 138309521183360 training.py:316] step: 277000 | loss: 0.000000 | grad_norm_unclipped: 0.000003
I0405 10:24:31.348201 138309521183360 training.py:316] step: 278000 | loss: 0.000000 | grad_norm_unclipped: 0.000002
I0405 10:27:17.385802 138309521183360 training.py:316] step: 279000 | loss: 0.000000 | grad_norm_unclipped: 0.000002
I0405 10:30:04.354082 138309521183360 training.py:287] Checkpointing step 280000.
I0405 10:30:04.354380 138309521183360 checkpoint_manager.py:2013] [process=0][thread=MainThread][wait_until_finished] No Save Finalize thread to wait for. Returning.
I0405 10:30:04.355319 138309521183360 checkpoint_manager.py:1518] [process=0] Saving checkpoint at step 280000
I0405 10:30:04.355742 138309521183360 async_checkpointer.py:452] [process=0] Started async saving checkpoint to /content/drive/MyDrive/chess_vae_checkpoints/action_value/280000.
I0405 10:30:04.358150 138309521183360 future.py:363] [process=0][thread=MainThread][operation_id=29] _SignalingThread.join() waiting for signals ([<HandlerAwaitableSignal.STEP_DIRECTORY_CREATION: 'step_directory_creation'>, <HandlerAwaitableSignal.ITEM_DIRECTORY_CREATION: 'item_directory_creation'>]) blocking the main thread will slow down blocking save times. This is likely due to main thread calling result() on a CommitFuture.
I0405 10:30:04.358432 138255625496128 atomicity.py:137] Creating tmp directory /content/drive/MyDrive/chess_vae_checkpoints/action_value/280000.orbax-checkpoint-tmp
I0405 10:30:04.376896 138295413544512 atomicity.py:137] Creating tmp directory /content/drive/MyDrive/chess_vae_checkpoints/action_value/280000.orbax-checkpoint-tmp/opt_state.orbax-checkpoint-tmp
I0405 10:30:04.377090 138295413544512 atomicity.py:137] Creating tmp directory /content/drive/MyDrive/chess_vae_checkpoints/action_value/280000.orbax-checkpoint-tmp/data_iter.orbax-checkpoint-tmp
I0405 10:30:04.377218 138295413544512 atomicity.py:137] Creating tmp directory /content/drive/MyDrive/chess_vae_checkpoints/action_value/280000.orbax-checkpoint-tmp/params.orbax-checkpoint-tmp
I0405 10:30:04.377303 138295413544512 atomicity.py:137] Creating tmp directory /content/drive/MyDrive/chess_vae_checkpoints/action_value/280000.orbax-checkpoint-tmp/params_ema.orbax-checkpoint-tmp
I0405 10:30:04.439317 138309521183360 jax_array_handlers.py:358] Scheduling D2H of 259 prioritized jax.Array.
I0405 10:30:04.439505 138309521183360 replica_slices.py:424] Transferring arrays to host memory with options: use_replica_parallel=True, min_slice_bytes_for_replica_parallel=None, max_replicas_for_replica_parallel=None, enable_pinned_host_transfer=True
I0405 10:30:04.535627 138309521183360 base_pytree_checkpoint_handler.py:153] [process=0][thread=MainThread] Initiated "orbax.checkpoint._src.serialization.jax_array_handlers.ArrayHandler".serialize. Time taken: 0.097169s
I0405 10:30:04.567634 138309521183360 jax_array_handlers.py:358] Scheduling D2H of 129 prioritized jax.Array.
I0405 10:30:04.568352 138309521183360 replica_slices.py:424] Transferring arrays to host memory with options: use_replica_parallel=True, min_slice_bytes_for_replica_parallel=None, max_replicas_for_replica_parallel=None, enable_pinned_host_transfer=True
I0405 10:30:04.590408 138255843706432 array_metadata_store.py:203] [process=0][thread=array_type_handler] Wrote 259 array_metadata.ArrayMetadata to /content/drive/MyDrive/chess_vae_checkpoints/action_value/280000.orbax-checkpoint-tmp/opt_state.orbax-checkpoint-tmp/array_metadatas/process_0
I0405 10:30:04.765279 138309521183360 base_pytree_checkpoint_handler.py:153] [process=0][thread=MainThread] Initiated "orbax.checkpoint._src.serialization.jax_array_handlers.ArrayHandler".serialize. Time taken: 0.229501s
I0405 10:30:04.789066 138309521183360 jax_array_handlers.py:358] Scheduling D2H of 129 prioritized jax.Array.
I0405 10:30:04.789749 138309521183360 replica_slices.py:424] Transferring arrays to host memory with options: use_replica_parallel=True, min_slice_bytes_for_replica_parallel=None, max_replicas_for_replica_parallel=None, enable_pinned_host_transfer=True
I0405 10:30:04.821634 138255591925312 array_metadata_store.py:203] [process=0][thread=array_type_handler] Wrote 129 array_metadata.ArrayMetadata to /content/drive/MyDrive/chess_vae_checkpoints/action_value/280000.orbax-checkpoint-tmp/params.orbax-checkpoint-tmp/array_metadatas/process_0
I0405 10:30:05.006008 138309521183360 base_pytree_checkpoint_handler.py:153] [process=0][thread=MainThread] Initiated "orbax.checkpoint._src.serialization.jax_array_handlers.ArrayHandler".serialize. Time taken: 0.217762s
I0405 10:30:05.017098 138309521183360 base_pytree_checkpoint_handler.py:129] [process=0] /jax/checkpoint/write/blocking_gbytes_per_sec: 141.052 MiB/s (total gbytes: 87.1 MiB) (time elapsed: 0.6176462173461914 s) (per-host)
I0405 10:30:05.017238 138309521183360 base_pytree_checkpoint_handler.py:737] [process=0][thread=MainThread] Initiated Pytree async_save. Time taken: 0.617818s (batch_requests_ready=0.024117s, total_serialization_initiated=0.582638s, others=0.011064s)
I0405 10:30:05.020420 138309521183360 base_pytree_checkpoint_handler.py:129] [process=0] /jax/checkpoint/write/blocking_gbytes_per_sec: 71.703 MiB/s (total gbytes: 43.6 MiB) (time elapsed: 0.6075069904327393 s) (per-host)
I0405 10:30:05.020690 138309521183360 base_pytree_checkpoint_handler.py:737] [process=0][thread=MainThread] Initiated Pytree async_save. Time taken: 0.607792s (batch_requests_ready=0.020667s, total_serialization_initiated=0.583875s, others=0.003250s)
I0405 10:30:05.022580 138309521183360 base_pytree_checkpoint_handler.py:129] [process=0] /jax/checkpoint/write/blocking_gbytes_per_sec: 72.113 MiB/s (total gbytes: 43.6 MiB) (time elapsed: 0.6040539741516113 s) (per-host)
I0405 10:30:05.023455 138309521183360 base_pytree_checkpoint_handler.py:737] [process=0][thread=MainThread] Initiated Pytree async_save. Time taken: 0.604953s (batch_requests_ready=0.362503s, total_serialization_initiated=0.240252s, others=0.002198s)
I0405 10:30:05.023666 138309521183360 composite_checkpoint_handler.py:715] [process=0][thread=MainThread] Initiated CompositeCheckpointHandler.async_save. Time taken: 0.666624s (all_items=0.040266s, per_item={'data_iter': '0.04022789', 'opt_state': '0.00001907', 'params': '0.00001502', 'params_ema': '0.00000429'}, temp_paths=0.626357)
I0405 10:30:05.029737 138255507998272 async_checkpointer.py:79] [process=0][thread=async_save] Background save thread started.
I0405 10:30:05.030014 138309521183360 async_checkpointer.py:561] Finished blocking save. Time taken: 0.674590s. Continuing background save to /content/drive/MyDrive/chess_vae_checkpoints/action_value/280000.
I0405 10:30:05.032325 138309521183360 checkpoint_manager.py:1566] [process=0][thread=MainThread][step=280000] Starting CheckpointManager Save Finalize thread=save_finalize
I0405 10:30:05.033365 138255499605568 async_checkpointer.py:265] [process=0][thread=save_finalize] Waiting for background save thread=async_save.
I0405 10:30:05.033686 138309521183360 standard_logger.py:34] {'step': 280000, 'event_type': 'save', 'directory': '/content/drive/MyDrive/chess_vae_checkpoints/action_value', 'reached_preemption': False, 'preemption_received_at': None, 'synchronous': False, 'wait_for_prev_start_time': 1775385004.3543444, 'wait_for_prev_duration_secs': 8.726119995117188e-05, 'time_between_consecutive_saves_sec': 1661.9665431976318, 'checkpointer_blocking_start_time': 1775385004.3553996, 'checkpointer_blocking_duration_secs': 0.6766808032989502, 'get_old_steps_start_time': 1775385005.032102, 'get_old_steps_duration_secs': 0.00014972686767578125, 'checkpoint_manager_blocking_start_time': 1775385004.354247, 'checkpoint_manager_blocking_duration_secs': 0.6793856620788574}
I0405 10:30:05.402698 138255566747200 array_metadata_store.py:203] [process=0][thread=array_type_handler] Wrote 129 array_metadata.ArrayMetadata to /content/drive/MyDrive/chess_vae_checkpoints/action_value/280000.orbax-checkpoint-tmp/params_ema.orbax-checkpoint-tmp/array_metadatas/process_0
I0405 10:30:05.569940 138255541569088 base_pytree_checkpoint_handler.py:1232] [process=0][thread=write_metadata_after_commits] Commit + Array metadata written. Time taken: 0.552004s (commit=0.532498s, array_metadata_write=0.019506s)
I0405 10:30:05.584802 138309521183360 training.py:316] step: 280000 | loss: 0.000000 | grad_norm_unclipped: 0.000002
I0405 10:30:05.891053 138255549961792 base_pytree_checkpoint_handler.py:1232] [process=0][thread=write_metadata_after_commits] Commit + Array metadata written. Time taken: 0.872278s (commit=0.734912s, array_metadata_write=0.137366s)
I0405 10:30:05.926344 138255507998272 base_pytree_checkpoint_handler.py:129] [process=0] /jax/checkpoint/write/gbytes_per_sec: 57.057 MiB/s (total gbytes: 87.1 MiB) (time elapsed: 1.5268974304199219 s) (per-host)
I0405 10:30:05.926584 138255507998272 base_pytree_checkpoint_handler.py:129] [process=0] /jax/checkpoint/write/gbytes_per_sec: 28.777 MiB/s (total gbytes: 43.6 MiB) (time elapsed: 1.5136916637420654 s) (per-host)
I0405 10:30:05.932382 138255524783680 base_pytree_checkpoint_handler.py:1232] [process=0][thread=write_metadata_after_commits] Commit + Array metadata written. Time taken: 0.910688s (commit=0.750560s, array_metadata_write=0.160128s)
I0405 10:30:05.933575 138255507998272 base_pytree_checkpoint_handler.py:129] [process=0] /jax/checkpoint/write/gbytes_per_sec: 28.751 MiB/s (total gbytes: 43.6 MiB) (time elapsed: 1.5150578022003174 s) (per-host)
I0405 10:30:05.933674 138255507998272 async_checkpointer.py:90] [process=0][thread=async_save] 5 Handler Commit operations completed. Time taken: 0.903857s.
I0405 10:30:06.096502 138255507998272 array_metadata_store.py:367] [process=0][thread=async_save] Skipped cross-host ArrayMetadata validation because only one process is found: process_index=0.
I0405 10:30:06.241284 138255507998272 base_pytree_checkpoint_handler.py:1356] [process=0][thread=async_save] Pytree save finalize (merge_ocdbt + ArrayMetadata validation) completed. Time taken: 0.304068s. use_zarr3=False, enable_post_merge_validation=True, directory=/content/drive/MyDrive/chess_vae_checkpoints/action_value/280000.orbax-checkpoint-tmp/params.orbax-checkpoint-tmp
I0405 10:30:06.243671 138255507998272 atomicity.py:480] Renaming /content/drive/MyDrive/chess_vae_checkpoints/action_value/280000.orbax-checkpoint-tmp/params.orbax-checkpoint-tmp to /content/drive/MyDrive/chess_vae_checkpoints/action_value/280000.orbax-checkpoint-tmp/params
I0405 10:30:06.253716 138255507998272 array_metadata_store.py:367] [process=0][thread=async_save] Skipped cross-host ArrayMetadata validation because only one process is found: process_index=0.
I0405 10:30:06.388240 138255507998272 base_pytree_checkpoint_handler.py:1356] [process=0][thread=async_save] Pytree save finalize (merge_ocdbt + ArrayMetadata validation) completed. Time taken: 0.140747s. use_zarr3=False, enable_post_merge_validation=True, directory=/content/drive/MyDrive/chess_vae_checkpoints/action_value/280000.orbax-checkpoint-tmp/params_ema.orbax-checkpoint-tmp
I0405 10:30:06.403508 138255507998272 atomicity.py:480] Renaming /content/drive/MyDrive/chess_vae_checkpoints/action_value/280000.orbax-checkpoint-tmp/params_ema.orbax-checkpoint-tmp to /content/drive/MyDrive/chess_vae_checkpoints/action_value/280000.orbax-checkpoint-tmp/params_ema
I0405 10:30:06.413800 138255507998272 array_metadata_store.py:367] [process=0][thread=async_save] Skipped cross-host ArrayMetadata validation because only one process is found: process_index=0.
I0405 10:30:06.564926 138255507998272 base_pytree_checkpoint_handler.py:1356] [process=0][thread=async_save] Pytree save finalize (merge_ocdbt + ArrayMetadata validation) completed. Time taken: 0.158406s. use_zarr3=False, enable_post_merge_validation=True, directory=/content/drive/MyDrive/chess_vae_checkpoints/action_value/280000.orbax-checkpoint-tmp/opt_state.orbax-checkpoint-tmp
I0405 10:30:06.566976 138255507998272 atomicity.py:480] Renaming /content/drive/MyDrive/chess_vae_checkpoints/action_value/280000.orbax-checkpoint-tmp/opt_state.orbax-checkpoint-tmp to /content/drive/MyDrive/chess_vae_checkpoints/action_value/280000.orbax-checkpoint-tmp/opt_state
I0405 10:30:06.570001 138255507998272 atomicity.py:480] Renaming /content/drive/MyDrive/chess_vae_checkpoints/action_value/280000.orbax-checkpoint-tmp/data_iter.orbax-checkpoint-tmp to /content/drive/MyDrive/chess_vae_checkpoints/action_value/280000.orbax-checkpoint-tmp/data_iter
I0405 10:30:06.572488 138255507998272 atomicity.py:480] Renaming /content/drive/MyDrive/chess_vae_checkpoints/action_value/280000.orbax-checkpoint-tmp to /content/drive/MyDrive/chess_vae_checkpoints/action_value/280000
I0405 10:30:06.734032 138255507998272 atomicity.py:790] [process=0][thread=async_save] Finished saving checkpoint (finalized tmp dir) to `/content/drive/MyDrive/chess_vae_checkpoints/action_value/280000`.
I0405 10:30:06.734751 138255507998272 async_checkpointer.py:420] Finished async_save (blocking + background). Time taken: 2.379329s. directory=/content/drive/MyDrive/chess_vae_checkpoints/action_value/280000
I0405 10:30:06.734922 138255507998272 async_checkpointer.py:144] [process=0][thread=async_save] Background save thread done. Time taken: 1.705103s.
I0405 10:30:06.735112 138255499605568 async_checkpointer.py:273] [process=0][thread=save_finalize] Done with waiting for background save thread=async_save.
I0405 10:30:06.735211 138255499605568 async_checkpointer.py:283] [process=0][thread=save_finalize] No errors found in background save thread=async_save.
I0405 10:30:07.851105 138255499605568 deleter.py:273] Deleted step 270000.
I0405 10:30:07.851265 138255499605568 checkpoint_manager.py:2133] [process=0][thread=save_finalize][step=280000] CheckpointManager Save Finalize is syncing with other hosts...
I0405 10:30:07.852413 138255499605568 checkpoint_manager.py:2142] [process=0][thread=save_finalize][step=280000] CheckpointManager Save Finalize is done on all hosts.
I0405 10:32:52.780984 138309521183360 training.py:316] step: 281000 | loss: 0.000000 | grad_norm_unclipped: 0.000003
I0405 10:35:38.210305 138309521183360 training.py:316] step: 282000 | loss: 0.000000 | grad_norm_unclipped: 0.000016
